Component: ARM Compiler 5.05 update 1 (build 106) Tool: armlink [4d0efa]

==============================================================================

Section Cross References

    main.o(i.app_task1) refers to stm32f4xx_gpio.o(i.GPIO_ToggleBits) for GPIO_ToggleBits
    main.o(i.app_task1) refers to tasks.o(i.vTaskDelay) for vTaskDelay
    main.o(i.main) refers to led.o(i.led_init) for led_init
    main.o(i.main) refers to tasks.o(i.xTaskCreate) for xTaskCreate
    main.o(i.main) refers to tasks.o(i.vTaskStartScheduler) for vTaskStartScheduler
    main.o(i.main) refers to main.o(.data) for .data
    main.o(i.main) refers to main.o(i.app_task1) for app_task1
    led.o(i.led_init) refers to stm32f4xx_rcc.o(i.RCC_AHB1PeriphClockCmd) for RCC_AHB1PeriphClockCmd
    led.o(i.led_init) refers to stm32f4xx_gpio.o(i.GPIO_Init) for GPIO_Init
    event_groups.o(i.vEventGroupClearBitsCallback) refers to event_groups.o(i.xEventGroupClearBits) for xEventGroupClearBits
    event_groups.o(i.vEventGroupDelete) refers to tasks.o(i.vTaskSuspendAll) for vTaskSuspendAll
    event_groups.o(i.vEventGroupDelete) refers to tasks.o(i.xTaskRemoveFromUnorderedEventList) for xTaskRemoveFromUnorderedEventList
    event_groups.o(i.vEventGroupDelete) refers to heap_4.o(i.vPortFree) for vPortFree
    event_groups.o(i.vEventGroupDelete) refers to tasks.o(i.xTaskResumeAll) for xTaskResumeAll
    event_groups.o(i.vEventGroupSetBitsCallback) refers to event_groups.o(i.xEventGroupSetBits) for xEventGroupSetBits
    event_groups.o(i.xEventGroupClearBits) refers to port.o(i.vPortEnterCritical) for vPortEnterCritical
    event_groups.o(i.xEventGroupClearBits) refers to port.o(i.vPortExitCritical) for vPortExitCritical
    event_groups.o(i.xEventGroupCreate) refers to heap_4.o(i.pvPortMalloc) for pvPortMalloc
    event_groups.o(i.xEventGroupCreate) refers to list.o(i.vListInitialise) for vListInitialise
    event_groups.o(i.xEventGroupSetBits) refers to tasks.o(i.vTaskSuspendAll) for vTaskSuspendAll
    event_groups.o(i.xEventGroupSetBits) refers to tasks.o(i.xTaskRemoveFromUnorderedEventList) for xTaskRemoveFromUnorderedEventList
    event_groups.o(i.xEventGroupSetBits) refers to tasks.o(i.xTaskResumeAll) for xTaskResumeAll
    event_groups.o(i.xEventGroupSync) refers to tasks.o(i.xTaskGetSchedulerState) for xTaskGetSchedulerState
    event_groups.o(i.xEventGroupSync) refers to tasks.o(i.vTaskSuspendAll) for vTaskSuspendAll
    event_groups.o(i.xEventGroupSync) refers to event_groups.o(i.xEventGroupSetBits) for xEventGroupSetBits
    event_groups.o(i.xEventGroupSync) refers to tasks.o(i.vTaskPlaceOnUnorderedEventList) for vTaskPlaceOnUnorderedEventList
    event_groups.o(i.xEventGroupSync) refers to tasks.o(i.xTaskResumeAll) for xTaskResumeAll
    event_groups.o(i.xEventGroupSync) refers to tasks.o(i.uxTaskResetEventItemValue) for uxTaskResetEventItemValue
    event_groups.o(i.xEventGroupSync) refers to port.o(i.vPortEnterCritical) for vPortEnterCritical
    event_groups.o(i.xEventGroupSync) refers to port.o(i.vPortExitCritical) for vPortExitCritical
    event_groups.o(i.xEventGroupWaitBits) refers to tasks.o(i.xTaskGetSchedulerState) for xTaskGetSchedulerState
    event_groups.o(i.xEventGroupWaitBits) refers to tasks.o(i.vTaskSuspendAll) for vTaskSuspendAll
    event_groups.o(i.xEventGroupWaitBits) refers to event_groups.o(i.prvTestWaitCondition) for prvTestWaitCondition
    event_groups.o(i.xEventGroupWaitBits) refers to tasks.o(i.vTaskPlaceOnUnorderedEventList) for vTaskPlaceOnUnorderedEventList
    event_groups.o(i.xEventGroupWaitBits) refers to tasks.o(i.xTaskResumeAll) for xTaskResumeAll
    event_groups.o(i.xEventGroupWaitBits) refers to tasks.o(i.uxTaskResetEventItemValue) for uxTaskResetEventItemValue
    event_groups.o(i.xEventGroupWaitBits) refers to port.o(i.vPortEnterCritical) for vPortEnterCritical
    event_groups.o(i.xEventGroupWaitBits) refers to port.o(i.vPortExitCritical) for vPortExitCritical
    queue.o(i.pcQueueGetName) refers to queue.o(.bss) for .bss
    queue.o(i.prvCopyDataFromQueue) refers to rt_memcpy_v6.o(.text) for __aeabi_memcpy
    queue.o(i.prvCopyDataToQueue) refers to rt_memcpy_v6.o(.text) for __aeabi_memcpy
    queue.o(i.prvCopyDataToQueue) refers to tasks.o(i.xTaskPriorityDisinherit) for xTaskPriorityDisinherit
    queue.o(i.prvIsQueueEmpty) refers to port.o(i.vPortEnterCritical) for vPortEnterCritical
    queue.o(i.prvIsQueueEmpty) refers to port.o(i.vPortExitCritical) for vPortExitCritical
    queue.o(i.prvUnlockQueue) refers to port.o(i.vPortEnterCritical) for vPortEnterCritical
    queue.o(i.prvUnlockQueue) refers to tasks.o(i.xTaskRemoveFromEventList) for xTaskRemoveFromEventList
    queue.o(i.prvUnlockQueue) refers to tasks.o(i.vTaskMissedYield) for vTaskMissedYield
    queue.o(i.prvUnlockQueue) refers to port.o(i.vPortExitCritical) for vPortExitCritical
    queue.o(i.uxQueueMessagesWaiting) refers to port.o(i.vPortEnterCritical) for vPortEnterCritical
[...]
    libinit.o(.ARM.Collect$$libinit$$00000000) refers (Special) to libinit2.o(.ARM.Collect$$libinit$$00000001) for __rt_lib_init_fp_1
    libinit.o(.ARM.Collect$$libinit$$00000000) refers (Special) to libinit2.o(.ARM.Collect$$libinit$$0000001F) for __rt_lib_init_fp_trap_1
    libinit.o(.ARM.Collect$$libinit$$00000000) refers (Special) to libinit2.o(.ARM.Collect$$libinit$$00000023) for __rt_lib_init_getenv_1
    libinit.o(.ARM.Collect$$libinit$$00000000) refers (Special) to libinit2.o(.ARM.Collect$$libinit$$0000000A) for __rt_lib_init_heap_1
    libinit.o(.ARM.Collect$$libinit$$00000000) refers (Special) to libinit2.o(.ARM.Collect$$libinit$$00000011) for __rt_lib_init_lc_collate_1
    libinit.o(.ARM.Collect$$libinit$$00000000) refers (Special) to libinit2.o(.ARM.Collect$$libinit$$00000013) for __rt_lib_init_lc_ctype_1
    libinit.o(.ARM.Collect$$libinit$$00000000) refers (Special) to libinit2.o(.ARM.Collect$$libinit$$00000015) for __rt_lib_init_lc_monetary_1
    libinit.o(.ARM.Collect$$libinit$$00000000) refers (Special) to libinit2.o(.ARM.Collect$$libinit$$00000017) for __rt_lib_init_lc_numeric_1
    libinit.o(.ARM.Collect$$libinit$$00000000) refers (Special) to libinit2.o(.ARM.Collect$$libinit$$00000019) for __rt_lib_init_lc_time_1
    libinit.o(.ARM.Collect$$libinit$$00000000) refers (Special) to libinit2.o(.ARM.Collect$$libinit$$00000004) for __rt_lib_init_preinit_1
    libinit.o(.ARM.Collect$$libinit$$00000000) refers (Special) to libinit2.o(.ARM.Collect$$libinit$$0000000E) for __rt_lib_init_rand_1
    libinit.o(.ARM.Collect$$libinit$$00000000) refers (Special) to libinit2.o(.ARM.Collect$$libinit$$00000033) for __rt_lib_init_return
    libinit.o(.ARM.Collect$$libinit$$00000000) refers (Special) to libinit2.o(.ARM.Collect$$libinit$$0000001D) for __rt_lib_init_signal_1
    libinit.o(.ARM.Collect$$libinit$$00000000) refers (Special) to libinit2.o(.ARM.Collect$$libinit$$00000025) for __rt_lib_init_stdio_1
    libinit.o(.ARM.Collect$$libinit$$00000000) refers (Special) to libinit2.o(.ARM.Collect$$libinit$$0000000C) for __rt_lib_init_user_alloc_1
    libspace.o(.text) refers to libspace.o(.bss) for __libspace_start
    rtexit.o(.ARM.Collect$$rtexit$$00000000) refers (Special) to rtexit2.o(.ARM.Collect$$rtexit$$00000004) for __rt_exit_exit
    rtexit.o(.ARM.Collect$$rtexit$$00000000) refers (Special) to rtexit2.o(.ARM.Collect$$rtexit$$00000003) for __rt_exit_ls
    rtexit.o(.ARM.Collect$$rtexit$$00000000) refers (Special) to rtexit2.o(.ARM.Collect$$rtexit$$00000002) for __rt_exit_prels_1
    rtexit.o(.ARM.exidx) refers (Special) to rtexit2.o(.ARM.Collect$$rtexit$$00000004) for __rt_exit_exit
    rtexit.o(.ARM.exidx) refers (Special) to rtexit2.o(.ARM.Collect$$rtexit$$00000003) for __rt_exit_ls
    rtexit.o(.ARM.exidx) refers (Special) to rtexit2.o(.ARM.Collect$$rtexit$$00000002) for __rt_exit_prels_1
    rtexit.o(.ARM.exidx) refers to rtexit.o(.ARM.Collect$$rtexit$$00000000) for .ARM.Collect$$rtexit$$00000000
    libinit2.o(.ARM.Collect$$libinit$$00000001) refers to fpinit.o(x$fpl$fpinit) for _fp_init
    libinit2.o(.ARM.Collect$$libinit$$00000010) refers to libinit2.o(.ARM.Collect$$libinit$$0000000F) for .ARM.Collect$$libinit$$0000000F
    libinit2.o(.ARM.Collect$$libinit$$00000012) refers to libinit2.o(.ARM.Collect$$libinit$$0000000F) for .ARM.Collect$$libinit$$0000000F
    libinit2.o(.ARM.Collect$$libinit$$00000014) refers to libinit2.o(.ARM.Collect$$libinit$$0000000F) for .ARM.Collect$$libinit$$0000000F
    libinit2.o(.ARM.Collect$$libinit$$00000016) refers to libinit2.o(.ARM.Collect$$libinit$$0000000F) for .ARM.Collect$$libinit$$0000000F
    libinit2.o(.ARM.Collect$$libinit$$00000018) refers to libinit2.o(.ARM.Collect$$libinit$$0000000F) for .ARM.Collect$$libinit$$0000000F
    libinit2.o(.ARM.Collect$$libinit$$00000026) refers to argv_veneer.o(.emb_text) for __ARM_argv_veneer
    libinit2.o(.ARM.Collect$$libinit$$00000027) refers to argv_veneer.o(.emb_text) for __ARM_argv_veneer
    rtexit2.o(.ARM.Collect$$rtexit$$00000003) refers to libshutdown.o(.ARM.Collect$$libshutdown$$00000000) for __rt_lib_shutdown
    rtexit2.o(.ARM.Collect$$rtexit$$00000004) refers to sys_exit.o(.text) for _sys_exit
    rtexit2.o(.ARM.exidx) refers to rtexit2.o(.ARM.Collect$$rtexit$$00000001) for .ARM.Collect$$rtexit$$00000001
    rtexit2.o(.ARM.exidx) refers to rtexit2.o(.ARM.Collect$$rtexit$$00000003) for .ARM.Collect$$rtexit$$00000003
    rtexit2.o(.ARM.exidx) refers to rtexit2.o(.ARM.Collect$$rtexit$$00000004) for .ARM.Collect$$rtexit$$00000004
    argv_veneer.o(.emb_text) refers to no_argv.o(.text) for __ARM_get_argv
    sys_exit.o(.text) refers (Special) to use_no_semi.o(.text) for __I$use$semihosting
    sys_exit.o(.text) refers (Special) to indicate_semi.o(.text) for __semihosting_library_function
    _get_argv_nomalloc.o(.text) refers (Special) to hrguard.o(.text) for __heap_region$guard
    _get_argv_nomalloc.o(.text) refers to defsig_rtmem_outer.o(.text) for __rt_SIGRTMEM
    _get_argv_nomalloc.o(.text) refers to sys_command.o(.text) for _sys_command_string
    libshutdown.o(.ARM.Collect$$libshutdown$$00000000) refers (Special) to libshutdown2.o(.ARM.Collect$$libshutdown$$00000006) for __rt_lib_shutdown_fp_trap_1
    libshutdown.o(.ARM.Collect$$libshutdown$$00000000) refers (Special) to libshutdown2.o(.ARM.Collect$$libshutdown$$0000000E) for __rt_lib_shutdown_heap_1
    libshutdown.o(.ARM.Collect$$libshutdown$$00000000) refers (Special) to libshutdown2.o(.ARM.Collect$$libshutdown$$0000000F) for __rt_lib_shutdown_return
    libshutdown.o(.ARM.Collect$$libshutdown$$00000000) refers (Special) to libshutdown2.o(.ARM.Collect$$libshutdown$$00000009) for __rt_lib_shutdown_signal_1
    libshutdown.o(.ARM.Collect$$libshutdown$$00000000) refers (Special) to libshutdown2.o(.ARM.Collect$$libshutdown$$00000003) for __rt_lib_shutdown_stdio_1
    libshutdown.o(.ARM.Collect$$libshutdown$$00000000) refers (Special) to libshutdown2.o(.ARM.Collect$$libshutdown$$0000000B) for __rt_lib_shutdown_user_alloc_1
    sys_command.o(.text) refers (Special) to use_no_semi.o(.text) for __I$use$semihosting
    sys_command.o(.text) refers (Special) to indicate_semi.o(.text) for __semihosting_library_function
    defsig_rtmem_outer.o(.text) refers to defsig_rtmem_inner.o(.text) for __rt_SIGRTMEM_inner
    defsig_rtmem_outer.o(.text) refers to defsig_exit.o(.text) for __sig_exit
    defsig_rtmem_formal.o(.text) refers to rt_raise.o(.text) for __rt_raise
    rt_raise.o(.text) refers to __raise.o(.text) for __raise
    rt_raise.o(.text) refers to sys_exit.o(.text) for _sys_exit
    defsig_exit.o(.text) refers to sys_exit.o(.text) for _sys_exit
    defsig_rtmem_inner.o(.text) refers to defsig_general.o(.text) for __default_signal_display
    __raise.o(.text) refers to defsig.o(CL$$defsig) for __default_signal_handler
    defsig_general.o(.text) refers to sys_wrch.o(.text) for _ttywrch
    sys_wrch.o(.text) refers (Special) to use_no_semi.o(.text) for __I$use$semihosting
    sys_wrch.o(.text) refers (Special) to indicate_semi.o(.text) for __semihosting_library_function
    defsig.o(CL$$defsig) refers to defsig_rtmem_inner.o(.text) for __rt_SIGRTMEM_inner
    defsig_abrt_inner.o(.text) refers to defsig_general.o(.text) for __default_signal_display
    defsig_fpe_inner.o(.text) refers to defsig_general.o(.text) for __default_signal_display
    defsig_rtred_inner.o(.text) refers to defsig_general.o(.text) for __default_signal_display
    defsig_stak_inner.o(.text) refers to defsig_general.o(.text) for __default_signal_display
    defsig_pvfn_inner.o(.text) refers to defsig_general.o(.text) for __default_signal_display
    defsig_cppl_inner.o(.text) refers to defsig_general.o(.text) for __default_signal_display
    defsig_segv_inner.o(.text) refers to defsig_general.o(.text) for __default_signal_display
    defsig_other.o(.text) refers to defsig_general.o(.text) for __default_signal_display


==============================================================================

Removing Unused input sections from the image.

    Removing main.o(.rev16_text), (4 bytes).
    Removing main.o(.revsh_text), (4 bytes).
    Removing main.o(.rrx_text), (6 bytes).
    Removing led.o(.rev16_text), (4 bytes).
    Removing led.o(.revsh_text), (4 bytes).
    Removing led.o(.rrx_text), (6 bytes).
    Removing event_groups.o(i.prvTestWaitCondition), (20 bytes).
    Removing event_groups.o(i.uxEventGroupGetNumber), (8 bytes).
    Removing event_groups.o(i.vEventGroupClearBitsCallback), (4 bytes).
    Removing event_groups.o(i.vEventGroupDelete), (70 bytes).
    Removing event_groups.o(i.vEventGroupSetBitsCallback), (4 bytes).
    Removing event_groups.o(i.xEventGroupClearBits), (64 bytes).
    Removing event_groups.o(i.xEventGroupCreate), (26 bytes).
    Removing event_groups.o(i.xEventGroupGetBitsFromISR), (26 bytes).
    Removing event_groups.o(i.xEventGroupSetBits), (140 bytes).
    Removing event_groups.o(i.xEventGroupSync), (200 bytes).
    Removing event_groups.o(i.xEventGroupWaitBits), (264 bytes).
    Removing queue.o(i.pcQueueGetName), (40 bytes).
    Removing queue.o(i.ucQueueGetQueueType), (6 bytes).
    Removing queue.o(i.uxQueueGetQueueNumber), (4 bytes).
    Removing queue.o(i.uxQueueMessagesWaiting), (36 bytes).
    Removing queue.o(i.uxQueueMessagesWaitingFromISR), (22 bytes).
    Removing queue.o(i.uxQueueSpacesAvailable), (40 bytes).
    Removing queue.o(i.vQueueDelete), (36 bytes).
    Removing queue.o(i.vQueueSetQueueNumber), (4 bytes).
    Removing queue.o(i.vQueueUnregisterQueue), (40 bytes).
    Removing queue.o(i.xQueueCreateCountingSemaphore), (58 bytes).
    Removing queue.o(i.xQueueCreateMutex), (36 bytes).
    Removing queue.o(i.xQueueGiveFromISR), (156 bytes).
    Removing queue.o(i.xQueueGiveMutexRecursive), (62 bytes).
    Removing queue.o(i.xQueueIsQueueEmptyFromISR), (30 bytes).
    Removing queue.o(i.xQueueIsQueueFullFromISR), (34 bytes).
    Removing queue.o(i.xQueuePeekFromISR), (116 bytes).
    Removing queue.o(i.xQueueReceiveFromISR), (154 bytes).
    Removing queue.o(i.xQueueTakeMutexRecursive), (68 bytes).
    Removing tasks.o(i.eTaskGetState), (104 bytes).
    Removing tasks.o(i.pcTaskGetName), (32 bytes).
    Removing tasks.o(i.prvListTasksWithinSingleList), (86 bytes).
    Removing tasks.o(i.prvTaskIsTaskSuspended), (52 bytes).
    Removing tasks.o(i.ulTaskNotifyTake), (104 bytes).
    Removing tasks.o(i.uxTaskGetNumberOfTasks), (12 bytes).
    Removing tasks.o(i.uxTaskGetSystemState), (168 bytes).
    Removing tasks.o(i.uxTaskGetTaskNumber), (8 bytes).
    Removing tasks.o(i.uxTaskPriorityGet), (28 bytes).
    Removing tasks.o(i.uxTaskPriorityGetFromISR), (44 bytes).
    Removing tasks.o(i.uxTaskResetEventItemValue), (24 bytes).
    Removing tasks.o(i.vTaskDelayUntil), (144 bytes).
    Removing tasks.o(i.vTaskDelete), (172 bytes).
    Removing tasks.o(i.vTaskEndScheduler), (28 bytes).
    Removing tasks.o(i.vTaskGetInfo), (132 bytes).
    Removing tasks.o(i.vTaskNotifyGiveFromISR), (184 bytes).
    Removing tasks.o(i.vTaskPlaceOnUnorderedEventList), (76 bytes).
    Removing tasks.o(i.vTaskPrioritySet), (196 bytes).
    Removing tasks.o(i.vTaskResume), (124 bytes).
    Removing tasks.o(i.vTaskSetTaskNumber), (8 bytes).
    Removing tasks.o(i.vTaskSuspend), (176 bytes).
    Removing tasks.o(i.xTaskGenericNotify), (204 bytes).
    Removing tasks.o(i.xTaskGenericNotifyFromISR), (240 bytes).
    Removing tasks.o(i.xTaskGetCurrentTaskHandle), (12 bytes).
    Removing tasks.o(i.xTaskGetTickCountFromISR), (16 bytes).
    Removing tasks.o(i.xTaskNotifyStateClear), (48 bytes).
    Removing tasks.o(i.xTaskNotifyWait), (140 bytes).
    Removing tasks.o(i.xTaskRemoveFromUnorderedEventList), (120 bytes).
    Removing tasks.o(i.xTaskResumeFromISR), (136 bytes).
    Removing timers.o(i.pcTimerGetName), (22 bytes).
    Removing timers.o(i.pvTimerGetTimerID), (36 bytes).
    Removing timers.o(i.vTimerSetTimerID), (38 bytes).
    Removing timers.o(i.xTimerCreate), (78 bytes).
    Removing timers.o(i.xTimerGetExpiryTime), (22 bytes).
    Removing timers.o(i.xTimerGetPeriod), (22 bytes).
    Removing timers.o(i.xTimerGetTimerDaemonTaskHandle), (32 bytes).
    Removing timers.o(i.xTimerIsTimerActive), (44 bytes).
    Removing port.o(i.vPortEndScheduler), (32 bytes).
    Removing heap_4.o(i.vPortInitialiseBlocks), (2 bytes).
    Removing heap_4.o(i.xPortGetFreeHeapSize), (12 bytes).
    Removing heap_4.o(i.xPortGetMinimumEverFreeHeapSize), (12 bytes).
    Removing misc.o(.rev16_text), (4 bytes).
    Removing misc.o(.revsh_text), (4 bytes).
    Removing misc.o(.rrx_text), (6 bytes).
    Removing misc.o(i.NVIC_Init), (100 bytes).
    Removing misc.o(i.NVIC_PriorityGroupConfig), (20 bytes).
    Removing misc.o(i.NVIC_SetVectorTable), (20 bytes).
    Removing misc.o(i.NVIC_SystemLPConfig), (24 bytes).
    Removing misc.o(i.SysTick_CLKSourceConfig), (24 bytes).
    Removing stm32f4xx_gpio.o(.rev16_text), (4 bytes).
    Removing stm32f4xx_gpio.o(.revsh_text), (4 bytes).
    Removing stm32f4xx_gpio.o(.rrx_text), (6 bytes).
    Removing stm32f4xx_gpio.o(i.GPIO_DeInit), (260 bytes).
    Removing stm32f4xx_gpio.o(i.GPIO_PinAFConfig), (32 bytes).
    Removing stm32f4xx_gpio.o(i.GPIO_PinLockConfig), (24 bytes).
    Removing stm32f4xx_gpio.o(i.GPIO_ReadInputData), (6 bytes).
    Removing stm32f4xx_gpio.o(i.GPIO_ReadInputDataBit), (14 bytes).
    Removing stm32f4xx_gpio.o(i.GPIO_ReadOutputData), (6 bytes).
    Removing stm32f4xx_gpio.o(i.GPIO_ReadOutputDataBit), (14 bytes).
    Removing stm32f4xx_gpio.o(i.GPIO_ResetBits), (4 bytes).
    Removing stm32f4xx_gpio.o(i.GPIO_SetBits), (4 bytes).
    Removing stm32f4xx_gpio.o(i.GPIO_StructInit), (18 bytes).
    Removing stm32f4xx_gpio.o(i.GPIO_Write), (4 bytes).
    Removing stm32f4xx_gpio.o(i.GPIO_WriteBit), (10 bytes).
    Removing stm32f4xx_rcc.o(.rev16_text), (4 bytes).
    Removing stm32f4xx_rcc.o(.revsh_text), (4 bytes).
    Removing stm32f4xx_rcc.o(.rrx_text), (6 bytes).
    Removing stm32f4xx_rcc.o(i.RCC_AHB1PeriphClockLPModeCmd), (24 bytes).
    Removing stm32f4xx_rcc.o(i.RCC_AHB1PeriphResetCmd), (24 bytes).
    Removing stm32f4xx_rcc.o(i.RCC_AHB2PeriphClockCmd), (24 bytes).
    Removing stm32f4xx_rcc.o(i.RCC_AHB2PeriphClockLPModeCmd), (24 bytes).
    Removing stm32f4xx_rcc.o(i.RCC_AHB2PeriphResetCmd), (24 bytes).
    Removing stm32f4xx_rcc.o(i.RCC_AHB3PeriphClockCmd), (24 bytes).
    Removing stm32f4xx_rcc.o(i.RCC_AHB3PeriphClockLPModeCmd), (24 bytes).
    Removing stm32f4xx_rcc.o(i.RCC_AHB3PeriphResetCmd), (24 bytes).
    Removing stm32f4xx_rcc.o(i.RCC_APB1PeriphClockCmd), (24 bytes).
    Removing stm32f4xx_rcc.o(i.RCC_APB1PeriphClockLPModeCmd), (24 bytes).
    Removing stm32f4xx_rcc.o(i.RCC_APB1PeriphResetCmd), (24 bytes).
    Removing stm32f4xx_rcc.o(i.RCC_APB2PeriphClockCmd), (24 bytes).
    Removing stm32f4xx_rcc.o(i.RCC_APB2PeriphClockLPModeCmd), (24 bytes).
    Removing stm32f4xx_rcc.o(i.RCC_APB2PeriphResetCmd), (24 bytes).
    Removing stm32f4xx_rcc.o(i.RCC_AdjustHSICalibrationValue), (20 bytes).
    Removing stm32f4xx_rcc.o(i.RCC_BackupResetCmd), (12 bytes).
    Removing stm32f4xx_rcc.o(i.RCC_ClearFlag), (16 bytes).
    Removing stm32f4xx_rcc.o(i.RCC_ClearITPendingBit), (12 bytes).
    Removing stm32f4xx_rcc.o(i.RCC_ClockSecuritySystemCmd), (12 bytes).
    Removing stm32f4xx_rcc.o(i.RCC_DeInit), (84 bytes).
    Removing stm32f4xx_rcc.o(i.RCC_GetClocksFreq), (144 bytes).
    Removing stm32f4xx_rcc.o(i.RCC_GetFlagStatus), (52 bytes).
    Removing stm32f4xx_rcc.o(i.RCC_GetITStatus), (20 bytes).
    Removing stm32f4xx_rcc.o(i.RCC_GetSYSCLKSource), (16 bytes).
    Removing stm32f4xx_rcc.o(i.RCC_HCLKConfig), (20 bytes).
    Removing stm32f4xx_rcc.o(i.RCC_HSEConfig), (16 bytes).
    Removing stm32f4xx_rcc.o(i.RCC_HSICmd), (12 bytes).
    Removing stm32f4xx_rcc.o(i.RCC_I2SCLKConfig), (12 bytes).
    Removing stm32f4xx_rcc.o(i.RCC_ITConfig), (24 bytes).
    Removing stm32f4xx_rcc.o(i.RCC_LSEConfig), (28 bytes).
    Removing stm32f4xx_rcc.o(i.RCC_LSICmd), (12 bytes).
    Removing stm32f4xx_rcc.o(i.RCC_LTDCCLKDivConfig), (20 bytes).
    Removing stm32f4xx_rcc.o(i.RCC_MCO1Config), (20 bytes).
    Removing stm32f4xx_rcc.o(i.RCC_MCO2Config), (20 bytes).
    Removing stm32f4xx_rcc.o(i.RCC_PCLK1Config), (20 bytes).
    Removing stm32f4xx_rcc.o(i.RCC_PCLK2Config), (20 bytes).
    Removing stm32f4xx_rcc.o(i.RCC_PLLCmd), (12 bytes).
    Removing stm32f4xx_rcc.o(i.RCC_PLLConfig), (40 bytes).
    Removing stm32f4xx_rcc.o(i.RCC_PLLI2SCmd), (12 bytes).
    Removing stm32f4xx_rcc.o(i.RCC_PLLI2SConfig), (16 bytes).
    Removing stm32f4xx_rcc.o(i.RCC_PLLSAICmd), (12 bytes).
    Removing stm32f4xx_rcc.o(i.RCC_PLLSAIConfig), (20 bytes).
    Removing stm32f4xx_rcc.o(i.RCC_RTCCLKCmd), (12 bytes).
    Removing stm32f4xx_rcc.o(i.RCC_RTCCLKConfig), (48 bytes).
    Removing stm32f4xx_rcc.o(i.RCC_SAIBlockACLKConfig), (20 bytes).
    Removing stm32f4xx_rcc.o(i.RCC_SAIBlockBCLKConfig), (20 bytes).
    Removing stm32f4xx_rcc.o(i.RCC_SAIPLLI2SClkDivConfig), (20 bytes).
    Removing stm32f4xx_rcc.o(i.RCC_SAIPLLSAIClkDivConfig), (28 bytes).
    Removing stm32f4xx_rcc.o(i.RCC_SYSCLKConfig), (20 bytes).
    Removing stm32f4xx_rcc.o(i.RCC_TIMCLKPresConfig), (12 bytes).
    Removing stm32f4xx_rcc.o(i.RCC_WaitForHSEStartUp), (44 bytes).
    Removing stm32f4xx_rcc.o(.data), (16 bytes).
    Removing system_stm32f4xx.o(.rev16_text), (4 bytes).
    Removing system_stm32f4xx.o(.revsh_text), (4 bytes).
    Removing system_stm32f4xx.o(.rrx_text), (6 bytes).
    Removing system_stm32f4xx.o(i.SystemCoreClockUpdate), (120 bytes).

158 unused section(s) (total 7026 bytes) removed from the image.

==============================================================================

Image Symbol Table

    Local Symbols

    Symbol Name                              Value     Ov Type        Size  Object(Section)

    ../clib/angel/boardlib.s                 0x00000000   Number         0  boardinit1.o ABSOLUTE
    ../clib/angel/boardlib.s                 0x00000000   Number         0  boardinit2.o ABSOLUTE
    ../clib/angel/boardlib.s                 0x00000000   Number         0  boardinit3.o ABSOLUTE
    ../clib/angel/boardlib.s                 0x00000000   Number         0  boardshut.o ABSOLUTE
    ../clib/angel/handlers.s                 0x00000000   Number         0  __scatter_copy.o ABSOLUTE
    ../clib/angel/handlers.s                 0x00000000   Number         0  __scatter_zi.o ABSOLUTE
    ../clib/angel/kernel.s                   0x00000000   Number         0  __rtentry2.o ABSOLUTE
    ../clib/angel/kernel.s                   0x00000000   Number         0  __rtentry.o ABSOLUTE
    ../clib/angel/kernel.s                   0x00000000   Number         0  rtexit.o ABSOLUTE
    ../clib/angel/kernel.s                   0x00000000   Number         0  rtexit2.o ABSOLUTE
    ../clib/angel/kernel.s                   0x00000000   Number         0  __rtentry4.o ABSOLUTE
    ../clib/angel/rt.s                       0x00000000   Number         0  rt_raise.o ABSOLUTE
    ../clib/angel/scatter.s                  0x00000000   Number         0  __scatter.o ABSOLUTE
    ../clib/angel/startup.s                  0x00000000   Number         0  __main.o ABSOLUTE
    ../clib/angel/sys.s                      0x00000000   Number         0  libspace.o ABSOLUTE
    ../clib/angel/sys.s                      0x00000000   Number         0  sys_stackheap_outer.o ABSOLUTE
    ../clib/angel/sys.s                      0x00000000   Number         0  indicate_semi.o ABSOLUTE
    ../clib/angel/sys.s                      0x00000000   Number         0  use_no_semi.o ABSOLUTE
    ../clib/angel/sysapp.c                   0x00000000   Number         0  sys_exit.o ABSOLUTE
    ../clib/angel/sysapp.c                   0x00000000   Number         0  sys_command.o ABSOLUTE
    ../clib/angel/sysapp.c                   0x00000000   Number         0  sys_wrch.o ABSOLUTE
    ../clib/armsys.c                         0x00000000   Number         0  no_argv.o ABSOLUTE
    ../clib/armsys.c                         0x00000000   Number         0  argv_veneer.o ABSOLUTE
    ../clib/armsys.c                         0x00000000   Number         0  argv_veneer.o ABSOLUTE
    ../clib/armsys.c                         0x00000000   Number         0  _get_argv_nomalloc.o ABSOLUTE
    ../clib/heapalloc.c                      0x00000000   Number         0  hrguard.o ABSOLUTE
    ../clib/heapaux.c                        0x00000000   Number         0  heapauxi.o ABSOLUTE
    ../clib/libinit.s                        0x00000000   Number         0  libshutdown.o ABSOLUTE
    ../clib/libinit.s                        0x00000000   Number         0  libinit.o ABSOLUTE
    ../clib/libinit.s                        0x00000000   Number         0  libinit2.o ABSOLUTE
    ../clib/libinit.s                        0x00000000   Number         0  libshutdown2.o ABSOLUTE
    ../clib/memcpset.s                       0x00000000   Number         0  rt_memclr_w.o ABSOLUTE
    ../clib/memcpset.s                       0x00000000   Number         0  rt_memclr.o ABSOLUTE
    ../clib/memcpset.s                       0x00000000   Number         0  rt_memcpy_w.o ABSOLUTE
    ../clib/memcpset.s                       0x00000000   Number         0  aeabi_memset.o ABSOLUTE
    ../clib/memcpset.s                       0x00000000   Number         0  rt_memcpy_v6.o ABSOLUTE
    ../clib/signal.c                         0x00000000   Number         0  defsig_rtmem_inner.o ABSOLUTE
    ../clib/signal.c                         0x00000000   Number         0  __raise.o ABSOLUTE
    ../clib/signal.c                         0x00000000   Number         0  defsig_general.o ABSOLUTE
    ../clib/signal.c                         0x00000000   Number         0  defsig_rtmem_formal.o ABSOLUTE
    ../clib/signal.c                         0x00000000   Number         0  defsig_rtmem_outer.o ABSOLUTE
    ../clib/signal.c                         0x00000000   Number         0  defsig_abrt_inner.o ABSOLUTE
    ../clib/signal.c                         0x00000000   Number         0  defsig_fpe_inner.o ABSOLUTE
    ../clib/signal.c                         0x00000000   Number         0  defsig_pvfn_inner.o ABSOLUTE
    ../clib/signal.c                         0x00000000   Number         0  defsig_cppl_inner.o ABSOLUTE
    ../clib/signal.c                         0x00000000   Number         0  defsig_rtred_inner.o ABSOLUTE
    ../clib/signal.c                         0x00000000   Number         0  defsig_stak_inner.o ABSOLUTE
    ../clib/signal.c                         0x00000000   Number         0  defsig_exit.o ABSOLUTE
    ../clib/signal.c                         0x00000000   Number         0  defsig_other.o ABSOLUTE
    ../clib/signal.c                         0x00000000   Number         0  defsig_segv_inner.o ABSOLUTE
    ../clib/signal.s                         0x00000000   Number         0  defsig.o ABSOLUTE
    ../clib/stdlib.c                         0x00000000   Number         0  exit.o ABSOLUTE
    ../fplib/fpinit.s                        0x00000000   Number         0  fpinit.o ABSOLUTE
    D:\\develop\\Keil\\ARM\\PACK\\Keil\\STM32F4xx_DFP\\1.0.8\\Device\\StdPeriph_Driver\\src\\misc.c 0x00000000   Number         0  misc.o ABSOLUTE
    D:\\develop\\Keil\\ARM\\PACK\\Keil\\STM32F4xx_DFP\\1.0.8\\Device\\StdPeriph_Driver\\src\\stm32f4xx_gpio.c 0x00000000   Number         0  stm32f4xx_gpio.o ABSOLUTE
    D:\\develop\\Keil\\ARM\\PACK\\Keil\\STM32F4xx_DFP\\1.0.8\\Device\\StdPeriph_Driver\\src\\stm32f4xx_rcc.c 0x00000000   Number         0  stm32f4xx_rcc.o ABSOLUTE
    D:\develop\Keil\ARM\PACK\Keil\STM32F4xx_DFP\1.0.8\Device\StdPeriph_Driver\src\misc.c 0x00000000   Number         0  misc.o ABSOLUTE
    D:\develop\Keil\ARM\PACK\Keil\STM32F4xx_DFP\1.0.8\Device\StdPeriph_Driver\src\stm32f4xx_gpio.c 0x00000000   Number         0  stm32f4xx_gpio.o ABSOLUTE
    D:\develop\Keil\ARM\PACK\Keil\STM32F4xx_DFP\1.0.8\Device\StdPeriph_Driver\src\stm32f4xx_rcc.c 0x00000000   Number         0  stm32f4xx_rcc.o ABSOLUTE
    FUNC\\led.c                              0x00000000   Number         0  led.o ABSOLUTE
    FUNC\led.c                               0x00000000   Number         0  led.o ABSOLUTE
    FreeRTOS\\portable\\RVDS\\ARM_CM4F\\port.c 0x00000000   Number         0  port.o ABSOLUTE
    FreeRTOS\croutine.c                      0x00000000   Number         0  croutine.o ABSOLUTE
    FreeRTOS\event_groups.c                  0x00000000   Number         0  event_groups.o ABSOLUTE
    FreeRTOS\list.c                          0x00000000   Number         0  list.o ABSOLUTE
    FreeRTOS\portable\MemMang\heap_4.c       0x00000000   Number         0  heap_4.o ABSOLUTE
    FreeRTOS\portable\RVDS\ARM_CM4F\port.c   0x00000000   Number         0  port.o ABSOLUTE
    FreeRTOS\queue.c                         0x00000000   Number         0  queue.o ABSOLUTE
    FreeRTOS\tasks.c                         0x00000000   Number         0  tasks.o ABSOLUTE
    FreeRTOS\timers.c                        0x00000000   Number         0  timers.o ABSOLUTE
    RTE\Device\STM32F407ZE\startup_stm32f40_41xxx.s 0x00000000   Number         0  startup_stm32f40_41xxx.o ABSOLUTE
    RTE\Device\STM32F407ZE\system_stm32f4xx.c 0x00000000   Number         0  system_stm32f4xx.o ABSOLUTE
    RTE\\Device\\STM32F407ZE\\system_stm32f4xx.c 0x00000000   Number         0  system_stm32f4xx.o ABSOLUTE
    USER\\main.c                             0x00000000   Number         0  main.o ABSOLUTE
    USER\main.c                              0x00000000   Number         0  main.o ABSOLUTE
    dc.s                                     0x00000000   Number         0  dc.o ABSOLUTE
    RESET                                    0x08020000   Section      392  startup_stm32f40_41xxx.o(RESET)
    !!!main                                  0x08020188   Section        8  __main.o(!!!main)
    !!!scatter                               0x08020190   Section       52  __scatter.o(!!!scatter)
    !!handler_copy                           0x080201c4   Section       26  __scatter_copy.o(!!handler_copy)
    !!handler_zi                             0x080201e0   Section       28  __scatter_zi.o(!!handler_zi)
    .ARM.Collect$$libinit$$00000000          0x080201fc   Section        2  libinit.o(.ARM.Collect$$libinit$$00000000)
    .ARM.Collect$$libinit$$00000001          0x080201fe   Section        4  libinit2.o(.ARM.Collect$$libinit$$00000001)
    .ARM.Collect$$libinit$$00000004          0x08020202   Section        0  libinit2.o(.ARM.Collect$$libinit$$00000004)
    .ARM.Collect$$libinit$$0000000A          0x08020202   Section        0  libinit2.o(.ARM.Collect$$libinit$$0000000A)
    .ARM.Collect$$libinit$$0000000C          0x08020202   Section        0  libinit2.o(.ARM.Collect$$libinit$$0000000C)
    .ARM.Collect$$libinit$$0000000E          0x08020202   Section        0  libinit2.o(.ARM.Collect$$libinit$$0000000E)
    .ARM.Collect$$libinit$$00000011          0x08020202   Section        0  libinit2.o(.ARM.Collect$$libinit$$00000011)
    .ARM.Collect$$libinit$$00000013          0x08020202   Section        0  libinit2.o(.ARM.Collect$$libinit$$00000013)
    .ARM.Collect$$libinit$$00000015          0x08020202   Section        0  libinit2.o(.ARM.Collect$$libinit$$00000015)
    .ARM.Collect$$libinit$$00000017          0x08020202   Section        0  libinit2.o(.ARM.Collect$$libinit$$00000017)
    .ARM.Collect$$libinit$$00000019          0x08020202   Section        0  libinit2.o(.ARM.Collect$$libinit$$00000019)
    .ARM.Collect$$libinit$$0000001B          0x08020202   Section        0  libinit2.o(.ARM.Collect$$libinit$$0000001B)
    .ARM.Collect$$libinit$$0000001D          0x08020202   Section        0  libinit2.o(.ARM.Collect$$libinit$$0000001D)
    .ARM.Collect$$libinit$$0000001F          0x08020202   Section        0  libinit2.o(.ARM.Collect$$libinit$$0000001F)
    .ARM.Collect$$libinit$$00000021          0x08020202   Section        0  libinit2.o(.ARM.Collect$$libinit$$00000021)
    .ARM.Collect$$libinit$$00000023          0x08020202   Section        0  libinit2.o(.ARM.Collect$$libinit$$00000023)
    .ARM.Collect$$libinit$$00000025          0x08020202   Section        0  libinit2.o(.ARM.Collect$$libinit$$00000025)
    .ARM.Collect$$libinit$$0000002C          0x08020202   Section        0  libinit2.o(.ARM.Collect$$libinit$$0000002C)
    .ARM.Collect$$libinit$$0000002E          0x08020202   Section        0  libinit2.o(.ARM.Collect$$libinit$$0000002E)
    .ARM.Collect$$libinit$$00000030          0x08020202   Section        0  libinit2.o(.ARM.Collect$$libinit$$00000030)
    .ARM.Collect$$libinit$$00000032          0x08020202   Section        0  libinit2.o(.ARM.Collect$$libinit$$00000032)
    .ARM.Collect$$libinit$$00000033          0x08020202   Section        2  libinit2.o(.ARM.Collect$$libinit$$00000033)
    .ARM.Collect$$libshutdown$$00000000      0x08020204   Section        2  libshutdown.o(.ARM.Collect$$libshutdown$$00000000)
    .ARM.Collect$$libshutdown$$00000003      0x08020206   Section        0  libshutdown2.o(.ARM.Collect$$libshutdown$$00000003)
    .ARM.Collect$$libshutdown$$00000006      0x08020206   Section        0  libshutdown2.o(.ARM.Collect$$libshutdown$$00000006)
    .ARM.Collect$$libshutdown$$00000009      0x08020206   Section        0  libshutdown2.o(.ARM.Collect$$libshutdown$$00000009)
    .ARM.Collect$$libshutdown$$0000000B      0x08020206   Section        0  libshutdown2.o(.ARM.Collect$$libshutdown$$0000000B)
    .ARM.Collect$$libshutdown$$0000000E      0x08020206   Section        0  libshutdown2.o(.ARM.Collect$$libshutdown$$0000000E)
    .ARM.Collect$$libshutdown$$0000000F      0x08020206   Section        2  libshutdown2.o(.ARM.Collect$$libshutdown$$0000000F)
    .ARM.Collect$$rtentry$$00000000          0x08020208   Section        0  __rtentry.o(.ARM.Collect$$rtentry$$00000000)
    .ARM.Collect$$rtentry$$00000002          0x08020208   Section        0  __rtentry2.o(.ARM.Collect$$rtentry$$00000002)
    .ARM.Collect$$rtentry$$00000004          0x08020208   Section        6  __rtentry4.o(.ARM.Collect$$rtentry$$00000004)
    .ARM.Collect$$rtentry$$00000009          0x0802020e   Section        0  __rtentry2.o(.ARM.Collect$$rtentry$$00000009)
    .ARM.Collect$$rtentry$$0000000A          0x0802020e   Section        4  __rtentry2.o(.ARM.Collect$$rtentry$$0000000A)
    .ARM.Collect$$rtentry$$0000000C          0x08020212   Section        0  __rtentry2.o(.ARM.Collect$$rtentry$$0000000C)
    .ARM.Collect$$rtentry$$0000000D          0x08020212   Section        8  __rtentry2.o(.ARM.Collect$$rtentry$$0000000D)
    .ARM.Collect$$rtexit$$00000000           0x0802021a   Section        2  rtexit.o(.ARM.Collect$$rtexit$$00000000)
    .ARM.Collect$$rtexit$$00000002           0x0802021c   Section        0  rtexit2.o(.ARM.Collect$$rtexit$$00000002)
    .ARM.Collect$$rtexit$$00000003           0x0802021c   Section        4  rtexit2.o(.ARM.Collect$$rtexit$$00000003)
    .ARM.Collect$$rtexit$$00000004           0x08020220   Section        6  rtexit2.o(.ARM.Collect$$rtexit$$00000004)
    .emb_text                                0x08020228   Section      182  port.o(.emb_text)
    $v0                                      0x08020228   Number         0  port.o(.emb_text)
    .text                                    0x080202e0   Section       64  startup_stm32f40_41xxx.o(.text)
    $v0                                      0x080202e0   Number         0  startup_stm32f40_41xxx.o(.text)
    .text                                    0x08020320   Section      138  rt_memcpy_v6.o(.text)
    .text                                    0x080203aa   Section       16  aeabi_memset.o(.text)
    .text                                    0x080203ba   Section        0  heapauxi.o(.text)
    .text                                    0x080203c0   Section      100  rt_memcpy_w.o(.text)
    .text                                    0x08020424   Section       68  rt_memclr.o(.text)
    .text                                    0x08020468   Section       78  rt_memclr_w.o(.text)
    .text                                    0x080204b6   Section       74  sys_stackheap_outer.o(.text)
    .text                                    0x08020500   Section        0  exit.o(.text)
    .text                                    0x0802050c   Section        8  libspace.o(.text)
    .text                                    0x08020514   Section        0  sys_exit.o(.text)
    .text                                    0x08020520   Section        2  use_no_semi.o(.text)
    .text                                    0x08020522   Section        0  indicate_semi.o(.text)
    i.GPIO_Init                              0x08020522   Section        0  stm32f4xx_gpio.o(i.GPIO_Init)
    i.GPIO_ToggleBits                        0x0802059a   Section        0  stm32f4xx_gpio.o(i.GPIO_ToggleBits)
    i.RCC_AHB1PeriphClockCmd                 0x080205a4   Section        0  stm32f4xx_rcc.o(i.RCC_AHB1PeriphClockCmd)
    i.SetSysClock                            0x080205bc   Section        0  system_stm32f4xx.o(i.SetSysClock)
    SetSysClock                              0x080205bd   Thumb Code   162  system_stm32f4xx.o(i.SetSysClock)
    i.SysTick_Handler                        0x08020670   Section        0  port.o(i.SysTick_Handler)
    i.SystemInit                             0x0802069c   Section        0  system_stm32f4xx.o(i.SystemInit)
    i.app_task1                              0x080206f8   Section        0  main.o(i.app_task1)
    app_task1                                0x080206f9   Thumb Code    26  main.o(i.app_task1)
    i.led_init                               0x08020718   Section        0  led.o(i.led_init)
    i.main                                   0x0802074c   Section        0  main.o(i.main)
    i.prvAddCurrentTaskToDelayedList         0x08020784   Section        0  tasks.o(i.prvAddCurrentTaskToDelayedList)
    prvAddCurrentTaskToDelayedList           0x08020785   Thumb Code   102  tasks.o(i.prvAddCurrentTaskToDelayedList)
    i.prvAddNewTaskToReadyList               0x080207f4   Section        0  tasks.o(i.prvAddNewTaskToReadyList)
    prvAddNewTaskToReadyList                 0x080207f5   Thumb Code   196  tasks.o(i.prvAddNewTaskToReadyList)
    i.prvCheckForValidListAndQueue           0x080208c4   Section        0  timers.o(i.prvCheckForValidListAndQueue)
    prvCheckForValidListAndQueue             0x080208c5   Thumb Code    62  timers.o(i.prvCheckForValidListAndQueue)
    i.prvCheckTasksWaitingTermination        0x08020914   Section        0  tasks.o(i.prvCheckTasksWaitingTermination)
    prvCheckTasksWaitingTermination          0x08020915   Thumb Code    74  tasks.o(i.prvCheckTasksWaitingTermination)
    i.prvCopyDataFromQueue                   0x08020968   Section        0  queue.o(i.prvCopyDataFromQueue)
    prvCopyDataFromQueue                     0x08020969   Thumb Code    38  queue.o(i.prvCopyDataFromQueue)
    i.prvCopyDataToQueue                     0x0802098e   Section        0  queue.o(i.prvCopyDataToQueue)
    prvCopyDataToQueue                       0x0802098f   Thumb Code   108  queue.o(i.prvCopyDataToQueue)
    i.prvDeleteTCB                           0x080209fa   Section        0  tasks.o(i.prvDeleteTCB)
    prvDeleteTCB                             0x080209fb   Thumb Code    20  tasks.o(i.prvDeleteTCB)
    i.prvHeapInit                            0x08020a10   Section        0  heap_4.o(i.prvHeapInit)
    prvHeapInit                              0x08020a11   Thumb Code    66  heap_4.o(i.prvHeapInit)
    i.prvIdleTask                            0x08020a5c   Section        0  tasks.o(i.prvIdleTask)
    prvIdleTask                              0x08020a5d   Thumb Code    30  tasks.o(i.prvIdleTask)
    i.prvInitialiseNewTask                   0x08020a84   Section        0  tasks.o(i.prvInitialiseNewTask)
    prvInitialiseNewTask                     0x08020a85   Thumb Code   156  tasks.o(i.prvInitialiseNewTask)
    i.prvInsertBlockIntoFreeList             0x08020b20   Section        0  heap_4.o(i.prvInsertBlockIntoFreeList)
    prvInsertBlockIntoFreeList               0x08020b21   Thumb Code    72  heap_4.o(i.prvInsertBlockIntoFreeList)
    i.prvInsertTimerInActiveList             0x08020b6c   Section        0  timers.o(i.prvInsertTimerInActiveList)
    prvInsertTimerInActiveList               0x08020b6d   Thumb Code    52  timers.o(i.prvInsertTimerInActiveList)
    i.prvIsQueueEmpty                        0x08020ba4   Section        0  queue.o(i.prvIsQueueEmpty)
    prvIsQueueEmpty                          0x08020ba5   Thumb Code    26  queue.o(i.prvIsQueueEmpty)
    i.prvProcessReceivedCommands             0x08020bc0   Section        0  timers.o(i.prvProcessReceivedCommands)
    prvProcessReceivedCommands               0x08020bc1   Thumb Code   180  timers.o(i.prvProcessReceivedCommands)
    i.prvProcessTimerOrBlockTask             0x08020c78   Section        0  timers.o(i.prvProcessTimerOrBlockTask)
    prvProcessTimerOrBlockTask               0x08020c79   Thumb Code   172  timers.o(i.prvProcessTimerOrBlockTask)
    i.prvResetNextTaskUnblockTime            0x08020d2c   Section        0  tasks.o(i.prvResetNextTaskUnblockTime)
    prvResetNextTaskUnblockTime              0x08020d2d   Thumb Code    26  tasks.o(i.prvResetNextTaskUnblockTime)
    i.prvSampleTimeNow                       0x08020d4c   Section        0  timers.o(i.prvSampleTimeNow)
    prvSampleTimeNow                         0x08020d4d   Thumb Code    36  timers.o(i.prvSampleTimeNow)
    i.prvSwitchTimerLists                    0x08020d74   Section        0  timers.o(i.prvSwitchTimerLists)
    prvSwitchTimerLists                      0x08020d75   Thumb Code   102  timers.o(i.prvSwitchTimerLists)
    i.prvTaskExitError                       0x08020de0   Section        0  port.o(i.prvTaskExitError)
    prvTaskExitError                         0x08020de1   Thumb Code    36  port.o(i.prvTaskExitError)
    i.prvTimerTask                           0x08020e08   Section        0  timers.o(i.prvTimerTask)
    prvTimerTask                             0x08020e09   Thumb Code    34  timers.o(i.prvTimerTask)
    i.prvUnlockQueue                         0x08020e30   Section        0  queue.o(i.prvUnlockQueue)
    prvUnlockQueue                           0x08020e31   Thumb Code   106  queue.o(i.prvUnlockQueue)
    i.pvPortMalloc                           0x08020e9c   Section        0  heap_4.o(i.pvPortMalloc)
    i.pvTaskIncrementMutexHeldCount          0x08020f74   Section        0  tasks.o(i.pvTaskIncrementMutexHeldCount)
    i.pxPortInitialiseStack                  0x08020f8c   Section        0  port.o(i.pxPortInitialiseStack)
    i.uxListRemove                           0x08020fb8   Section        0  list.o(i.uxListRemove)
    i.vListInitialise                        0x08020fdc   Section        0  list.o(i.vListInitialise)
    i.vListInitialiseItem                    0x08020ff2   Section        0  list.o(i.vListInitialiseItem)
    i.vListInsert                            0x08020ff8   Section        0  list.o(i.vListInsert)
    i.vListInsertEnd                         0x08021028   Section        0  list.o(i.vListInsertEnd)
    i.vPortEnterCritical                     0x08021040   Section        0  port.o(i.vPortEnterCritical)
    i.vPortExitCritical                      0x08021080   Section        0  port.o(i.vPortExitCritical)
    i.vPortFree                              0x080210a8   Section        0  heap_4.o(i.vPortFree)
    i.vPortSetupTimerInterrupt               0x08021104   Section        0  port.o(i.vPortSetupTimerInterrupt)
    i.vPortValidateInterruptPriority         0x08021124   Section        0  port.o(i.vPortValidateInterruptPriority)
    i.vQueueAddToRegistry                    0x08021178   Section        0  queue.o(i.vQueueAddToRegistry)
    i.vQueueWaitForMessageRestricted         0x0802119c   Section        0  queue.o(i.vQueueWaitForMessageRestricted)
    i.vTaskDelay                             0x080211e0   Section        0  tasks.o(i.vTaskDelay)
    i.vTaskMissedYield                       0x0802122c   Section        0  tasks.o(i.vTaskMissedYield)
    i.vTaskPlaceOnEventList                  0x08021238   Section        0  tasks.o(i.vTaskPlaceOnEventList)
    i.vTaskPlaceOnEventListRestricted        0x08021268   Section        0  tasks.o(i.vTaskPlaceOnEventListRestricted)
    i.vTaskPriorityInherit                   0x080212a0   Section        0  tasks.o(i.vTaskPriorityInherit)
    i.vTaskSetTimeOutState                   0x08021324   Section        0  tasks.o(i.vTaskSetTimeOutState)
    i.vTaskStartScheduler                    0x08021348   Section        0  tasks.o(i.vTaskStartScheduler)
    i.vTaskSuspendAll                        0x080213b8   Section        0  tasks.o(i.vTaskSuspendAll)
    i.vTaskSwitchContext                     0x080213c8   Section        0  tasks.o(i.vTaskSwitchContext)
    i.xPortStartScheduler                    0x08021424   Section        0  port.o(i.xPortStartScheduler)
    i.xQueueGenericCreate                    0x08021508   Section        0  queue.o(i.xQueueGenericCreate)
    i.xQueueGenericReceive                   0x0802155c   Section        0  queue.o(i.xQueueGenericReceive)
    i.xQueueGenericReset                     0x080216cc   Section        0  queue.o(i.xQueueGenericReset)
    i.xQueueGenericSend                      0x08021754   Section        0  queue.o(i.xQueueGenericSend)
    i.xQueueGenericSendFromISR               0x080218b8   Section        0  queue.o(i.xQueueGenericSendFromISR)
    i.xTaskCheckForTimeOut                   0x08021974   Section        0  tasks.o(i.xTaskCheckForTimeOut)
    i.xTaskCreate                            0x080219e0   Section        0  tasks.o(i.xTaskCreate)
    i.xTaskGetSchedulerState                 0x08021a38   Section        0  tasks.o(i.xTaskGetSchedulerState)
    i.xTaskGetTickCount                      0x08021a54   Section        0  tasks.o(i.xTaskGetTickCount)
    i.xTaskIncrementTick                     0x08021a60   Section        0  tasks.o(i.xTaskIncrementTick)
    i.xTaskPriorityDisinherit                0x08021b28   Section        0  tasks.o(i.xTaskPriorityDisinherit)
    i.xTaskRemoveFromEventList               0x08021bc0   Section        0  tasks.o(i.xTaskRemoveFromEventList)
    i.xTaskResumeAll                         0x08021c34   Section        0  tasks.o(i.xTaskResumeAll)
    i.xTimerCreateTimerTask                  0x08021cf8   Section        0  timers.o(i.xTimerCreateTimerTask)
    i.xTimerGenericCommand                   0x08021d44   Section        0  timers.o(i.xTimerGenericCommand)
    x$fpl$fpinit                             0x08021da0   Section       10  fpinit.o(x$fpl$fpinit)
    $v0                                      0x08021da0   Number         0  fpinit.o(x$fpl$fpinit)
    .data                                    0x20000000   Section        4  main.o(.data)
    app_task1_handle                         0x20000000   Data           4  main.o(.data)
    .data                                    0x20000004   Section       60  tasks.o(.data)
    uxDeletedTasksWaitingCleanUp             0x20000008   Data           4  tasks.o(.data)
    uxCurrentNumberOfTasks                   0x2000000c   Data           4  tasks.o(.data)
    xTickCount                               0x20000010   Data           4  tasks.o(.data)
    uxTopReadyPriority                       0x20000014   Data           4  tasks.o(.data)
    xSchedulerRunning                        0x20000018   Data           4  tasks.o(.data)
    uxPendedTicks                            0x2000001c   Data           4  tasks.o(.data)
    xYieldPending                            0x20000020   Data           4  tasks.o(.data)
    xNumOfOverflows                          0x20000024   Data           4  tasks.o(.data)
    uxTaskNumber                             0x20000028   Data           4  tasks.o(.data)
    xNextTaskUnblockTime                     0x2000002c   Data           4  tasks.o(.data)
    xIdleTaskHandle                          0x20000030   Data           4  tasks.o(.data)
    uxSchedulerSuspended                     0x20000034   Data           4  tasks.o(.data)
    pxDelayedTaskList                        0x20000038   Data           4  tasks.o(.data)
    pxOverflowDelayedTaskList                0x2000003c   Data           4  tasks.o(.data)
    .data                                    0x20000040   Section       20  timers.o(.data)
    xTimerQueue                              0x20000040   Data           4  timers.o(.data)
    xTimerTaskHandle                         0x20000044   Data           4  timers.o(.data)
    xLastTime                                0x20000048   Data           4  timers.o(.data)
    pxCurrentTimerList                       0x2000004c   Data           4  timers.o(.data)
    pxOverflowTimerList                      0x20000050   Data           4  timers.o(.data)
    .data                                    0x20000054   Section       12  port.o(.data)
    ucMaxSysCallPriority                     0x20000054   Data           1  port.o(.data)
    uxCriticalNesting                        0x20000058   Data           4  port.o(.data)
    ulMaxPRIGROUPValue                       0x2000005c   Data           4  port.o(.data)
    .data                                    0x20000060   Section       24  heap_4.o(.data)
    pxEnd                                    0x20000060   Data           4  heap_4.o(.data)
    xFreeBytesRemaining                      0x20000064   Data           4  heap_4.o(.data)
    xMinimumEverFreeBytesRemaining           0x20000068   Data           4  heap_4.o(.data)
    xBlockAllocatedBit                       0x2000006c   Data           4  heap_4.o(.data)
    xStart                                   0x20000070   Data           8  heap_4.o(.data)
    .data                                    0x20000078   Section       20  system_stm32f4xx.o(.data)
    .bss                                     0x2000008c   Section       64  queue.o(.bss)
    .bss                                     0x200000cc   Section      200  tasks.o(.bss)
    pxReadyTasksLists                        0x200000cc   Data         100  tasks.o(.bss)
    xDelayedTaskList1                        0x20000130   Data          20  tasks.o(.bss)
    xDelayedTaskList2                        0x20000144   Data          20  tasks.o(.bss)
    xPendingReadyList                        0x20000158   Data          20  tasks.o(.bss)
    xTasksWaitingTermination                 0x2000016c   Data          20  tasks.o(.bss)
    xSuspendedTaskList                       0x20000180   Data          20  tasks.o(.bss)
    .bss                                     0x20000194   Section       40  timers.o(.bss)
    xActiveTimerList1                        0x20000194   Data          20  timers.o(.bss)
    xActiveTimerList2                        0x200001a8   Data          20  timers.o(.bss)
    .bss                                     0x200001bc   Section    76800  heap_4.o(.bss)
    ucHeap                                   0x200001bc   Data       76800  heap_4.o(.bss)
    .bss                                     0x20012dbc   Section       96  libspace.o(.bss)
    HEAP                                     0x20012e20   Section      512  startup_stm32f40_41xxx.o(HEAP)
    Heap_Mem                                 0x20012e20   Data         512  startup_stm32f40_41xxx.o(HEAP)
    STACK                                    0x20013020   Section     1024  startup_stm32f40_41xxx.o(STACK)
    Stack_Mem                                0x20013020   Data        1024  startup_stm32f40_41xxx.o(STACK)
    __initial_sp                             0x20013420   Data           0  startup_stm32f40_41xxx.o(STACK)

    Global Symbols

    Symbol Name                              Value     Ov Type        Size  Object(Section)

    BuildAttributes$$THM_ISAv4$E$P$D$K$B$S$7EM$VFPi3$EXTD16$VFPS$VFMA$PE$A:L22UL41UL21$X:L11$S22US41US21$IEEE1$IW$USESV6$~STKCKD$USESV7$~SHL$OSPACE$ROPI$EBA8$UX$STANDARDLIB$REQ8$PRES8$EABIv2 0x00000000   Number         0  anon$$obj.o ABSOLUTE
    __ARM_use_no_argv                        0x00000000   Number         0  main.o ABSOLUTE
    __ARM_exceptions_init                     - Undefined Weak Reference
    __alloca_initialize                       - Undefined Weak Reference
    __arm_preinit_                            - Undefined Weak Reference
    __cpp_initialize__aeabi_                  - Undefined Weak Reference
    __cxa_finalize                            - Undefined Weak Reference
    __rt_locale                               - Undefined Weak Reference
    __sigvec_lookup                           - Undefined Weak Reference
    _atexit_init                              - Undefined Weak Reference
    _call_atexit_fns                          - Undefined Weak Reference
    _clock_init                               - Undefined Weak Reference
    _fp_trap_init                             - Undefined Weak Reference
    _fp_trap_shutdown                         - Undefined Weak Reference
    _get_lc_collate                           - Undefined Weak Reference
    _get_lc_ctype                             - Undefined Weak Reference
    _get_lc_monetary                          - Undefined Weak Reference
    _get_lc_numeric                           - Undefined Weak Reference
    _get_lc_time                              - Undefined Weak Reference
    _getenv_init                              - Undefined Weak Reference
    _handle_redirection                       - Undefined Weak Reference
    _init_alloc                               - Undefined Weak Reference
    _init_user_alloc                          - Undefined Weak Reference
    _initio                                   - Undefined Weak Reference
    _rand_init                                - Undefined Weak Reference
    _signal_finish                            - Undefined Weak Reference
    _signal_init                              - Undefined Weak Reference
    _terminate_alloc                          - Undefined Weak Reference
    _terminate_user_alloc                     - Undefined Weak Reference
    _terminateio                              - Undefined Weak Reference
    __Vectors_Size                           0x00000188   Number         0  startup_stm32f40_41xxx.o ABSOLUTE
    __Vectors                                0x08020000   Data           4  startup_stm32f40_41xxx.o(RESET)
    __Vectors_End                            0x08020188   Data           0  startup_stm32f40_41xxx.o(RESET)
    __main                                   0x08020189   Thumb Code     8  __main.o(!!!main)
    __scatterload                            0x08020191   Thumb Code     0  __scatter.o(!!!scatter)
    __scatterload_rt2                        0x08020191   Thumb Code    44  __scatter.o(!!!scatter)
    __scatterload_rt2_thumb_only             0x08020191   Thumb Code     0  __scatter.o(!!!scatter)
    __scatterload_null                       0x0802019f   Thumb Code     0  __scatter.o(!!!scatter)
    __scatterload_copy                       0x080201c5   Thumb Code    26  __scatter_copy.o(!!handler_copy)
    __scatterload_zeroinit                   0x080201e1   Thumb Code    28  __scatter_zi.o(!!handler_zi)
    __rt_lib_init                            0x080201fd   Thumb Code     0  libinit.o(.ARM.Collect$$libinit$$00000000)
    __rt_lib_init_fp_1                       0x080201ff   Thumb Code     0  libinit2.o(.ARM.Collect$$libinit$$00000001)
    __rt_lib_init_alloca_1                   0x08020203   Thumb Code     0  libinit2.o(.ARM.Collect$$libinit$$0000002E)
    __rt_lib_init_argv_1                     0x08020203   Thumb Code     0  libinit2.o(.ARM.Collect$$libinit$$0000002C)
    __rt_lib_init_atexit_1                   0x08020203   Thumb Code     0  libinit2.o(.ARM.Collect$$libinit$$0000001B)
    __rt_lib_init_clock_1                    0x08020203   Thumb Code     0  libinit2.o(.ARM.Collect$$libinit$$00000021)
    __rt_lib_init_cpp_1                      0x08020203   Thumb Code     0  libinit2.o(.ARM.Collect$$libinit$$00000032)
    __rt_lib_init_exceptions_1               0x08020203   Thumb Code     0  libinit2.o(.ARM.Collect$$libinit$$00000030)
    __rt_lib_init_fp_trap_1                  0x08020203   Thumb Code     0  libinit2.o(.ARM.Collect$$libinit$$0000001F)
    __rt_lib_init_getenv_1                   0x08020203   Thumb Code     0  libinit2.o(.ARM.Collect$$libinit$$00000023)
    __rt_lib_init_heap_1                     0x08020203   Thumb Code     0  libinit2.o(.ARM.Collect$$libinit$$0000000A)
    __rt_lib_init_lc_collate_1               0x08020203   Thumb Code     0  libinit2.o(.ARM.Collect$$libinit$$00000011)
    __rt_lib_init_lc_ctype_1                 0x08020203   Thumb Code     0  libinit2.o(.ARM.Collect$$libinit$$00000013)
    __rt_lib_init_lc_monetary_1              0x08020203   Thumb Code     0  libinit2.o(.ARM.Collect$$libinit$$00000015)
    __rt_lib_init_lc_numeric_1               0x08020203   Thumb Code     0  libinit2.o(.ARM.Collect$$libinit$$00000017)
    __rt_lib_init_lc_time_1                  0x08020203   Thumb Code     0  libinit2.o(.ARM.Collect$$libinit$$00000019)
    __rt_lib_init_preinit_1                  0x08020203   Thumb Code     0  libinit2.o(.ARM.Collect$$libinit$$00000004)
    __rt_lib_init_rand_1                     0x08020203   Thumb Code     0  libinit2.o(.ARM.Collect$$libinit$$0000000E)
    __rt_lib_init_return                     0x08020203   Thumb Code     0  libinit2.o(.ARM.Collect$$libinit$$00000033)
    __rt_lib_init_signal_1                   0x08020203   Thumb Code     0  libinit2.o(.ARM.Collect$$libinit$$0000001D)
    __rt_lib_init_stdio_1                    0x08020203   Thumb Code     0  libinit2.o(.ARM.Collect$$libinit$$00000025)
    __rt_lib_init_user_alloc_1               0x08020203   Thumb Code     0  libinit2.o(.ARM.Collect$$libinit$$0000000C)
    __rt_lib_shutdown                        0x08020205   Thumb Code     0  libshutdown.o(.ARM.Collect$$libshutdown$$00000000)
    __rt_lib_shutdown_fp_trap_1              0x08020207   Thumb Code     0  libshutdown2.o(.ARM.Collect$$libshutdown$$00000006)
    __rt_lib_shutdown_heap_1                 0x08020207   Thumb Code     0  libshutdown2.o(.ARM.Collect$$libshutdown$$0000000E)
    __rt_lib_shutdown_return                 0x08020207   Thumb Code     0  libshutdown2.o(.ARM.Collect$$libshutdown$$0000000F)
    __rt_lib_shutdown_signal_1               0x08020207   Thumb Code     0  libshutdown2.o(.ARM.Collect$$libshutdown$$00000009)
    __rt_lib_shutdown_stdio_1                0x08020207   Thumb Code     0  libshutdown2.o(.ARM.Collect$$libshutdown$$00000003)
    __rt_lib_shutdown_user_alloc_1           0x08020207   Thumb Code     0  libshutdown2.o(.ARM.Collect$$libshutdown$$0000000B)
    __rt_entry                               0x08020209   Thumb Code     0  __rtentry.o(.ARM.Collect$$rtentry$$00000000)
    __rt_entry_presh_1                       0x08020209   Thumb Code     0  __rtentry2.o(.ARM.Collect$$rtentry$$00000002)
    __rt_entry_sh                            0x08020209   Thumb Code     0  __rtentry4.o(.ARM.Collect$$rtentry$$00000004)
    __rt_entry_li                            0x0802020f   Thumb Code     0  __rtentry2.o(.ARM.Collect$$rtentry$$0000000A)
    __rt_entry_postsh_1                      0x0802020f   Thumb Code     0  __rtentry2.o(.ARM.Collect$$rtentry$$00000009)
    __rt_entry_main                          0x08020213   Thumb Code     0  __rtentry2.o(.ARM.Collect$$rtentry$$0000000D)
    __rt_entry_postli_1                      0x08020213   Thumb Code     0  __rtentry2.o(.ARM.Collect$$rtentry$$0000000C)
    __rt_exit                                0x0802021b   Thumb Code     0  rtexit.o(.ARM.Collect$$rtexit$$00000000)
    __rt_exit_ls                             0x0802021d   Thumb Code     0  rtexit2.o(.ARM.Collect$$rtexit$$00000003)
    __rt_exit_prels_1                        0x0802021d   Thumb Code     0  rtexit2.o(.ARM.Collect$$rtexit$$00000002)
    __rt_exit_exit                           0x08020221   Thumb Code     0  rtexit2.o(.ARM.Collect$$rtexit$$00000004)
    SVC_Handler                              0x08020229   Thumb Code    28  port.o(.emb_text)
    __asm___6_port_c_39a90d8d__prvStartFirstTask 0x08020249   Thumb Code    28  port.o(.emb_text)
    __asm___6_port_c_39a90d8d__prvEnableVFP  0x08020269   Thumb Code    16  port.o(.emb_text)
    PendSV_Handler                           0x0802027d   Thumb Code    88  port.o(.emb_text)
    vPortGetIPSR                             0x080202d9   Thumb Code     6  port.o(.emb_text)
    Reset_Handler                            0x080202e1   Thumb Code     8  startup_stm32f40_41xxx.o(.text)
    NMI_Handler                              0x080202e9   Thumb Code     2  startup_stm32f40_41xxx.o(.text)
    HardFault_Handler                        0x080202eb   Thumb Code     2  startup_stm32f40_41xxx.o(.text)
    MemManage_Handler                        0x080202ed   Thumb Code     2  startup_stm32f40_41xxx.o(.text)
    BusFault_Handler                         0x080202ef   Thumb Code     2  startup_stm32f40_41xxx.o(.text)
    UsageFault_Handler                       0x080202f1   Thumb Code     2  startup_stm32f40_41xxx.o(.text)
    DebugMon_Handler                         0x080202f5   Thumb Code     2  startup_stm32f40_41xxx.o(.text)
    ADC_IRQHandler                           0x080202fb   Thumb Code     0  startup_stm32f40_41xxx.o(.text)
    CAN1_RX0_IRQHandler                      0x080202fb   Thumb Code     0  startup_stm32f40_41xxx.o(.text)
    CAN1_RX1_IRQHandler                      0x080202fb   Thumb Code     0  startup_stm32f40_41xxx.o(.text)
    CAN1_SCE_IRQHandler                      0x080202fb   Thumb Code     0  startup_stm32f40_41xxx.o(.text)
    CAN1_TX_IRQHandler                       0x080202fb   Thumb Code     0  startup_stm32f40_41xxx.o(.text)
    CAN2_RX0_IRQHandler                      0x080202fb   Thumb Code     0  startup_stm32f40_41xxx.o(.text)
    CAN2_RX1_IRQHandler                      0x080202fb   Thumb Code     0  startup_stm32f40_41xxx.o(.text)
    CAN2_SCE_IRQHandler                      0x080202fb   Thumb Code     0  startup_stm32f40_41xxx.o(.text)
    CAN2_TX_IRQHandler                       0x080202fb   Thumb Code     0  startup_stm32f40_41xxx.o(.text)
    CRYP_IRQHandler                          0x080202fb   Thumb Code     0  startup_stm32f40_41xxx.o(.text)
    DCMI_IRQHandler                          0x080202fb   Thumb Code     0  startup_stm32f40_41xxx.o(.text)
    DMA1_Stream0_IRQHandler                  0x080202fb   Thumb Code     0  startup_stm32f40_41xxx.o(.text)
    DMA1_Stream1_IRQHandler                  0x080202fb   Thumb Code     0  startup_stm32f40_41xxx.o(.text)
    DMA1_Stream2_IRQHandler                  0x080202fb   Thumb Code     0  startup_stm32f40_41xxx.o(.text)
    DMA1_Stream3_IRQHandler                  0x080202fb   Thumb Code     0  startup_stm32f40_41xxx.o(.text)
    DMA1_Stream4_IRQHandler                  0x080202fb   Thumb Code     0  startup_stm32f40_41xxx.o(.text)
    DMA1_Stream5_IRQHandler                  0x080202fb   Thumb Code     0  startup_stm32f40_41xxx.o(.text)
    DMA1_Stream6_IRQHandler                  0x080202fb   Thumb Code     0  startup_stm32f40_41xxx.o(.text)
    DMA1_Stream7_IRQHandler                  0x080202fb   Thumb Code     0  startup_stm32f40_41xxx.o(.text)
    DMA2_Stream0_IRQHandler                  0x080202fb   Thumb Code     0  startup_stm32f40_41xxx.o(.text)
    DMA2_Stream1_IRQHandler                  0x080202fb   Thumb Code     0  startup_stm32f40_41xxx.o(.text)
    DMA2_Stream2_IRQHandler                  0x080202fb   Thumb Code     0  startup_stm32f40_41xxx.o(.text)
    DMA2_Stream3_IRQHandler                  0x080202fb   Thumb Code     0  startup_stm32f40_41xxx.o(.text)
    DMA2_Stream4_IRQHandler                  0x080202fb   Thumb Code     0  startup_stm32f40_41xxx.o(.text)
    DMA2_Stream5_IRQHandler                  0x080202fb   Thumb Code     0  startup_stm32f40_41xxx.o(.text)
    DMA2_Stream6_IRQHandler                  0x080202fb   Thumb Code     0  startup_stm32f40_41xxx.o(.text)
    DMA2_Stream7_IRQHandler                  0x080202fb   Thumb Code     0  startup_stm32f40_41xxx.o(.text)
    ETH_IRQHandler                           0x080202fb   Thumb Code     0  startup_stm32f40_41xxx.o(.text)
    ETH_WKUP_IRQHandler                      0x080202fb   Thumb Code     0  startup_stm32f40_41xxx.o(.text)
    EXTI0_IRQHandler                         0x080202fb   Thumb Code     0  startup_stm32f40_41xxx.o(.text)
    EXTI15_10_IRQHandler                     0x080202fb   Thumb Code     0  startup_stm32f40_41xxx.o(.text)
    EXTI1_IRQHandler                         0x080202fb   Thumb Code     0  startup_stm32f40_41xxx.o(.text)
    EXTI2_IRQHandler                         0x080202fb   Thumb Code     0  startup_stm32f40_41xxx.o(.text)
    EXTI3_IRQHandler                         0x080202fb   Thumb Code     0  startup_stm32f40_41xxx.o(.text)
    EXTI4_IRQHandler                         0x080202fb   Thumb Code     0  startup_stm32f40_41xxx.o(.text)
    EXTI9_5_IRQHandler                       0x080202fb   Thumb Code     0  startup_stm32f40_41xxx.o(.text)
    FLASH_IRQHandler                         0x080202fb   Thumb Code     0  startup_stm32f40_41xxx.o(.text)
    FPU_IRQHandler                           0x080202fb   Thumb Code     0  startup_stm32f40_41xxx.o(.text)
    FSMC_IRQHandler                          0x080202fb   Thumb Code     0  startup_stm32f40_41xxx.o(.text)
    HASH_RNG_IRQHandler                      0x080202fb   Thumb Code     0  startup_stm32f40_41xxx.o(.text)
    I2C1_ER_IRQHandler                       0x080202fb   Thumb Code     0  startup_stm32f40_41xxx.o(.text)
    I2C1_EV_IRQHandler                       0x080202fb   Thumb Code     0  startup_stm32f40_41xxx.o(.text)
    I2C2_ER_IRQHandler                       0x080202fb   Thumb Code     0  startup_stm32f40_41xxx.o(.text)
    I2C2_EV_IRQHandler                       0x080202fb   Thumb Code     0  startup_stm32f40_41xxx.o(.text)
    I2C3_ER_IRQHandler                       0x080202fb   Thumb Code     0  startup_stm32f40_41xxx.o(.text)
    I2C3_EV_IRQHandler                       0x080202fb   Thumb Code     0  startup_stm32f40_41xxx.o(.text)
    OTG_FS_IRQHandler                        0x080202fb   Thumb Code     0  startup_stm32f40_41xxx.o(.text)
    OTG_FS_WKUP_IRQHandler                   0x080202fb   Thumb Code     0  startup_stm32f40_41xxx.o(.text)
    OTG_HS_EP1_IN_IRQHandler                 0x080202fb   Thumb Code     0  startup_stm32f40_41xxx.o(.text)
    OTG_HS_EP1_OUT_IRQHandler                0x080202fb   Thumb Code     0  startup_stm32f40_41xxx.o(.text)
    OTG_HS_IRQHandler                        0x080202fb   Thumb Code     0  startup_stm32f40_41xxx.o(.text)
    OTG_HS_WKUP_IRQHandler                   0x080202fb   Thumb Code     0  startup_stm32f40_41xxx.o(.text)
    PVD_IRQHandler                           0x080202fb   Thumb Code     0  startup_stm32f40_41xxx.o(.text)
    RCC_IRQHandler                           0x080202fb   Thumb Code     0  startup_stm32f40_41xxx.o(.text)
    RTC_Alarm_IRQHandler                     0x080202fb   Thumb Code     0  startup_stm32f40_41xxx.o(.text)
    RTC_WKUP_IRQHandler                      0x080202fb   Thumb Code     0  startup_stm32f40_41xxx.o(.text)
    SDIO_IRQHandler                          0x080202fb   Thumb Code     0  startup_stm32f40_41xxx.o(.text)
    SPI1_IRQHandler                          0x080202fb   Thumb Code     0  startup_stm32f40_41xxx.o(.text)
    SPI2_IRQHandler                          0x080202fb   Thumb Code     0  startup_stm32f40_41xxx.o(.text)
    SPI3_IRQHandler                          0x080202fb   Thumb Code     0  startup_stm32f40_41xxx.o(.text)
    TAMP_STAMP_IRQHandler                    0x080202fb   Thumb Code     0  startup_stm32f40_41xxx.o(.text)
    TIM1_BRK_TIM9_IRQHandler                 0x080202fb   Thumb Code     0  startup_stm32f40_41xxx.o(.text)
    TIM1_CC_IRQHandler                       0x080202fb   Thumb Code     0  startup_stm32f40_41xxx.o(.text)
    TIM1_TRG_COM_TIM11_IRQHandler            0x080202fb   Thumb Code     0  startup_stm32f40_41xxx.o(.text)
    TIM1_UP_TIM10_IRQHandler                 0x080202fb   Thumb Code     0  startup_stm32f40_41xxx.o(.text)
    TIM2_IRQHandler                          0x080202fb   Thumb Code     0  startup_stm32f40_41xxx.o(.text)
    TIM3_IRQHandler                          0x080202fb   Thumb Code     0  startup_stm32f40_41xxx.o(.text)
    TIM4_IRQHandler                          0x080202fb   Thumb Code     0  startup_stm32f40_41xxx.o(.text)
    TIM5_IRQHandler                          0x080202fb   Thumb Code     0  startup_stm32f40_41xxx.o(.text)
    TIM6_DAC_IRQHandler                      0x080202fb   Thumb Code     0  startup_stm32f40_41xxx.o(.text)
    TIM7_IRQHandler                          0x080202fb   Thumb Code     0  startup_stm32f40_41xxx.o(.text)
    TIM8_BRK_TIM12_IRQHandler                0x080202fb   Thumb Code     0  startup_stm32f40_41xxx.o(.text)
    TIM8_CC_IRQHandler                       0x080202fb   Thumb Code     0  startup_stm32f40_41xxx.o(.text)
    TIM8_TRG_COM_TIM14_IRQHandler            0x080202fb   Thumb Code     0  startup_stm32f40_41xxx.o(.text)
    TIM8_UP_TIM13_IRQHandler                 0x080202fb   Thumb Code     0  startup_stm32f40_41xxx.o(.text)
    UART4_IRQHandler                         0x080202fb   Thumb Code     0  startup_stm32f40_41xxx.o(.text)
    UART5_IRQHandler                         0x080202fb   Thumb Code     0  startup_stm32f40_41xxx.o(.text)
    USART1_IRQHandler                        0x080202fb   Thumb Code     0  startup_stm32f40_41xxx.o(.text)
    USART2_IRQHandler                        0x080202fb   Thumb Code     0  startup_stm32f40_41xxx.o(.text)
    USART3_IRQHandler                        0x080202fb   Thumb Code     0  startup_stm32f40_41xxx.o(.text)
    USART6_IRQHandler                        0x080202fb   Thumb Code     0  startup_stm32f40_41xxx.o(.text)
    WWDG_IRQHandler                          0x080202fb   Thumb Code     0  startup_stm32f40_41xxx.o(.text)
    __user_initial_stackheap                 0x080202fd   Thumb Code     0  startup_stm32f40_41xxx.o(.text)
    __aeabi_memcpy                           0x08020321   Thumb Code     0  rt_memcpy_v6.o(.text)
    __rt_memcpy                              0x08020321   Thumb Code   138  rt_memcpy_v6.o(.text)
    _memcpy_lastbytes                        0x08020387   Thumb Code     0  rt_memcpy_v6.o(.text)
    __aeabi_memset                           0x080203ab   Thumb Code    16  aeabi_memset.o(.text)
    __use_two_region_memory                  0x080203bb   Thumb Code     2  heapauxi.o(.text)
    __rt_heap_escrow$2region                 0x080203bd   Thumb Code     2  heapauxi.o(.text)
    __rt_heap_expand$2region                 0x080203bf   Thumb Code     2  heapauxi.o(.text)
    __aeabi_memcpy4                          0x080203c1   Thumb Code     0  rt_memcpy_w.o(.text)
    __aeabi_memcpy8                          0x080203c1   Thumb Code     0  rt_memcpy_w.o(.text)
    __rt_memcpy_w                            0x080203c1   Thumb Code   100  rt_memcpy_w.o(.text)
    _memcpy_lastbytes_aligned                0x08020409   Thumb Code     0  rt_memcpy_w.o(.text)
    __aeabi_memclr                           0x08020425   Thumb Code     0  rt_memclr.o(.text)
    __rt_memclr                              0x08020425   Thumb Code    68  rt_memclr.o(.text)
    _memset                                  0x08020429   Thumb Code     0  rt_memclr.o(.text)
    __aeabi_memclr4                          0x08020469   Thumb Code     0  rt_memclr_w.o(.text)
    __aeabi_memclr8                          0x08020469   Thumb Code     0  rt_memclr_w.o(.text)
    __rt_memclr_w                            0x08020469   Thumb Code    78  rt_memclr_w.o(.text)
    _memset_w                                0x0802046d   Thumb Code     0  rt_memclr_w.o(.text)
    __user_setup_stackheap                   0x080204b7   Thumb Code    74  sys_stackheap_outer.o(.text)
    exit                                     0x08020501   Thumb Code    12  exit.o(.text)
    __user_libspace                          0x0802050d   Thumb Code     8  libspace.o(.text)
    __user_perproc_libspace                  0x0802050d   Thumb Code     0  libspace.o(.text)
    __user_perthread_libspace                0x0802050d   Thumb Code     0  libspace.o(.text)
    _sys_exit                                0x08020515   Thumb Code     8  sys_exit.o(.text)
    __I$use$semihosting                      0x08020521   Thumb Code     0  use_no_semi.o(.text)
    __use_no_semihosting_swi                 0x08020521   Thumb Code     2  use_no_semi.o(.text)
    GPIO_Init                                0x08020523   Thumb Code   120  stm32f4xx_gpio.o(i.GPIO_Init)
    __semihosting_library_function           0x08020523   Thumb Code     0  indicate_semi.o(.text)
    GPIO_ToggleBits                          0x0802059b   Thumb Code     8  stm32f4xx_gpio.o(i.GPIO_ToggleBits)
    RCC_AHB1PeriphClockCmd                   0x080205a5   Thumb Code    18  stm32f4xx_rcc.o(i.RCC_AHB1PeriphClockCmd)
    SysTick_Handler                          0x08020671   Thumb Code    38  port.o(i.SysTick_Handler)
    SystemInit                               0x0802069d   Thumb Code    72  system_stm32f4xx.o(i.SystemInit)
    led_init                                 0x08020719   Thumb Code    48  led.o(i.led_init)
    main                                     0x0802074d   Thumb Code    34  main.o(i.main)
    pvPortMalloc                             0x08020e9d   Thumb Code   210  heap_4.o(i.pvPortMalloc)
    pvTaskIncrementMutexHeldCount            0x08020f75   Thumb Code    18  tasks.o(i.pvTaskIncrementMutexHeldCount)
    pxPortInitialiseStack                    0x08020f8d   Thumb Code    40  port.o(i.pxPortInitialiseStack)
    uxListRemove                             0x08020fb9   Thumb Code    36  list.o(i.uxListRemove)
    vListInitialise                          0x08020fdd   Thumb Code    22  list.o(i.vListInitialise)
    vListInitialiseItem                      0x08020ff3   Thumb Code     6  list.o(i.vListInitialiseItem)
    vListInsert                              0x08020ff9   Thumb Code    48  list.o(i.vListInsert)
    vListInsertEnd                           0x08021029   Thumb Code    24  list.o(i.vListInsertEnd)
    vPortEnterCritical                       0x08021041   Thumb Code    54  port.o(i.vPortEnterCritical)
    vPortExitCritical                        0x08021081   Thumb Code    34  port.o(i.vPortExitCritical)
    vPortFree                                0x080210a9   Thumb Code    88  heap_4.o(i.vPortFree)
    vPortSetupTimerInterrupt                 0x08021105   Thumb Code    26  port.o(i.vPortSetupTimerInterrupt)
    vPortValidateInterruptPriority           0x08021125   Thumb Code    74  port.o(i.vPortValidateInterruptPriority)
    vQueueAddToRegistry                      0x08021179   Thumb Code    32  queue.o(i.vQueueAddToRegistry)
    vQueueWaitForMessageRestricted           0x0802119d   Thumb Code    68  queue.o(i.vQueueWaitForMessageRestricted)
    vTaskDelay                               0x080211e1   Thumb Code    66  tasks.o(i.vTaskDelay)
    vTaskMissedYield                         0x0802122d   Thumb Code     8  tasks.o(i.vTaskMissedYield)
    vTaskPlaceOnEventList                    0x08021239   Thumb Code    44  tasks.o(i.vTaskPlaceOnEventList)
    vTaskPlaceOnEventListRestricted          0x08021269   Thumb Code    52  tasks.o(i.vTaskPlaceOnEventListRestricted)
    vTaskPriorityInherit                     0x080212a1   Thumb Code   124  tasks.o(i.vTaskPriorityInherit)
    vTaskSetTimeOutState                     0x08021325   Thumb Code    30  tasks.o(i.vTaskSetTimeOutState)
    vTaskStartScheduler                      0x08021349   Thumb Code    94  tasks.o(i.vTaskStartScheduler)
    vTaskSuspendAll                          0x080213b9   Thumb Code    10  tasks.o(i.vTaskSuspendAll)
    vTaskSwitchContext                       0x080213c9   Thumb Code    82  tasks.o(i.vTaskSwitchContext)
    xPortStartScheduler                      0x08021425   Thumb Code   208  port.o(i.xPortStartScheduler)
    xQueueGenericCreate                      0x08021509   Thumb Code    82  queue.o(i.xQueueGenericCreate)
    xQueueGenericReceive                     0x0802155d   Thumb Code   362  queue.o(i.xQueueGenericReceive)
    xQueueGenericReset                       0x080216cd   Thumb Code   132  queue.o(i.xQueueGenericReset)
    xQueueGenericSend                        0x08021755   Thumb Code   350  queue.o(i.xQueueGenericSend)
    xQueueGenericSendFromISR                 0x080218b9   Thumb Code   188  queue.o(i.xQueueGenericSendFromISR)
    xTaskCheckForTimeOut                     0x08021975   Thumb Code   102  tasks.o(i.xTaskCheckForTimeOut)
    xTaskCreate                              0x080219e1   Thumb Code    86  tasks.o(i.xTaskCreate)
    xTaskGetSchedulerState                   0x08021a39   Thumb Code    22  tasks.o(i.xTaskGetSchedulerState)
    xTaskGetTickCount                        0x08021a55   Thumb Code     6  tasks.o(i.xTaskGetTickCount)
    xTaskIncrementTick                       0x08021a61   Thumb Code   192  tasks.o(i.xTaskIncrementTick)
    xTaskPriorityDisinherit                  0x08021b29   Thumb Code   144  tasks.o(i.xTaskPriorityDisinherit)
    xTaskRemoveFromEventList                 0x08021bc1   Thumb Code   108  tasks.o(i.xTaskRemoveFromEventList)
    xTaskResumeAll                           0x08021c35   Thumb Code   182  tasks.o(i.xTaskResumeAll)
    xTimerCreateTimerTask                    0x08021cf9   Thumb Code    58  timers.o(i.xTimerCreateTimerTask)
    xTimerGenericCommand                     0x08021d45   Thumb Code    88  timers.o(i.xTimerGenericCommand)
    _fp_init                                 0x08021da1   Thumb Code    10  fpinit.o(x$fpl$fpinit)
    __fplib_config_fpu_vfp                   0x08021da9   Thumb Code     0  fpinit.o(x$fpl$fpinit)
    __fplib_config_pureend_doubles           0x08021da9   Thumb Code     0  fpinit.o(x$fpl$fpinit)
    Region$$Table$$Base                      0x08021dac   Number         0  anon$$obj.o(Region$$Table)
    Region$$Table$$Limit                     0x08021dcc   Number         0  anon$$obj.o(Region$$Table)
    pxCurrentTCB                             0x20000004   Data           4  tasks.o(.data)
    SystemCoreClock                          0x20000078   Data           4  system_stm32f4xx.o(.data)
    AHBPrescTable                            0x2000007c   Data          16  system_stm32f4xx.o(.data)
    xQueueRegistry                           0x2000008c   Data          64  queue.o(.bss)
    __libspace_start                         0x20012dbc   Data          96  libspace.o(.bss)
    __temporary_stack_top$libspace           0x20012e1c   Data           0  libspace.o(.bss)



==============================================================================

Memory Map of the image

  Image Entry point : 0x08020189

  Load Region LR_IROM1 (Base: 0x08020000, Size: 0x00001e58, Max: 0x00060000, ABSOLUTE)

    Execution Region ER_IROM1 (Base: 0x08020000, Size: 0x00001dcc, Max: 0x00060000, ABSOLUTE)

    Base Addr    Size         Type   Attr      Idx    E Section Name        Object

    0x08020000   0x00000188   Data   RO         1518    RESET               startup_stm32f40_41xxx.o
    0x08020188   0x00000008   Code   RO         1572  * !!!main             c_w.l(__main.o)
    0x08020190   0x00000034   Code   RO         1734    !!!scatter          c_w.l(__scatter.o)
    0x080201c4   0x0000001a   Code   RO         1736    !!handler_copy      c_w.l(__scatter_copy.o)
    0x080201de   0x00000002   PAD
    0x080201e0   0x0000001c   Code   RO         1738    !!handler_zi        c_w.l(__scatter_zi.o)
    0x080201fc   0x00000002   Code   RO         1605    .ARM.Collect$$libinit$$00000000  c_w.l(libinit.o)
    0x080201fe   0x00000004   Code   RO         1611    .ARM.Collect$$libinit$$00000001  c_w.l(libinit2.o)
    0x08020202   0x00000000   Code   RO         1614    .ARM.Collect$$libinit$$00000004  c_w.l(libinit2.o)
    0x08020202   0x00000000   Code   RO         1617    .ARM.Collect$$libinit$$0000000A  c_w.l(libinit2.o)
    0x08020202   0x00000000   Code   RO         1619    .ARM.Collect$$libinit$$0000000C  c_w.l(libinit2.o)
    0x08020202   0x00000000   Code   RO         1621    .ARM.Collect$$libinit$$0000000E  c_w.l(libinit2.o)
    0x08020202   0x00000000   Code   RO         1624    .ARM.Collect$$libinit$$00000011  c_w.l(libinit2.o)
    0x08020202   0x00000000   Code   RO         1626    .ARM.Collect$$libinit$$00000013  c_w.l(libinit2.o)
    0x08020202   0x00000000   Code   RO         1628    .ARM.Collect$$libinit$$00000015  c_w.l(libinit2.o)
    0x08020202   0x00000000   Code   RO         1630    .ARM.Collect$$libinit$$00000017  c_w.l(libinit2.o)
    0x08020202   0x00000000   Code   RO         1632    .ARM.Collect$$libinit$$00000019  c_w.l(libinit2.o)
    0x08020202   0x00000000   Code   RO         1634    .ARM.Collect$$libinit$$0000001B  c_w.l(libinit2.o)
    0x08020202   0x00000000   Code   RO         1636    .ARM.Collect$$libinit$$0000001D  c_w.l(libinit2.o)
    0x08020202   0x00000000   Code   RO         1638    .ARM.Collect$$libinit$$0000001F  c_w.l(libinit2.o)
    0x08020202   0x00000000   Code   RO         1640    .ARM.Collect$$libinit$$00000021  c_w.l(libinit2.o)
    0x08020202   0x00000000   Code   RO         1642    .ARM.Collect$$libinit$$00000023  c_w.l(libinit2.o)
    0x08020202   0x00000000   Code   RO         1644    .ARM.Collect$$libinit$$00000025  c_w.l(libinit2.o)
    0x08020202   0x00000000   Code   RO         1648    .ARM.Collect$$libinit$$0000002C  c_w.l(libinit2.o)
    0x08020202   0x00000000   Code   RO         1650    .ARM.Collect$$libinit$$0000002E  c_w.l(libinit2.o)
    0x08020202   0x00000000   Code   RO         1652    .ARM.Collect$$libinit$$00000030  c_w.l(libinit2.o)
    0x08020202   0x00000000   Code   RO         1654    .ARM.Collect$$libinit$$00000032  c_w.l(libinit2.o)
    0x08020202   0x00000002   Code   RO         1655    .ARM.Collect$$libinit$$00000033  c_w.l(libinit2.o)
    0x08020204   0x00000002   Code   RO         1675    .ARM.Collect$$libshutdown$$00000000  c_w.l(libshutdown.o)
    0x08020206   0x00000000   Code   RO         1689    .ARM.Collect$$libshutdown$$00000003  c_w.l(libshutdown2.o)
    0x08020206   0x00000000   Code   RO         1692    .ARM.Collect$$libshutdown$$00000006  c_w.l(libshutdown2.o)
    0x08020206   0x00000000   Code   RO         1695    .ARM.Collect$$libshutdown$$00000009  c_w.l(libshutdown2.o)
    0x08020206   0x00000000   Code   RO         1697    .ARM.Collect$$libshutdown$$0000000B  c_w.l(libshutdown2.o)
    0x08020206   0x00000000   Code   RO         1700    .ARM.Collect$$libshutdown$$0000000E  c_w.l(libshutdown2.o)
    0x08020206   0x00000002   Code   RO         1701    .ARM.Collect$$libshutdown$$0000000F  c_w.l(libshutdown2.o)
    0x08020208   0x00000000   Code   RO         1574    .ARM.Collect$$rtentry$$00000000  c_w.l(__rtentry.o)
    0x08020208   0x00000000   Code   RO         1580    .ARM.Collect$$rtentry$$00000002  c_w.l(__rtentry2.o)
    0x08020208   0x00000006   Code   RO         1592    .ARM.Collect$$rtentry$$00000004  c_w.l(__rtentry4.o)
    0x0802020e   0x00000000   Code   RO         1582    .ARM.Collect$$rtentry$$00000009  c_w.l(__rtentry2.o)
    0x0802020e   0x00000004   Code   RO         1583    .ARM.Collect$$rtentry$$0000000A  c_w.l(__rtentry2.o)
    0x08020212   0x00000000   Code   RO         1585    .ARM.Collect$$rtentry$$0000000C  c_w.l(__rtentry2.o)
    0x08020212   0x00000008   Code   RO         1586    .ARM.Collect$$rtentry$$0000000D  c_w.l(__rtentry2.o)
    0x0802021a   0x00000002   Code   RO         1609    .ARM.Collect$$rtexit$$00000000  c_w.l(rtexit.o)
    0x0802021c   0x00000000   Code   RO         1657    .ARM.Collect$$rtexit$$00000002  c_w.l(rtexit2.o)
    0x0802021c   0x00000004   Code   RO         1658    .ARM.Collect$$rtexit$$00000003  c_w.l(rtexit2.o)
    0x08020220   0x00000006   Code   RO         1659    .ARM.Collect$$rtexit$$00000004  c_w.l(rtexit2.o)
    0x08020226   0x00000002   PAD
    0x08020228   0x000000b6   Code   RO          908    .emb_text           port.o
    0x080202de   0x00000002   PAD
    0x080202e0   0x00000040   Code   RO         1519    .text               startup_stm32f40_41xxx.o
    0x08020320   0x0000008a   Code   RO         1566    .text               c_w.l(rt_memcpy_v6.o)
    0x080203aa   0x00000010   Code   RO         1568    .text               c_w.l(aeabi_memset.o)
    0x080203ba   0x00000006   Code   RO         1570    .text               c_w.l(heapauxi.o)
    0x080203c0   0x00000064   Code   RO         1575    .text               c_w.l(rt_memcpy_w.o)
    0x08020424   0x00000044   Code   RO         1577    .text               c_w.l(rt_memclr.o)
    0x08020468   0x0000004e   Code   RO         1594    .text               c_w.l(rt_memclr_w.o)
    0x080204b6   0x0000004a   Code   RO         1596    .text               c_w.l(sys_stackheap_outer.o)
    0x08020500   0x0000000c   Code   RO         1598    .text               c_w.l(exit.o)
    0x0802050c   0x00000008   Code   RO         1606    .text               c_w.l(libspace.o)
    0x08020514   0x0000000c   Code   RO         1667    .text               c_w.l(sys_exit.o)
    0x08020520   0x00000002   Code   RO         1678    .text               c_w.l(use_no_semi.o)
    0x08020522   0x00000000   Code   RO         1680    .text               c_w.l(indicate_semi.o)
    0x08020522   0x00000078   Code   RO         1086    i.GPIO_Init         stm32f4xx_gpio.o
    0x0802059a   0x00000008   Code   RO         1096    i.GPIO_ToggleBits   stm32f4xx_gpio.o
    0x080205a2   0x00000002   PAD
    0x080205a4   0x00000018   Code   RO         1187    i.RCC_AHB1PeriphClockCmd  stm32f4xx_rcc.o
    0x080205bc   0x000000b4   Code   RO         1526    i.SetSysClock       system_stm32f4xx.o
    0x08020670   0x0000002c   Code   RO          909    i.SysTick_Handler   port.o
    0x0802069c   0x0000005c   Code   RO         1528    i.SystemInit        system_stm32f4xx.o
    0x080206f8   0x00000020   Code   RO            4    i.app_task1         main.o
    0x08020718   0x00000034   Code   RO          109    i.led_init          led.o
    0x0802074c   0x00000038   Code   RO            5    i.main              main.o
    0x08020784   0x00000070   Code   RO          467    i.prvAddCurrentTaskToDelayedList  tasks.o
    0x080207f4   0x000000d0   Code   RO          468    i.prvAddNewTaskToReadyList  tasks.o
    0x080208c4   0x00000050   Code   RO          793    i.prvCheckForValidListAndQueue  timers.o
    0x08020914   0x00000054   Code   RO          469    i.prvCheckTasksWaitingTermination  tasks.o
    0x08020968   0x00000026   Code   RO          281    i.prvCopyDataFromQueue  queue.o
    0x0802098e   0x0000006c   Code   RO          282    i.prvCopyDataToQueue  queue.o
    0x080209fa   0x00000014   Code   RO          470    i.prvDeleteTCB      tasks.o
    0x08020a0e   0x00000002   PAD
    0x08020a10   0x0000004c   Code   RO          985    i.prvHeapInit       heap_4.o
    0x08020a5c   0x00000028   Code   RO          471    i.prvIdleTask       tasks.o
    0x08020a84   0x0000009c   Code   RO          472    i.prvInitialiseNewTask  tasks.o
    0x08020b20   0x0000004c   Code   RO          986    i.prvInsertBlockIntoFreeList  heap_4.o
    0x08020b6c   0x00000038   Code   RO          794    i.prvInsertTimerInActiveList  timers.o
    0x08020ba4   0x0000001a   Code   RO          283    i.prvIsQueueEmpty   queue.o
    0x08020bbe   0x00000002   PAD
    0x08020bc0   0x000000b8   Code   RO          795    i.prvProcessReceivedCommands  timers.o
    0x08020c78   0x000000b4   Code   RO          796    i.prvProcessTimerOrBlockTask  timers.o
    0x08020d2c   0x00000020   Code   RO          474    i.prvResetNextTaskUnblockTime  tasks.o
    0x08020d4c   0x00000028   Code   RO          797    i.prvSampleTimeNow  timers.o
    0x08020d74   0x0000006c   Code   RO          798    i.prvSwitchTimerLists  timers.o
    0x08020de0   0x00000028   Code   RO          910    i.prvTaskExitError  port.o
    0x08020e08   0x00000028   Code   RO          799    i.prvTimerTask      timers.o
    0x08020e30   0x0000006a   Code   RO          284    i.prvUnlockQueue    queue.o
    0x08020e9a   0x00000002   PAD
    0x08020e9c   0x000000d8   Code   RO          987    i.pvPortMalloc      heap_4.o
    0x08020f74   0x00000018   Code   RO          476    i.pvTaskIncrementMutexHeldCount  tasks.o
    0x08020f8c   0x0000002c   Code   RO          911    i.pxPortInitialiseStack  port.o
    0x08020fb8   0x00000024   Code   RO          244    i.uxListRemove      list.o
    0x08020fdc   0x00000016   Code   RO          245    i.vListInitialise   list.o
    0x08020ff2   0x00000006   Code   RO          246    i.vListInitialiseItem  list.o
    0x08020ff8   0x00000030   Code   RO          247    i.vListInsert       list.o
    0x08021028   0x00000018   Code   RO          248    i.vListInsertEnd    list.o
    0x08021040   0x00000040   Code   RO          913    i.vPortEnterCritical  port.o
    0x08021080   0x00000028   Code   RO          914    i.vPortExitCritical  port.o
    0x080210a8   0x0000005c   Code   RO          988    i.vPortFree         heap_4.o
    0x08021104   0x00000020   Code   RO          915    i.vPortSetupTimerInterrupt  port.o
    0x08021124   0x00000054   Code   RO          916    i.vPortValidateInterruptPriority  port.o
    0x08021178   0x00000024   Code   RO          290    i.vQueueAddToRegistry  queue.o
    0x0802119c   0x00000044   Code   RO          294    i.vQueueWaitForMessageRestricted  queue.o
    0x080211e0   0x0000004c   Code   RO          484    i.vTaskDelay        tasks.o
    0x0802122c   0x0000000c   Code   RO          489    i.vTaskMissedYield  tasks.o
    0x08021238   0x00000030   Code   RO          491    i.vTaskPlaceOnEventList  tasks.o
    0x08021268   0x00000038   Code   RO          492    i.vTaskPlaceOnEventListRestricted  tasks.o
    0x080212a0   0x00000084   Code   RO          494    i.vTaskPriorityInherit  tasks.o
    0x08021324   0x00000024   Code   RO          498    i.vTaskSetTimeOutState  tasks.o
    0x08021348   0x00000070   Code   RO          499    i.vTaskStartScheduler  tasks.o
    0x080213b8   0x00000010   Code   RO          501    i.vTaskSuspendAll   tasks.o
    0x080213c8   0x0000005c   Code   RO          502    i.vTaskSwitchContext  tasks.o
    0x08021424   0x000000e4   Code   RO          917    i.xPortStartScheduler  port.o
    0x08021508   0x00000052   Code   RO          297    i.xQueueGenericCreate  queue.o
    0x0802155a   0x00000002   PAD
    0x0802155c   0x00000170   Code   RO          298    i.xQueueGenericReceive  queue.o
    0x080216cc   0x00000088   Code   RO          299    i.xQueueGenericReset  queue.o
    0x08021754   0x00000164   Code   RO          300    i.xQueueGenericSend  queue.o
    0x080218b8   0x000000bc   Code   RO          301    i.xQueueGenericSendFromISR  queue.o
    0x08021974   0x0000006c   Code   RO          503    i.xTaskCheckForTimeOut  tasks.o
    0x080219e0   0x00000056   Code   RO          504    i.xTaskCreate       tasks.o
    0x08021a36   0x00000002   PAD
    0x08021a38   0x0000001c   Code   RO          508    i.xTaskGetSchedulerState  tasks.o
    0x08021a54   0x0000000c   Code   RO          509    i.xTaskGetTickCount  tasks.o
    0x08021a60   0x000000c8   Code   RO          511    i.xTaskIncrementTick  tasks.o
    0x08021b28   0x00000098   Code   RO          514    i.xTaskPriorityDisinherit  tasks.o
    0x08021bc0   0x00000074   Code   RO          515    i.xTaskRemoveFromEventList  tasks.o
    0x08021c34   0x000000c4   Code   RO          517    i.xTaskResumeAll    tasks.o
    0x08021cf8   0x0000004c   Code   RO          803    i.xTimerCreateTimerTask  timers.o
    0x08021d44   0x0000005c   Code   RO          804    i.xTimerGenericCommand  timers.o
    0x08021da0   0x0000000a   Code   RO         1665    x$fpl$fpinit        fz_wm.l(fpinit.o)
    0x08021daa   0x00000002   PAD
    0x08021dac   0x00000020   Data   RO         1732    Region$$Table       anon$$obj.o


    Execution Region RW_IRAM1 (Base: 0x20000000, Size: 0x00013420, Max: 0x00020000, ABSOLUTE)

    Base Addr    Size         Type   Attr      Idx    E Section Name        Object

    0x20000000   0x00000004   Data   RW            6    .data               main.o
    0x20000004   0x0000003c   Data   RW          520    .data               tasks.o
    0x20000040   0x00000014   Data   RW          810    .data               timers.o
    0x20000054   0x0000000c   Data   RW          918    .data               port.o
    0x20000060   0x00000018   Data   RW          993    .data               heap_4.o
    0x20000078   0x00000014   Data   RW         1529    .data               system_stm32f4xx.o
    0x2000008c   0x00000040   Zero   RW          309    .bss                queue.o
    0x200000cc   0x000000c8   Zero   RW          519    .bss                tasks.o
    0x20000194   0x00000028   Zero   RW          809    .bss                timers.o
    0x200001bc   0x00012c00   Zero   RW          992    .bss                heap_4.o
    0x20012dbc   0x00000060   Zero   RW         1607    .bss                c_w.l(libspace.o)
    0x20012e1c   0x00000004   PAD
    0x20012e20   0x00000200   Zero   RW         1517    HEAP                startup_stm32f40_41xxx.o
    0x20013020   0x00000400   Zero   RW         1516    STACK               startup_stm32f40_41xxx.o


==============================================================================

Image component sizes


      Code (inc. data)   RO Data    RW Data    ZI Data      Debug   Object Name

         0          0          0          0          0      11876   event_groups.o
       460         24          0         24      76800       4243   heap_4.o
        52          4          0          0          0        523   led.o
       136          0          0          0          0       3090   list.o
        88         28          0          4          0     267711   main.o
       758         82          0         12          0      11521   port.o
      1512         20          0          0         64      14249   queue.o
        64         26        392          0       1536        892   startup_stm32f40_41xxx.o
       128          0          0          0          0       1802   stm32f4xx_gpio.o
        24          6          0          0          0        633   stm32f4xx_rcc.o
       272         38          0         20          0       2073   system_stm32f4xx.o
      2154        180          0         60        200      21331   tasks.o
       856         82          0         20         40      16339   timers.o

    ----------------------------------------------------------------------
      6518        490        424        140      78640     356283   Object Totals
         0          0         32          0          0          0   (incl. Generated)
        14          0          0          0          0          0   (incl. Padding)

    ----------------------------------------------------------------------

      Code (inc. data)   RO Data    RW Data    ZI Data      Debug   Library Member Name

         8          0          0          0          0         68   __main.o
         0          0          0          0          0          0   __rtentry.o
        12          0          0          0          0          0   __rtentry2.o
         6          0          0          0          0          0   __rtentry4.o
        52          8          0          0          0          0   __scatter.o
        26          0          0          0          0          0   __scatter_copy.o
        28          0          0          0          0          0   __scatter_zi.o
        16          0          0          0          0         68   aeabi_memset.o
        12          0          0          0          0         72   exit.o
         6          0          0          0          0        152   heapauxi.o
         0          0          0          0          0          0   indicate_semi.o
         2          0          0          0          0          0   libinit.o
         6          0          0          0          0          0   libinit2.o
         2          0          0          0          0          0   libshutdown.o
         2          0          0          0          0          0   libshutdown2.o
         8          4          0          0         96         68   libspace.o
        68          0          0          0          0         68   rt_memclr.o
        78          0          0          0          0         80   rt_memclr_w.o
       138          0          0          0          0         68   rt_memcpy_v6.o
       100          0          0          0          0         80   rt_memcpy_w.o
         2          0          0          0          0          0   rtexit.o
        10          0          0          0          0          0   rtexit2.o
        12          4          0          0          0         68   sys_exit.o
        74          0          0          0          0         80   sys_stackheap_outer.o
         2          0          0          0          0         68   use_no_semi.o
        10          0          0          0          0        116   fpinit.o

    ----------------------------------------------------------------------
       686         16          0          0        100       1056   Library Totals
         6          0          0          0          4          0   (incl. Padding)

    ----------------------------------------------------------------------

      Code (inc. data)   RO Data    RW Data    ZI Data      Debug   Library Name

       670         16          0          0         96        940   c_w.l
        10          0          0          0          0        116   fz_wm.l

    ----------------------------------------------------------------------
       686         16          0          0        100       1056   Library Totals

    ----------------------------------------------------------------------

==============================================================================


      Code (inc. data)   RO Data    RW Data    ZI Data      Debug   

      7204        506        424        140      78740     350423   Grand Totals
      7204        506        424        140      78740     350423   ELF Image Totals
      7204        506        424        140          0          0   ROM Totals

==============================================================================

    Total RO  Size (Code + RO Data)                 7628 (   7.45kB)
    Total RW  Size (RW Data + ZI Data)             78880 (  77.03kB)
    Total ROM Size (Code + RO Data + RW Data)       7768 (   7.59kB)

==============================================================================

