<html>
<body>
<pre>
<h1>�Vision Build Log</h1>
<h2>Tool Versions:</h2>
IDE-Version: ��Vision V5.14.0.0
Copyright (C) 2015 ARM Ltd and ARM Germany GmbH. All rights reserved.
License Information: yjx 25359, yjx, LIC=0VRJ7-ECQZ7-24ISS-LKBRX-4TU50-FH3N6
 
Tool Versions:
Toolchain:       MDK-ARM Professional  Version: 5.14.0.0
Toolchain Path:  D:\develop\Keil\ARM\ARMCC\Bin
C Compiler:      Armcc.exe V5.05 update 1 (build 106)
Assembler:       Armasm.exe V5.05 update 1 (build 106)
Linker/Locator:  ArmLink.exe V5.05 update 1 (build 106)
Library Manager: ArmAr.exe V5.05 update 1 (build 106)
Hex Converter:   FromElf.exe V5.05 update 1 (build 106)
CPU DLL:         SARMCM3.DLL V5.14.0.0
Dialog DLL:      DCM.DLL V1.13.1.0
Target DLL:      Segger\JL2CM3.dll V2.99.13.0
Dialog DLL:      TCM.DLL V1.14.4.0
 
<h2>Project:</h2>
D:\develop\linux\public\YQ_VScode\JieDuan_4\new_stm32\stm32����\day11\Bootloader_stm\project.uvprojx
Project File Date:  08/16/2026

<h2>Output:</h2>
Build target 'Target 1'
compiling dsp_usart.c...
Bsp\dsp_usart.c(683): warning:  #870-D: invalid multibyte character sequence
      BLE_PRINTF("[OTA]   退出透传模式 (间隔1s �?+++)\r\n");
Bsp\dsp_usart.c(693): warning:  #870-D: invalid multibyte character sequence
          BLE_PRINTF("[OTA]   警告: AT无响�? 可能已在非透传模式\r\n");
Bsp\dsp_usart.c(745): warning:  #870-D: invalid multibyte character sequence
          BLE_PRINTF("[OTA]   开�?SSL 模式 (AT+CIPSSL=1)\r\n");
Bsp\dsp_usart.c(748): warning:  #870-D: invalid multibyte character sequence
          BLE_PRINTF("[OTA]   SSL 模式: %s\r\n", ret == 0 ? "OK" : "失败(将尝试继�?");
Bsp\dsp_usart.c(756): warning:  #870-D: invalid multibyte character sequence
      BLE_PRINTF("[OTA]   发�? %s", tcpcmd);
Bsp\dsp_usart.c(762): warning:  #870-D: invalid multibyte character sequence
          BLE_PRINTF("[OTA]   错误: 无法连接�?%s:%d\r\n", host, port);
Bsp\dsp_usart.c(791): warning:  #870-D: invalid multibyte character sequence
      BLE_PRINTF("[OTA]   请求已发�? 接收数据(不打�?收完再打�?...\r\n");
Bsp\dsp_usart.c(791): warning:  #870-D: invalid multibyte character sequence
      BLE_PRINTF("[OTA]   请求已发�? 接收数据(不打�?收完再打�?...\r\n");
Bsp\dsp_usart.c(791): warning:  #870-D: invalid multibyte character sequence
      BLE_PRINTF("[OTA]   请求已发�? 接收数据(不打�?收完再打�?...\r\n");
Bsp\dsp_usart.c(835): warning:  #870-D: invalid multibyte character sequence
          BLE_PRINTF("\r\n[OTA]   === 接收完成, �?%d 字节 ===\r\n", total);
Bsp\dsp_usart.c(852): warning:  #870-D: invalid multibyte character sequence
              BLE_PRINTF("[OTA]   === 打印完成, �?%d �?===\r\n", seg);
Bsp\dsp_usart.c(852): warning:  #870-D: invalid multibyte character sequence
              BLE_PRINTF("[OTA]   === 打印完成, �?%d �?===\r\n", seg);
Bsp\dsp_usart.c(1167): warning:  #870-D: invalid multibyte character sequence
                  BLE_PRINTF("[OTA]   IPD前缀不匹�? 期望'%c' 实际'%c'(0x%02X), 回到IDLE\r\n",
Bsp\dsp_usart.c(1189): warning:  #870-D: invalid multibyte character sequence
                      BLE_PRINTF("[OTA]   +IPD 包开�? 声明长度=%lu 字节\r\n", g_ipd_expect_len);
Bsp\dsp_usart.c(1207): warning:  #870-D: invalid multibyte character sequence
                  BLE_PRINTF("[OTA]   +IPD 包完�? 收到%lu/%lu字节, 回到IDLE\r\n",
Bsp\dsp_usart.c(1309): warning:  #870-D: invalid multibyte character sequence
          BLE_PRINTF("[OTA]   检测到 HTTPS (可能不支�? 降级尝试)\r\n");
Bsp\dsp_usart.c(1351): warning:  #870-D: invalid multibyte character sequence
      BLE_PRINTF("[OTA] 4.2 初始�?W25Q128 并擦�?64KB块擦�?...\r\n");
Bsp\dsp_usart.c(1351): warning:  #870-D: invalid multibyte character sequence
      BLE_PRINTF("[OTA] 4.2 初始�?W25Q128 并擦�?64KB块擦�?...\r\n");
Bsp\dsp_usart.c(1351): warning:  #870-D: invalid multibyte character sequence
      BLE_PRINTF("[OTA] 4.2 初始�?W25Q128 并擦�?64KB块擦�?...\r\n");
Bsp\dsp_usart.c(1363): warning:  #870-D: invalid multibyte character sequence
          BLE_PRINTF("[OTA]   需擦除 %lu 个块 (每块 64KB, �?%lu KB)...\r\n",
Bsp\dsp_usart.c(1370): warning:  #870-D: invalid multibyte character sequence
              BLE_PRINTF("[OTA]   擦除进度: %lu/%lu �?(0x%08lX)\r\n",
Bsp\dsp_usart.c(1429): warning:  #870-D: invalid multibyte character sequence
              BLE_PRINTF("[OTA]   尝试开�?SSL (CIPSSL=1)\r\n");
Bsp\dsp_usart.c(1449): warning:  #870-D: invalid multibyte character sequence
      BLE_PRINTF("[OTA] 4.5 发�?HTTP GET 请求 (非透传 CIPSEND=len)...\r\n");
Bsp\dsp_usart.c(1490): warning:  #870-D: invalid multibyte character sequence
                  BLE_PRINTF("[OTA] 错误: CIPSEND=%d 未收�?'>' 提示符\r\n", req_len);
Bsp\dsp_usart.c(1526): warning:  #870-D: invalid multibyte character sequence
          BLE_PRINTF("[OTA]   HTTP 请求已发�?(非透传), 开始IPD解析接收 (�?KB缓冲)...\r\n");
Bsp\dsp_usart.c(1526): warning:  #870-D: invalid multibyte character sequence
          BLE_PRINTF("[OTA]   HTTP 请求已发�?(非透传), 开始IPD解析接收 (�?KB缓冲)...\r\n");
Bsp\dsp_usart.c(1535): warning:  #870-D: invalid multibyte character sequence
      BLE_PRINTF("[OTA] 4.6 开始接�?(�?KB缓冲静默模式, 下载完成后打印结�?...\r\n");
Bsp\dsp_usart.c(1535): warning:  #870-D: invalid multibyte character sequence
      BLE_PRINTF("[OTA] 4.6 开始接�?(�?KB缓冲静默模式, 下载完成后打印结�?...\r\n");
Bsp\dsp_usart.c(1535): warning:  #870-D: invalid multibyte character sequence
      BLE_PRINTF("[OTA] 4.6 开始接�?(�?KB缓冲静默模式, 下载完成后打印结�?...\r\n");
Bsp\dsp_usart.c(1660): warning:  #870-D: invalid multibyte character sequence
              BLE_PRINTF("[OTA]   +IPD包解析成�?: %lu 个\r\n", (unsigned long)g_st_ipd_pkt_ok);
Bsp\dsp_usart.c(1661): warning:  #870-D: invalid multibyte character sequence
              BLE_PRINTF("[OTA]   IPD前缀不匹�? : %lu �?(异常包开�?回显混入)\r\n", (unsigned long)g_st_ipd_pkt_badpre);
Bsp\dsp_usart.c(1661): warning:  #870-D: invalid multibyte character sequence
              BLE_PRINTF("[OTA]   IPD前缀不匹�? : %lu �?(异常包开�?回显混入)\r\n", (unsigned long)g_st_ipd_pkt_badpre);
Bsp\dsp_usart.c(1661): warning:  #870-D: invalid multibyte character sequence
              BLE_PRINTF("[OTA]   IPD前缀不匹�? : %lu �?(异常包开�?回显混入)\r\n", (unsigned long)g_st_ipd_pkt_badpre);
Bsp\dsp_usart.c(1662): warning:  #870-D: invalid multibyte character sequence
              BLE_PRINTF("[OTA]   IPD长度异常    : %lu �?(长度字段非数字非:)\r\n", (unsigned long)g_st_ipd_pkt_badlen);
Bsp\dsp_usart.c(1665): warning:  #870-D: invalid multibyte character sequence
              BLE_PRINTF("[OTA]   单个IPD包最�? : %lu 字节\r\n", (unsigned long)min_len_show);
Bsp\dsp_usart.c(1666): warning:  #870-D: invalid multibyte character sequence
              BLE_PRINTF("[OTA]   单个IPD包最�? : %lu 字节 (典型MSS�?460)\r\n", (unsigned long)g_st_ipd_max_len);
Bsp\dsp_usart.c(1666): warning:  #870-D: invalid multibyte character sequence
              BLE_PRINTF("[OTA]   单个IPD包最�? : %lu 字节 (典型MSS�?460)\r\n", (unsigned long)g_st_ipd_max_len);
Bsp\dsp_usart.c(1667): warning:  #870-D: invalid multibyte character sequence
              BLE_PRINTF("[OTA]   三缓冲溢出次�? %lu �?(应为0, >0说明SPI写入过慢)\r\n", (unsigned long)g_ota_overflow_cnt);
Bsp\dsp_usart.c(1667): warning:  #870-D: invalid multibyte character sequence
              BLE_PRINTF("[OTA]   三缓冲溢出次�? %lu �?(应为0, >0说明SPI写入过慢)\r\n", (unsigned long)g_ota_overflow_cnt);
Bsp\dsp_usart.c(1668): warning:  #870-D: invalid multibyte character sequence
              BLE_PRINTF("[OTA]   IPD数据入缓�?: %lu 字节 (已剥+IPD前缀)\r\n", (unsigned long)ipd_total_payload);
Bsp\dsp_usart.c(1669): warning:  #870-D: invalid multibyte character sequence
              BLE_PRINTF("[OTA]   下载结束时IPD状态机末状�?= %d (0=IDLE正常)\r\n", (int)g_ipd_state);
Bsp\dsp_usart.c(1689): warning:  #870-D: invalid multibyte character sequence
      BLE_PRINTF("[OTA]   W25Q128 总写�?= %lu 字节\r\n", g_bin_recv_len);
Bsp\dsp_usart.c(1700): warning:  #870-D: invalid multibyte character sequence
          BLE_PRINTF("[OTA] --- �?512 字节 ---\r\n");
Bsp\dsp_usart.c(1721): warning:  #870-D: invalid multibyte character sequence
              BLE_PRINTF("[OTA] --- �?2KB 采样 ---\r\n");
Bsp\dsp_usart.c(1736): warning:  #870-D: invalid multibyte character sequence
              BLE_PRINTF("[OTA] --- 最�?512 字节 ---\r\n");
Bsp\dsp_usart.c(1777): warning:  #870-D: invalid multibyte character sequence
                         (http_status == 200) ? "OK" : "�?00,下载失败!");
Bsp\dsp_usart.c(1781): warning:  #870-D: invalid multibyte character sequence
              BLE_PRINTF("[OTA]   警告: 未发现HTTP/开�? �?字节: %02X %02X %02X %02X %02X %02X %02X %02X\r\n",
Bsp\dsp_usart.c(1781): warning:  #870-D: invalid multibyte character sequence
              BLE_PRINTF("[OTA]   警告: 未发现HTTP/开�? �?字节: %02X %02X %02X %02X %02X %02X %02X %02X\r\n",
Bsp\dsp_usart.c(1790): warning:  #870-D: invalid multibyte character sequence
              BLE_PRINTF("[OTA] 错误: 未找�?HTTP 头结束符 (\\r\\n\\r\\n)\r\n");
Bsp\dsp_usart.c(1791): warning:  #870-D: invalid multibyte character sequence
              BLE_PRINTF("[OTA]   �?4字节: %02X %02X %02X %02X %02X %02X %02X %02X\r\n",
Bsp\dsp_usart.c(1804): warning:  #870-D: invalid multibyte character sequence
              BLE_PRINTF("[OTA]   Content-Length: 命中 �?= %lu 字节\r\n", content_length);
Bsp\dsp_usart.c(1808): warning:  #870-D: invalid multibyte character sequence
              BLE_PRINTF("[OTA]   Content-Length: 缺失 �?(使用实际接收量判�?\r\n");
Bsp\dsp_usart.c(1808): warning:  #870-D: invalid multibyte character sequence
              BLE_PRINTF("[OTA]   Content-Length: 缺失 �?(使用实际接收量判�?\r\n");
Bsp\dsp_usart.c(1812): warning:  #870-D: invalid multibyte character sequence
          BLE_PRINTF("[OTA]   HTTP头长�?= %lu 字节\r\n", (unsigned long)g_fw_offset);
Bsp\dsp_usart.c(1814): warning:  #870-D: invalid multibyte character sequence
          BLE_PRINTF("[OTA]   固件大小 = %lu 字节 (总接�?- HTTP�?= %lu - %lu)\r\n",
Bsp\dsp_usart.c(1814): warning:  #870-D: invalid multibyte character sequence
          BLE_PRINTF("[OTA]   固件大小 = %lu 字节 (总接�?- HTTP�?= %lu - %lu)\r\n",
Bsp\dsp_usart.c(1821): warning:  #870-D: invalid multibyte character sequence
                                         BLE_PRINTF("[OTA]   实际 vs Content-Length 差异 = %ld 字节 (%s)\r\n",diff, (diff == 0) ? "完全匹配" : (diff > 0 ? "数据偏多" : "数据偏少,缺字�?"));
Bsp\dsp_usart.c(1829): warning:  #870-D: invalid multibyte character sequence
              BLE_PRINTF("[OTA]   固件�?6字节(向量�?:\r\n");
Bsp\dsp_usart.c(1829): warning:  #870-D: invalid multibyte character sequence
              BLE_PRINTF("[OTA]   固件�?6字节(向量�?:\r\n");
Bsp\dsp_usart.c(1842): warning:  #870-D: invalid multibyte character sequence
          BLE_PRINTF("[OTA] 错误: 固件大小不匹�? 期望=%lu 实际=%lu\r\n",
Bsp\dsp_usart.c(1854): warning:  #870-D: invalid multibyte character sequence
      BLE_PRINTF("[OTA] ======= 固件下载�?W25Q128: 成功! =======\r\n\r\n");
Bsp\dsp_usart.c(1291): warning:  #550-D: variable "last_print_len" was set but never used
      unsigned long last_print_len = 0;
Bsp\dsp_usart.c(1920): warning:  #870-D: invalid multibyte character sequence
      BLE_PRINTF("\r\n======== [OTA] 固件查询与下�?========\r\n");
Bsp\dsp_usart.c(1925): warning:  #870-D: invalid multibyte character sequence
      BLE_PRINTF("[OTA] 步骤1: 初始�?ESP8266\r\n");
Bsp\dsp_usart.c(1928): warning:  #870-D: invalid multibyte character sequence
          BLE_PRINTF("[OTA] 错误: ESP8266 初始化失�? 终止 OTA\r\n");
Bsp\dsp_usart.c(1966): warning:  #870-D: invalid multibyte character sequence
          BLE_PRINTF("[OTA]   打印完成, �?%d 段\r\n", seg);
Bsp\dsp_usart.c(1975): warning:  #870-D: invalid multibyte character sequence
              BLE_PRINTF("[OTA] 错误: 未找�?JSON 起始�?'{'\r\n");
Bsp\dsp_usart.c(1975): warning:  #870-D: invalid multibyte character sequence
              BLE_PRINTF("[OTA] 错误: 未找�?JSON 起始�?'{'\r\n");
Bsp\dsp_usart.c(2003): warning:  #870-D: invalid multibyte character sequence
              BLE_PRINTF("[OTA] 当前APP版本: %lu, 服务器版�? %d\r\n",
Bsp\dsp_usart.c(2007): warning:  #870-D: invalid multibyte character sequence
                  BLE_PRINTF("[OTA] 版本不大于当前版�? 无需升级, 显示提示并退回\r\n");
Bsp\dsp_usart.c(2012): warning:  #870-D: invalid multibyte character sequence
              BLE_PRINTF("[OTA] 服务器版本较�? 继续升级流程\r\n");
Bsp\dsp_usart.c(2029): warning:  #870-D: invalid multibyte character sequence
          BLE_PRINTF("[OTA] 错误: 固件下载�?W25Q128 失败, OTA 终止\r\n");
Bsp\dsp_usart.c(2035): warning:  #870-D: invalid multibyte character sequence
      BLE_PRINTF("[OTA] 步骤5: 校验元数�?vs 实际下载\r\n");
Bsp\dsp_usart.c(2036): warning:  #870-D: invalid multibyte character sequence
      BLE_PRINTF("[OTA]   元数据声�?size=%lu 字节\r\n", (unsigned long)meta.size);
Bsp\dsp_usart.c(2038): warning:  #870-D: invalid multibyte character sequence
      BLE_PRINTF("[OTA]   W25Q128 总写�?%lu 字节 (含HTTP�?\r\n", g_bin_recv_len);
Bsp\dsp_usart.c(2038): warning:  #870-D: invalid multibyte character sequence
      BLE_PRINTF("[OTA]   W25Q128 总写�?%lu 字节 (含HTTP�?\r\n", g_bin_recv_len);
Bsp\dsp_usart.c(2039): warning:  #870-D: invalid multibyte character sequence
      BLE_PRINTF("[OTA]   固件实际大小=%lu 字节 (去掉HTTP�?lu字节)\r\n",
Bsp\dsp_usart.c(2045): warning:  #870-D: invalid multibyte character sequence
          BLE_PRINTF("[OTA]   警告: 元数据size与固件实际大小不一�?(�?%ld字节)\r\n",
Bsp\dsp_usart.c(2045): warning:  #870-D: invalid multibyte character sequence
          BLE_PRINTF("[OTA]   警告: 元数据size与固件实际大小不一�?(�?%ld字节)\r\n",
Bsp\dsp_usart.c(2054): warning:  #870-D: invalid multibyte character sequence
      BLE_PRINTF("[OTA]   固件版本�?tag+version): %s_V%d\r\n", meta.tag, meta.version);
Bsp\dsp_usart.c(2058): warning:  #870-D: invalid multibyte character sequence
      BLE_PRINTF("[OTA]   开始搬�? 从W25Q128写入内部Flash并跳转\r\n");
Bsp\dsp_usart.c(1916): warning:  #177-D: variable "bin_resp" was declared but never referenced
      static char bin_resp[OTA_BIN_RESP_SIZE];
Bsp\dsp_usart.c(2127): warning:  #870-D: invalid multibyte character sequence
              BLE_PRINTF("[OTA-FLASH] 上次运行A(BKP1R)或默�? 将写入B分区 (0x%08X)\r\n", target_addr);
Bsp\dsp_usart.c(2137): warning:  #870-D: invalid multibyte character sequence
          BLE_PRINTF("[OTA-FLASH] 检测到HTTP�? 固件偏移=%lu\r\n", (unsigned long)fw_offset);
Bsp\dsp_usart.c(2143): warning:  #870-D: invalid multibyte character sequence
          BLE_PRINTF("[OTA-FLASH] 无HTTP�? 纯bin文件\r\n");
Bsp\dsp_usart.c(2148): warning:  #870-D: invalid multibyte character sequence
          BLE_PRINTF("[OTA-FLASH] 错误: 接收数据(%lu) <= HTTP�?%lu)\r\n",
Bsp\dsp_usart.c(2157): warning:  #870-D: invalid multibyte character sequence
      BLE_PRINTF("[OTA-FLASH] 解锁内部Flash, 开始擦�?..\r\n");
Bsp\dsp_usart.c(2212): warning:  #870-D: invalid multibyte character sequence
                  BLE_PRINTF("[OTA-FLASH] 错误: 末字节编程失�?@0x%08X\r\n",
Bsp\dsp_usart.c(2232): warning:  #870-D: invalid multibyte character sequence
      BLE_PRINTF("[OTA-FLASH] 开始校�?(memcmp read-back)...\r\n");
Bsp\dsp_usart.c(2268): warning:  #870-D: invalid multibyte character sequence
      BLE_PRINTF("[OTA-FLASH] 设置 BKP0R=0x%08X, 准备复位跳转�?x%08X\r\n",
Bsp\dsp_usart.c(2282): warning:  #111-D: statement is unreachable
      return 0;
Bsp\dsp_usart.c(1104): warning:  #177-D: function "_OTA_FeedHeaderByte" was declared but never referenced
  static int _OTA_FeedHeaderByte(uint8_t b)
Bsp\dsp_usart.c(1137): warning:  #177-D: function "_OTA_IPD_FeedByte" was declared but never referenced
  static int _OTA_IPD_FeedByte(uint8_t b, uint8_t *out_byte)
Bsp\dsp_usart.c(1225): warning:  #177-D: function "_OTA_ProcessRecvBuffer" was declared but never referenced
  static void _OTA_ProcessRecvBuffer(void)
Bsp\dsp_usart.c: 94 warnings, 0 errors
compiling oled_display.c...
Bsp\oled.h(52): warning:  #1295-D: Deprecated declaration Picture - give arg types
  void Picture();
Bsp\oled_display.c(16): warning:  #550-D: variable "s_ota_part" was set but never used
  static ota_part_t   s_ota_part       = OTA_PART_B;
Bsp\oled_display.c(87): warning:  #177-D: function "OTA_EraseRange" was declared but never referenced
  static void OTA_EraseRange(uint8_t x_start, uint8_t x_end, uint8_t y_page)
Bsp\oled_display.c: 3 warnings, 0 errors
compiling main.c...
.\Bsp\oled.h(52): warning:  #1295-D: Deprecated declaration Picture - give arg types
  void Picture();
main.c(175): warning:  #870-D: invalid multibyte character sequence
          BLE_PRINTF("[BOOT] 初始�?USART3(ESP8266) @115200\r\n");
main.c(177): warning:  #870-D: invalid multibyte character sequence
          BLE_PRINTF("[BOOT] 开�?OTA_HTTP_Test()\r\n");
main.c(181): warning:  #870-D: invalid multibyte character sequence
          BLE_PRINTF("[BOOT] OTA_HTTP_Test() 返回(升级失败或跳�?, 清除OTA标志进入正常启动\r\n");
main.c(217): warning:  #870-D: invalid multibyte character sequence
      BLE_PRINTF("[BOOT] AB分区均无�?启动救砖OTA强制下载到A区\r\n");
main.c: 5 warnings, 0 errors
linking...
Program Size: Code=28064 RO-data=4896 RW-data=4472 ZI-data=20456  
FromELF: creating hex file...
After Build - User command #1: D:\develop\Keil\ARM\ARMCC\bin\fromelf.exe --bin --output=.\Objects\project.bin .\Objects\project.axf
".\Objects\project.axf" - 0 Error(s), 102 Warning(s).

<h2>Software Packages used:</h2>

Package Vendor: ARM
                http://www.keil.com/pack/ARM.CMSIS.4.2.0.pack
                ARM::CMSIS:CORE:3.40.0
                CMSIS (Cortex Microcontroller Software Interface Standard)
   * Component: CORE Version: 3.40.0

Package Vendor: Keil
                http://www.keil.com/pack/Keil.STM32F4xx_DFP.1.0.8.pack
                Keil::Device:StdPeriph Drivers:Framework:1.3.1
                STMicroelectronics STM32F4 Series Device Support, Drivers and Examples
   * Component: Framework Version: 1.3.1
   * Component: Startup Version: 1.3.1
   * Component: I2C Version: 1.3.0
   * Component: Flash Version: 1.3.0
   * Component: USART Version: 1.3.0
   * Component: RCC Version: 1.3.0
   * Component: GPIO Version: 1.3.0
   * Component: SYSCFG Version: 1.3.0
   * Component: TIM Version: 1.3.0
   * Component: PWR Version: 1.3.0

<h2>Collection of Component include folders:</h2>
  D:\develop\linux\public\YQ_VScode\JieDuan_4\new_stm32\stm32����\day11\Bootloader_stm\RTE
  D:\develop\linux\public\YQ_VScode\JieDuan_4\new_stm32\stm32����\day11\Bootloader_stm\RTE\Device\STM32F407ZE
  D:\develop\Keil\ARM\PACK\ARM\CMSIS\4.2.0\CMSIS\Include
  D:\develop\Keil\ARM\PACK\Keil\STM32F4xx_DFP\1.0.8\Device\Include
  D:\develop\Keil\ARM\PACK\Keil\STM32F4xx_DFP\1.0.8\Device\StdPeriph_Driver\inc

<h2>Collection of Component Files used:</h2>

   * Component: ARM::CMSIS:CORE:3.40.0
      Source file:   CMSIS\UserCodeTemplates\ARM\ITM_Retarget.c

   * Component: Keil::Device:StdPeriph Drivers:Framework:1.3.1
      Source file:   Device\StdPeriph_Driver\templates\stm32f4xx_it.c
      Source file:   Device\StdPeriph_Driver\src\misc.c
      Source file:   Device\StdPeriph_Driver\templates\stm32f4xx_conf.h
      Include file:  Device\StdPeriph_Driver\templates\stm32f4xx_it.h

   * Component: Keil::Device:Startup:1.3.1
      Include file:  RTE_Driver\Config\RTE_Device.h
      Source file:   Device\Source\ARM\startup_stm32f40_41xxx.s
      Source file:   Device\Source\ARM\STM32F40xxx_41xxx_OPT.s
      Source file:   Device\Source\ARM\STM32F4xx_OTP.s
      Include file:  Device\Include\stm32f4xx.h
      Source file:   Device\Source\system_stm32f4xx.c

   * Component: Keil::Device:StdPeriph Drivers:I2C:1.3.0
      Source file:   Device\StdPeriph_Driver\src\stm32f4xx_i2c.c
      Include file:  Device\StdPeriph_Driver\inc\stm32f4xx_i2c.h

   * Component: Keil::Device:StdPeriph Drivers:Flash:1.3.0
      Include file:  Device\StdPeriph_Driver\inc\stm32f4xx_flash.h
      Source file:   Device\StdPeriph_Driver\src\stm32f4xx_flash.c

   * Component: Keil::Device:StdPeriph Drivers:USART:1.3.0
      Source file:   Device\StdPeriph_Driver\src\stm32f4xx_usart.c
      Include file:  Device\StdPeriph_Driver\inc\stm32f4xx_usart.h

   * Component: Keil::Device:StdPeriph Drivers:RCC:1.3.0
      Source file:   Device\StdPeriph_Driver\src\stm32f4xx_rcc.c
      Include file:  Device\StdPeriph_Driver\inc\stm32f4xx_rcc.h

   * Component: Keil::Device:StdPeriph Drivers:GPIO:1.3.0
      Include file:  Device\StdPeriph_Driver\inc\stm32f4xx_gpio.h
      Source file:   Device\StdPeriph_Driver\src\stm32f4xx_gpio.c

   * Component: Keil::Device:StdPeriph Drivers:SYSCFG:1.3.0
      Include file:  Device\StdPeriph_Driver\inc\stm32f4xx_syscfg.h
      Source file:   Device\StdPeriph_Driver\src\stm32f4xx_syscfg.c

   * Component: Keil::Device:StdPeriph Drivers:TIM:1.3.0
      Source file:   Device\StdPeriph_Driver\src\stm32f4xx_tim.c
      Include file:  Device\StdPeriph_Driver\inc\stm32f4xx_tim.h

   * Component: Keil::Device:StdPeriph Drivers:PWR:1.3.0
      Include file:  Device\StdPeriph_Driver\inc\stm32f4xx_pwr.h
      Source file:   Device\StdPeriph_Driver\src\stm32f4xx_pwr.c
</pre>
</body>
</html>
