Component: ARM Compiler 5.05 update 1 (build 106) Tool: armlink [4d0efa]

==============================================================================

Section Cross References

    delay.o(i.delay_ms) refers to delay.o(i.delay_us) for delay_us
    delay.o(i.delay_s) refers to delay.o(i.delay_ms) for delay_ms
    delay.o(i.delay_us) refers to system_stm32f4xx.o(.data) for SystemCoreClock
    func_led.o(i.Func_LED_Init) refers to stm32f4xx_rcc.o(i.RCC_AHB1PeriphClockCmd) for RCC_AHB1PeriphClockCmd
    func_led.o(i.Func_LED_Init) refers to stm32f4xx_gpio.o(i.GPIO_Init) for GPIO_Init
    func_led.o(i.Func_LED_Init) refers to stm32f4xx_gpio.o(i.GPIO_SetBits) for GPIO_SetBits
    dsp_usart.o(i.BLE_PRINTF) refers to printfa.o(i.__0vsnprintf) for vsnprintf
    dsp_usart.o(i.BLE_PRINTF) refers to dsp_usart.o(i.LOG_USART2_SEND) for LOG_USART2_SEND
    dsp_usart.o(i.Boot_Print) refers to printfa.o(i.__0vsnprintf) for vsnprintf
    dsp_usart.o(i.Boot_Print) refers to dsp_usart.o(i.LOG_USART2_SEND) for LOG_USART2_SEND
    dsp_usart.o(i.ESP8266_Connect_Server) refers to delay.o(i.delay_s) for delay_s
    dsp_usart.o(i.ESP8266_Connect_Server) refers to dsp_usart.o(i.ESP8266_Send_AT) for ESP8266_Send_AT
    dsp_usart.o(i.ESP8266_Connect_Server) refers to dsp_usart.o(i.ESP8266_Recv_ACK) for ESP8266_Recv_ACK
    dsp_usart.o(i.ESP8266_Connect_Server) refers to memseta.o(.text) for __aeabi_memclr4
    dsp_usart.o(i.ESP8266_Connect_Server) refers to printfa.o(i.__0sprintf) for __2sprintf
    dsp_usart.o(i.ESP8266_Recv_ACK) refers to strstr.o(.text) for strstr
    dsp_usart.o(i.ESP8266_Recv_ACK) refers to delay.o(i.delay_ms) for delay_ms
    dsp_usart.o(i.ESP8266_Recv_ACK) refers to dsp_usart.o(i.BLE_PRINTF) for BLE_PRINTF
    dsp_usart.o(i.ESP8266_Recv_ACK) refers to memseta.o(.text) for __aeabi_memclr
    dsp_usart.o(i.ESP8266_Recv_ACK) refers to dsp_usart.o(.bss) for recv_buff
    dsp_usart.o(i.ESP8266_Recv_ACK) refers to dsp_usart.o(.data) for u3_count
    dsp_usart.o(i.ESP8266_Send_AT) refers to stm32f4xx_usart.o(i.USART_SendData) for USART_SendData
    dsp_usart.o(i.ESP8266_Send_AT) refers to stm32f4xx_usart.o(i.USART_GetFlagStatus) for USART_GetFlagStatus
    dsp_usart.o(i.ESP8266_Send_AT) refers to strlen.o(.text) for strlen
    dsp_usart.o(i.LOG_USART2_SEND) refers to strlen.o(.text) for strlen
    dsp_usart.o(i.LOG_USART2_SEND) refers to stm32f4xx_usart.o(i.USART_SendData) for USART_SendData
    dsp_usart.o(i.LOG_USART2_SEND) refers to stm32f4xx_usart.o(i.USART_GetFlagStatus) for USART_GetFlagStatus
    dsp_usart.o(i.OTA_FlashAndJump) refers to dsp_usart.o(i.BLE_PRINTF) for BLE_PRINTF
    dsp_usart.o(i.OTA_FlashAndJump) refers to w25q128.o(i.w25q128_readdata) for w25q128_readdata
    dsp_usart.o(i.OTA_FlashAndJump) refers to memcmp.o(.text) for memcmp
    dsp_usart.o(i.OTA_FlashAndJump) refers to stm32f4xx_flash_1.o(i.FLASH_Unlock) for FLASH_Unlock
    dsp_usart.o(i.OTA_FlashAndJump) refers to stm32f4xx_flash_1.o(i.FLASH_EraseSector) for FLASH_EraseSector
    dsp_usart.o(i.OTA_FlashAndJump) refers to stm32f4xx_flash_1.o(i.FLASH_ProgramHalfWord) for FLASH_ProgramHalfWord
    dsp_usart.o(i.OTA_FlashAndJump) refers to oled_display.o(i.OLED_OTA_SetResult) for OLED_OTA_SetResult
    dsp_usart.o(i.OTA_FlashAndJump) refers to stm32f4xx_flash_1.o(i.FLASH_Lock) for FLASH_Lock
    dsp_usart.o(i.OTA_FlashAndJump) refers to stm32f4xx_flash_1.o(i.FLASH_ProgramByte) for FLASH_ProgramByte
    dsp_usart.o(i.OTA_FlashAndJump) refers to oled_display.o(i.OLED_OTA_SetProgress) for OLED_OTA_SetProgress
    dsp_usart.o(i.OTA_FlashAndJump) refers to dsp_usart.o(.conststring) for .conststring
    dsp_usart.o(i.OTA_FlashAndJump) refers to dsp_usart.o(.data) for g_fw_offset
    dsp_usart.o(i.OTA_FlashAndJump) refers to delay.o(i.delay_ms) for delay_ms
    dsp_usart.o(i.OTA_HTTP_Test) refers to dsp_usart.o(i.BLE_PRINTF) for BLE_PRINTF
    dsp_usart.o(i.OTA_HTTP_Test) refers to oled_display.o(i.OLED_OTA_SetStage) for OLED_OTA_SetStage
    dsp_usart.o(i.OTA_HTTP_Test) refers to dsp_usart.o(i._OTA_InitESP8266) for _OTA_InitESP8266
    dsp_usart.o(i.OTA_HTTP_Test) refers to oled_display.o(i.OLED_OTA_SetResult) for OLED_OTA_SetResult
    dsp_usart.o(i.OTA_HTTP_Test) refers to oled_display.o(i.OLED_OTA_SetProgress) for OLED_OTA_SetProgress
    dsp_usart.o(i.OTA_HTTP_Test) refers to dsp_usart.o(i._OTA_HTTP_Get) for _OTA_HTTP_Get
    dsp_usart.o(i.OTA_HTTP_Test) refers to strlen.o(.text) for strlen
    dsp_usart.o(i.OTA_HTTP_Test) refers to memmovea.o(.text) for __aeabi_memcpy
    dsp_usart.o(i.OTA_HTTP_Test) refers to delay.o(i.delay_ms) for delay_ms
    dsp_usart.o(i.OTA_HTTP_Test) refers to strchr.o(.text) for strchr
    dsp_usart.o(i.OTA_HTTP_Test) refers to dsp_usart.o(i._OTA_ParseJsonMetadata) for _OTA_ParseJsonMetadata
    dsp_usart.o(i.OTA_HTTP_Test) refers to dsp_usart.o(i._OTA_GetCurrentAppVersion) for _OTA_GetCurrentAppVersion
    dsp_usart.o(i.OTA_HTTP_Test) refers to oled_display.o(i.OLED_OTA_ShowLatest) for OLED_OTA_ShowLatest
[...]
    Removing stm32f4xx_tim.o(i.TIM_OC4PreloadConfig), (26 bytes).
    Removing stm32f4xx_tim.o(i.TIM_OCStructInit), (20 bytes).
    Removing stm32f4xx_tim.o(i.TIM_PWMIConfig), (124 bytes).
    Removing stm32f4xx_tim.o(i.TIM_PrescalerConfig), (6 bytes).
    Removing stm32f4xx_tim.o(i.TIM_RemapConfig), (6 bytes).
    Removing stm32f4xx_tim.o(i.TIM_SelectCCDMA), (24 bytes).
    Removing stm32f4xx_tim.o(i.TIM_SelectCOM), (24 bytes).
    Removing stm32f4xx_tim.o(i.TIM_SelectHallSensor), (24 bytes).
    Removing stm32f4xx_tim.o(i.TIM_SelectInputTrigger), (18 bytes).
    Removing stm32f4xx_tim.o(i.TIM_SelectMasterSlaveMode), (18 bytes).
    Removing stm32f4xx_tim.o(i.TIM_SelectOCxM), (86 bytes).
    Removing stm32f4xx_tim.o(i.TIM_SelectOnePulseMode), (18 bytes).
    Removing stm32f4xx_tim.o(i.TIM_SelectOutputTrigger), (18 bytes).
    Removing stm32f4xx_tim.o(i.TIM_SelectSlaveMode), (18 bytes).
    Removing stm32f4xx_tim.o(i.TIM_SetAutoreload), (4 bytes).
    Removing stm32f4xx_tim.o(i.TIM_SetClockDivision), (18 bytes).
    Removing stm32f4xx_tim.o(i.TIM_SetCompare1), (4 bytes).
    Removing stm32f4xx_tim.o(i.TIM_SetCompare2), (4 bytes).
    Removing stm32f4xx_tim.o(i.TIM_SetCompare3), (4 bytes).
    Removing stm32f4xx_tim.o(i.TIM_SetCompare4), (4 bytes).
    Removing stm32f4xx_tim.o(i.TIM_SetCounter), (4 bytes).
    Removing stm32f4xx_tim.o(i.TIM_SetIC1Prescaler), (18 bytes).
    Removing stm32f4xx_tim.o(i.TIM_SetIC2Prescaler), (26 bytes).
    Removing stm32f4xx_tim.o(i.TIM_SetIC3Prescaler), (18 bytes).
    Removing stm32f4xx_tim.o(i.TIM_SetIC4Prescaler), (26 bytes).
    Removing stm32f4xx_tim.o(i.TIM_TIxExternalClockConfig), (62 bytes).
    Removing stm32f4xx_tim.o(i.TIM_TimeBaseInit), (132 bytes).
    Removing stm32f4xx_tim.o(i.TIM_TimeBaseStructInit), (18 bytes).
    Removing stm32f4xx_tim.o(i.TIM_UpdateDisableConfig), (24 bytes).
    Removing stm32f4xx_tim.o(i.TIM_UpdateRequestConfig), (24 bytes).
    Removing stm32f4xx_usart.o(.rev16_text), (4 bytes).
    Removing stm32f4xx_usart.o(.revsh_text), (4 bytes).
    Removing stm32f4xx_usart.o(.rrx_text), (6 bytes).
    Removing stm32f4xx_usart.o(i.USART_ClearFlag), (18 bytes).
    Removing stm32f4xx_usart.o(i.USART_ClockInit), (32 bytes).
    Removing stm32f4xx_usart.o(i.USART_ClockStructInit), (12 bytes).
    Removing stm32f4xx_usart.o(i.USART_DMACmd), (18 bytes).
    Removing stm32f4xx_usart.o(i.USART_DeInit), (240 bytes).
    Removing stm32f4xx_usart.o(i.USART_HalfDuplexCmd), (24 bytes).
    Removing stm32f4xx_usart.o(i.USART_IrDACmd), (24 bytes).
    Removing stm32f4xx_usart.o(i.USART_IrDAConfig), (18 bytes).
    Removing stm32f4xx_usart.o(i.USART_LINBreakDetectLengthConfig), (18 bytes).
    Removing stm32f4xx_usart.o(i.USART_LINCmd), (24 bytes).
    Removing stm32f4xx_usart.o(i.USART_OneBitMethodCmd), (24 bytes).
    Removing stm32f4xx_usart.o(i.USART_OverSampling8Cmd), (22 bytes).
    Removing stm32f4xx_usart.o(i.USART_ReceiverWakeUpCmd), (24 bytes).
    Removing stm32f4xx_usart.o(i.USART_SendBreak), (10 bytes).
    Removing stm32f4xx_usart.o(i.USART_SetAddress), (18 bytes).
    Removing stm32f4xx_usart.o(i.USART_SetGuardTime), (16 bytes).
    Removing stm32f4xx_usart.o(i.USART_SetPrescaler), (16 bytes).
    Removing stm32f4xx_usart.o(i.USART_SmartCardCmd), (24 bytes).
    Removing stm32f4xx_usart.o(i.USART_SmartCardNACKCmd), (24 bytes).
    Removing stm32f4xx_usart.o(i.USART_StructInit), (24 bytes).
    Removing stm32f4xx_usart.o(i.USART_WakeUpConfig), (18 bytes).
    Removing startup_stm32f40_41xxx.o(HEAP), (512 bytes).
    Removing system_stm32f4xx.o(.rev16_text), (4 bytes).
    Removing system_stm32f4xx.o(.revsh_text), (4 bytes).
    Removing system_stm32f4xx.o(.rrx_text), (6 bytes).
    Removing system_stm32f4xx.o(i.SystemCoreClockUpdate), (192 bytes).

381 unused section(s) (total 14637 bytes) removed from the image.

==============================================================================

Image Symbol Table

    Local Symbols

    Symbol Name                              Value     Ov Type        Size  Object(Section)

    ../clib/../cmprslib/zerorunl2.c          0x00000000   Number         0  __dczerorl2.o ABSOLUTE
    ../clib/microlib/ctype/ctype.c           0x00000000   Number         0  isspace_c.o ABSOLUTE
    ../clib/microlib/ctype/ctype.c           0x00000000   Number         0  ctype_c.o ABSOLUTE
    ../clib/microlib/division.c              0x00000000   Number         0  uldiv.o ABSOLUTE
    ../clib/microlib/division.c              0x00000000   Number         0  uidiv.o ABSOLUTE
    ../clib/microlib/init/entry.s            0x00000000   Number         0  entry11b.o ABSOLUTE
    ../clib/microlib/init/entry.s            0x00000000   Number         0  entry5.o ABSOLUTE
    ../clib/microlib/init/entry.s            0x00000000   Number         0  entry8a.o ABSOLUTE
    ../clib/microlib/init/entry.s            0x00000000   Number         0  entry7a.o ABSOLUTE
    ../clib/microlib/init/entry.s            0x00000000   Number         0  entry8b.o ABSOLUTE
    ../clib/microlib/init/entry.s            0x00000000   Number         0  entry9a.o ABSOLUTE
    ../clib/microlib/init/entry.s            0x00000000   Number         0  entry.o ABSOLUTE
    ../clib/microlib/init/entry.s            0x00000000   Number         0  entry9b.o ABSOLUTE
    ../clib/microlib/init/entry.s            0x00000000   Number         0  entry10b.o ABSOLUTE
    ../clib/microlib/init/entry.s            0x00000000   Number         0  entry11a.o ABSOLUTE
    ../clib/microlib/init/entry.s            0x00000000   Number         0  entry2.o ABSOLUTE
    ../clib/microlib/init/entry.s            0x00000000   Number         0  entry10a.o ABSOLUTE
    ../clib/microlib/init/entry.s            0x00000000   Number         0  entry7b.o ABSOLUTE
    ../clib/microlib/longlong.c              0x00000000   Number         0  llsshr.o ABSOLUTE
    ../clib/microlib/longlong.c              0x00000000   Number         0  llshl.o ABSOLUTE
    ../clib/microlib/longlong.c              0x00000000   Number         0  llushr.o ABSOLUTE
    ../clib/microlib/printf/printf.c         0x00000000   Number         0  printf7.o ABSOLUTE
    ../clib/microlib/printf/printf.c         0x00000000   Number         0  printfa.o ABSOLUTE
    ../clib/microlib/printf/printf.c         0x00000000   Number         0  printf8.o ABSOLUTE
    ../clib/microlib/printf/printf.c         0x00000000   Number         0  printf1.o ABSOLUTE
    ../clib/microlib/printf/printf.c         0x00000000   Number         0  printfb.o ABSOLUTE
    ../clib/microlib/printf/printf.c         0x00000000   Number         0  printf0.o ABSOLUTE
    ../clib/microlib/printf/printf.c         0x00000000   Number         0  printf2.o ABSOLUTE
    ../clib/microlib/printf/printf.c         0x00000000   Number         0  printf3.o ABSOLUTE
    ../clib/microlib/printf/printf.c         0x00000000   Number         0  printf4.o ABSOLUTE
    ../clib/microlib/printf/printf.c         0x00000000   Number         0  printf5.o ABSOLUTE
    ../clib/microlib/printf/printf.c         0x00000000   Number         0  printf6.o ABSOLUTE
    ../clib/microlib/printf/stubs.s          0x00000000   Number         0  stubs.o ABSOLUTE
    ../clib/microlib/stdio/fputc.c           0x00000000   Number         0  fputc.o ABSOLUTE
    ../clib/microlib/stdio/semi.s            0x00000000   Number         0  semi.o ABSOLUTE
    ../clib/microlib/stdio/streams.c         0x00000000   Number         0  stdout.o ABSOLUTE
    ../clib/microlib/string/memcmp.c         0x00000000   Number         0  memcmp.o ABSOLUTE
    ../clib/microlib/string/memcpy.c         0x00000000   Number         0  memcpya.o ABSOLUTE
    ../clib/microlib/string/memcpy.c         0x00000000   Number         0  memmovea.o ABSOLUTE
    ../clib/microlib/string/memcpy.c         0x00000000   Number         0  memmoveb.o ABSOLUTE
    ../clib/microlib/string/memcpy.c         0x00000000   Number         0  memcpyb.o ABSOLUTE
    ../clib/microlib/string/memset.c         0x00000000   Number         0  memseta.o ABSOLUTE
    ../clib/microlib/string/strchr.c         0x00000000   Number         0  strchr.o ABSOLUTE
    ../clib/microlib/string/strlen.c         0x00000000   Number         0  strlen.o ABSOLUTE
    ../clib/microlib/string/strncmp.c        0x00000000   Number         0  strncmp.o ABSOLUTE
    ../clib/microlib/string/strncpy.c        0x00000000   Number         0  strncpy.o ABSOLUTE
    ../clib/microlib/string/strstr.c         0x00000000   Number         0  strstr.o ABSOLUTE
    ../clib/microlib/stubs.s                 0x00000000   Number         0  iusefp.o ABSOLUTE
    ../clib/microlib/stubs.s                 0x00000000   Number         0  iusesemip.o ABSOLUTE
    ../clib/scanf.c                          0x00000000   Number         0  _sgetc.o ABSOLUTE
    ../clib/scanf.c                          0x00000000   Number         0  scanf_char.o ABSOLUTE
    ../clib/scanf.c                          0x00000000   Number         0  __0sscanf.o ABSOLUTE
    ../clib/scanf.c                          0x00000000   Number         0  _scanf_longlong.o ABSOLUTE
    ../clib/scanf.c                          0x00000000   Number         0  _scanf_int.o ABSOLUTE
    ../clib/scanf.c                          0x00000000   Number         0  _scanf_str.o ABSOLUTE
    ../clib/scanf.c                          0x00000000   Number         0  _scanf.o ABSOLUTE
    ../clib/scanf.c                          0x00000000   Number         0  _chval.o ABSOLUTE
    ../fplib/microlib/fpadd.c                0x00000000   Number         0  dadd.o ABSOLUTE
    ../fplib/microlib/fpdiv.c                0x00000000   Number         0  ddiv.o ABSOLUTE
    ../fplib/microlib/fpepilogue.c           0x00000000   Number         0  depilogue.o ABSOLUTE
    ../fplib/microlib/fpfix.c                0x00000000   Number         0  dfixul.o ABSOLUTE
    ../fplib/microlib/fpmul.c                0x00000000   Number         0  dmul.o ABSOLUTE
    Bsp\24c02.c                              0x00000000   Number         0  24c02.o ABSOLUTE
    Bsp\\24c02.c                             0x00000000   Number         0  24c02.o ABSOLUTE
    Bsp\\dsp_usart.c                         0x00000000   Number         0  dsp_usart.o ABSOLUTE
    Bsp\\func_led.c                          0x00000000   Number         0  func_led.o ABSOLUTE
    Bsp\\iic.c                               0x00000000   Number         0  iic.o ABSOLUTE
    Bsp\\led.c                               0x00000000   Number         0  led.o ABSOLUTE
    Bsp\\oled.c                              0x00000000   Number         0  oled.o ABSOLUTE
    Bsp\\oled_display.c                      0x00000000   Number         0  oled_display.o ABSOLUTE
    Bsp\\pwm.c                               0x00000000   Number         0  pwm.o ABSOLUTE
    Bsp\\reg_led.c                           0x00000000   Number         0  reg_led.o ABSOLUTE
    Bsp\\spi.c                               0x00000000   Number         0  spi.o ABSOLUTE
    Bsp\\w25q128.c                           0x00000000   Number         0  w25q128.o ABSOLUTE
    Bsp\dsp_usart.c                          0x00000000   Number         0  dsp_usart.o ABSOLUTE
    Bsp\func_led.c                           0x00000000   Number         0  func_led.o ABSOLUTE
    Bsp\iic.c                                0x00000000   Number         0  iic.o ABSOLUTE
    Bsp\led.c                                0x00000000   Number         0  led.o ABSOLUTE
    Bsp\oled.c                               0x00000000   Number         0  oled.o ABSOLUTE
    Bsp\oled_display.c                       0x00000000   Number         0  oled_display.o ABSOLUTE
    Bsp\pwm.c                                0x00000000   Number         0  pwm.o ABSOLUTE
    Bsp\reg_led.c                            0x00000000   Number         0  reg_led.o ABSOLUTE
    Bsp\spi.c                                0x00000000   Number         0  spi.o ABSOLUTE
    Bsp\w25q128.c                            0x00000000   Number         0  w25q128.o ABSOLUTE
    D:\\develop\\Keil\\ARM\\PACK\\Keil\\STM32F4xx_DFP\\1.0.8\\Device\\StdPeriph_Driver\\src\\misc.c 0x00000000   Number         0  misc.o ABSOLUTE
    D:\\develop\\Keil\\ARM\\PACK\\Keil\\STM32F4xx_DFP\\1.0.8\\Device\\StdPeriph_Driver\\src\\stm32f4xx_flash.c 0x00000000   Number         0  stm32f4xx_flash_1.o ABSOLUTE
    D:\\develop\\Keil\\ARM\\PACK\\Keil\\STM32F4xx_DFP\\1.0.8\\Device\\StdPeriph_Driver\\src\\stm32f4xx_gpio.c 0x00000000   Number         0  stm32f4xx_gpio.o ABSOLUTE
    D:\\develop\\Keil\\ARM\\PACK\\Keil\\STM32F4xx_DFP\\1.0.8\\Device\\StdPeriph_Driver\\src\\stm32f4xx_i2c.c 0x00000000   Number         0  stm32f4xx_i2c.o ABSOLUTE
    D:\\develop\\Keil\\ARM\\PACK\\Keil\\STM32F4xx_DFP\\1.0.8\\Device\\StdPeriph_Driver\\src\\stm32f4xx_pwr.c 0x00000000   Number         0  stm32f4xx_pwr.o ABSOLUTE
    D:\\develop\\Keil\\ARM\\PACK\\Keil\\STM32F4xx_DFP\\1.0.8\\Device\\StdPeriph_Driver\\src\\stm32f4xx_rcc.c 0x00000000   Number         0  stm32f4xx_rcc.o ABSOLUTE
    D:\\develop\\Keil\\ARM\\PACK\\Keil\\STM32F4xx_DFP\\1.0.8\\Device\\StdPeriph_Driver\\src\\stm32f4xx_syscfg.c 0x00000000   Number         0  stm32f4xx_syscfg.o ABSOLUTE
    D:\\develop\\Keil\\ARM\\PACK\\Keil\\STM32F4xx_DFP\\1.0.8\\Device\\StdPeriph_Driver\\src\\stm32f4xx_tim.c 0x00000000   Number         0  stm32f4xx_tim.o ABSOLUTE
    D:\\develop\\Keil\\ARM\\PACK\\Keil\\STM32F4xx_DFP\\1.0.8\\Device\\StdPeriph_Driver\\src\\stm32f4xx_usart.c 0x00000000   Number         0  stm32f4xx_usart.o ABSOLUTE
    D:\develop\Keil\ARM\PACK\Keil\STM32F4xx_DFP\1.0.8\Device\StdPeriph_Driver\src\misc.c 0x00000000   Number         0  misc.o ABSOLUTE
    D:\develop\Keil\ARM\PACK\Keil\STM32F4xx_DFP\1.0.8\Device\StdPeriph_Driver\src\stm32f4xx_flash.c 0x00000000   Number         0  stm32f4xx_flash_1.o ABSOLUTE
    D:\develop\Keil\ARM\PACK\Keil\STM32F4xx_DFP\1.0.8\Device\StdPeriph_Driver\src\stm32f4xx_gpio.c 0x00000000   Number         0  stm32f4xx_gpio.o ABSOLUTE
    D:\develop\Keil\ARM\PACK\Keil\STM32F4xx_DFP\1.0.8\Device\StdPeriph_Driver\src\stm32f4xx_i2c.c 0x00000000   Number         0  stm32f4xx_i2c.o ABSOLUTE
    D:\develop\Keil\ARM\PACK\Keil\STM32F4xx_DFP\1.0.8\Device\StdPeriph_Driver\src\stm32f4xx_pwr.c 0x00000000   Number         0  stm32f4xx_pwr.o ABSOLUTE
    D:\develop\Keil\ARM\PACK\Keil\STM32F4xx_DFP\1.0.8\Device\StdPeriph_Driver\src\stm32f4xx_rcc.c 0x00000000   Number         0  stm32f4xx_rcc.o ABSOLUTE
    D:\develop\Keil\ARM\PACK\Keil\STM32F4xx_DFP\1.0.8\Device\StdPeriph_Driver\src\stm32f4xx_syscfg.c 0x00000000   Number         0  stm32f4xx_syscfg.o ABSOLUTE
    D:\develop\Keil\ARM\PACK\Keil\STM32F4xx_DFP\1.0.8\Device\StdPeriph_Driver\src\stm32f4xx_tim.c 0x00000000   Number         0  stm32f4xx_tim.o ABSOLUTE
    D:\develop\Keil\ARM\PACK\Keil\STM32F4xx_DFP\1.0.8\Device\StdPeriph_Driver\src\stm32f4xx_usart.c 0x00000000   Number         0  stm32f4xx_usart.o ABSOLUTE
    Public\\delay.c                          0x00000000   Number         0  delay.o ABSOLUTE
    Public\delay.c                           0x00000000   Number         0  delay.o ABSOLUTE
    RTE\Device\STM32F407ZE\startup_stm32f40_41xxx.s 0x00000000   Number         0  startup_stm32f40_41xxx.o ABSOLUTE
    RTE\Device\STM32F407ZE\system_stm32f4xx.c 0x00000000   Number         0  system_stm32f4xx.o ABSOLUTE
    RTE\\Device\\STM32F407ZE\\system_stm32f4xx.c 0x00000000   Number         0  system_stm32f4xx.o ABSOLUTE
    cdrcmple.s                               0x00000000   Number         0  cdrcmple.o ABSOLUTE
    dc.s                                     0x00000000   Number         0  dc.o ABSOLUTE
    handlers.s                               0x00000000   Number         0  handlers.o ABSOLUTE
    init.s                                   0x00000000   Number         0  init.o ABSOLUTE
    main.c                                   0x00000000   Number         0  main.o ABSOLUTE
    main.c                                   0x00000000   Number         0  main.o ABSOLUTE
    RESET                                    0x08000000   Section      392  startup_stm32f40_41xxx.o(RESET)
    .ARM.Collect$$$$00000000                 0x08000188   Section        0  entry.o(.ARM.Collect$$$$00000000)
    .ARM.Collect$$$$00000001                 0x08000188   Section        4  entry2.o(.ARM.Collect$$$$00000001)
    .ARM.Collect$$$$00000004                 0x0800018c   Section        4  entry5.o(.ARM.Collect$$$$00000004)
    .ARM.Collect$$$$00000008                 0x08000190   Section        0  entry7b.o(.ARM.Collect$$$$00000008)
    .ARM.Collect$$$$0000000A                 0x08000190   Section        0  entry8b.o(.ARM.Collect$$$$0000000A)
    .ARM.Collect$$$$0000000B                 0x08000190   Section        8  entry9a.o(.ARM.Collect$$$$0000000B)
    .ARM.Collect$$$$0000000D                 0x08000198   Section        0  entry10a.o(.ARM.Collect$$$$0000000D)
    .ARM.Collect$$$$0000000F                 0x08000198   Section        0  entry11a.o(.ARM.Collect$$$$0000000F)
    .ARM.Collect$$$$00002712                 0x08000198   Section        4  entry2.o(.ARM.Collect$$$$00002712)
    __lit__00000000                          0x08000198   Data           4  entry2.o(.ARM.Collect$$$$00002712)
    .text                                    0x0800019c   Section       36  startup_stm32f40_41xxx.o(.text)
    $v0                                      0x0800019c   Number         0  startup_stm32f40_41xxx.o(.text)
    .text                                    0x080001c0   Section        0  uldiv.o(.text)
    .text                                    0x08000222   Section        0  memmovea.o(.text)
    .text                                    0x08000262   Section        0  memseta.o(.text)
    .text                                    0x08000286   Section        0  strstr.o(.text)
    .text                                    0x080002aa   Section        0  strncpy.o(.text)
    .text                                    0x080002c2   Section        0  strchr.o(.text)
    .text                                    0x080002d6   Section        0  strlen.o(.text)
    .text                                    0x080002e4   Section        0  memcmp.o(.text)
    .text                                    0x080002fe   Section        0  strncmp.o(.text)
    .text                                    0x0800031c   Section        0  __0sscanf.o(.text)
    .text                                    0x08000354   Section        0  _scanf_longlong.o(.text)
    .text                                    0x080004aa   Section        0  _scanf_int.o(.text)
    .text                                    0x080005f6   Section        0  _scanf_str.o(.text)
    .text                                    0x080006d6   Section        0  uidiv.o(.text)
    .text                                    0x08000702   Section        0  llshl.o(.text)
    .text                                    0x08000720   Section        0  llushr.o(.text)
    .text                                    0x08000740   Section        0  _chval.o(.text)
    .text                                    0x0800075c   Section        0  scanf_char.o(.text)
    _scanf_char_input                        0x0800075d   Thumb Code    12  scanf_char.o(.text)
    .text                                    0x08000784   Section        0  _sgetc.o(.text)
    .text                                    0x080007c4   Section        0  dadd.o(.text)
    .text                                    0x080007c4   Section        0  iusefp.o(.text)
    .text                                    0x08000912   Section        0  dmul.o(.text)
    .text                                    0x080009f6   Section        0  ddiv.o(.text)
    .text                                    0x08000ad4   Section        0  dfixul.o(.text)
    .text                                    0x08000b04   Section       48  cdrcmple.o(.text)
    .text                                    0x08000b34   Section       36  init.o(.text)
    .text                                    0x08000b58   Section        0  llsshr.o(.text)
    .text                                    0x08000b7c   Section        0  isspace_c.o(.text)
    .text                                    0x08000b88   Section        0  _scanf.o(.text)
    .text                                    0x08000eb4   Section        0  depilogue.o(.text)
    .text                                    0x08000f70   Section        0  ctype_c.o(.text)
    .text                                    0x08000f98   Section        0  __dczerorl2.o(.text)
    i.BLE_PRINTF                             0x08000fee   Section        0  dsp_usart.o(i.BLE_PRINTF)
    i.Boot_Partition                         0x08001016   Section        0  main.o(i.Boot_Partition)
    i.Check_APP_Valid                        0x0800106c   Section        0  main.o(i.Check_APP_Valid)
    i.Delay_Init                             0x080010c0   Section        0  delay.o(i.Delay_Init)
    i.ESP8266_Recv_ACK                       0x080010e8   Section        0  dsp_usart.o(i.ESP8266_Recv_ACK)
    i.ESP8266_Send_AT                        0x08001194   Section        0  dsp_usart.o(i.ESP8266_Send_AT)
    i.FLASH_EraseSector                      0x080011c8   Section        0  stm32f4xx_flash_1.o(i.FLASH_EraseSector)
    i.FLASH_GetStatus                        0x08001250   Section        0  stm32f4xx_flash_1.o(i.FLASH_GetStatus)
    i.FLASH_Lock                             0x080012a4   Section        0  stm32f4xx_flash_1.o(i.FLASH_Lock)
    i.FLASH_ProgramByte                      0x080012b8   Section        0  stm32f4xx_flash_1.o(i.FLASH_ProgramByte)
    i.FLASH_ProgramHalfWord                  0x08001304   Section        0  stm32f4xx_flash_1.o(i.FLASH_ProgramHalfWord)
    i.FLASH_Unlock                           0x08001354   Section        0  stm32f4xx_flash_1.o(i.FLASH_Unlock)
    i.FLASH_WaitForLastOperation             0x08001378   Section        0  stm32f4xx_flash_1.o(i.FLASH_WaitForLastOperation)
    i.Func_LED_Init                          0x0800139c   Section        0  func_led.o(i.Func_LED_Init)
    i.GPIO_Init                              0x08001400   Section        0  stm32f4xx_gpio.o(i.GPIO_Init)
    i.GPIO_PinAFConfig                       0x08001490   Section        0  stm32f4xx_gpio.o(i.GPIO_PinAFConfig)
    i.GPIO_ResetBits                         0x080014d6   Section        0  stm32f4xx_gpio.o(i.GPIO_ResetBits)
    i.GPIO_SetBits                           0x080014da   Section        0  stm32f4xx_gpio.o(i.GPIO_SetBits)
    i.Jump_To_Application                    0x080014e0   Section        0  main.o(i.Jump_To_Application)
    i.LOG_USART2_SEND                        0x08001530   Section        0  dsp_usart.o(i.LOG_USART2_SEND)
    i.NVIC_Init                              0x08001564   Section        0  misc.o(i.NVIC_Init)
    i.OLED_Clear                             0x080015dc   Section        0  oled.o(i.OLED_Clear)
    i.OLED_Fill                              0x0800161a   Section        0  oled.o(i.OLED_Fill)
    i.OLED_Init                              0x08001668   Section        0  oled.o(i.OLED_Init)
    i.OLED_OTA_DrawIcon                      0x08001790   Section        0  oled_display.o(i.OLED_OTA_DrawIcon)
    i.OLED_OTA_Init                          0x080017cc   Section        0  oled_display.o(i.OLED_OTA_Init)
    i.OLED_OTA_SetProgress                   0x08001818   Section        0  oled_display.o(i.OLED_OTA_SetProgress)
    i.OLED_OTA_SetResult                     0x08001828   Section        0  oled_display.o(i.OLED_OTA_SetResult)
    i.OLED_OTA_SetStage                      0x0800185c   Section        0  oled_display.o(i.OLED_OTA_SetStage)
    i.OLED_OTA_ShowLatest                    0x08001898   Section        0  oled_display.o(i.OLED_OTA_ShowLatest)
    i.OLED_Set_Pos                           0x080018f0   Section        0  oled.o(i.OLED_Set_Pos)
    i.OLED_ShowCHinese                       0x08001918   Section        0  oled.o(i.OLED_ShowCHinese)
    i.OLED_ShowChar                          0x08001980   Section        0  oled.o(i.OLED_ShowChar)
    i.OLED_ShowString                        0x08001a24   Section        0  oled.o(i.OLED_ShowString)
    i.OLED_WR_Byte                           0x08001a5e   Section        0  oled.o(i.OLED_WR_Byte)
    i.OTA_FlashAndJump                       0x08001a78   Section        0  dsp_usart.o(i.OTA_FlashAndJump)
    i.OTA_FmtBytes                           0x08002348   Section        0  oled_display.o(i.OTA_FmtBytes)
    OTA_FmtBytes                             0x08002349   Thumb Code    84  oled_display.o(i.OTA_FmtBytes)
    i.OTA_HTTP_Test                          0x080023b8   Section        0  dsp_usart.o(i.OTA_HTTP_Test)
    i.PA2_3_USART2_Init                      0x08002bac   Section        0  dsp_usart.o(i.PA2_3_USART2_Init)
    i.PA9_10_USART1_Init                     0x08002c58   Section        0  dsp_usart.o(i.PA9_10_USART1_Init)
    i.PB10_11_ESP8266_Init                   0x08002d04   Section        0  dsp_usart.o(i.PB10_11_ESP8266_Init)
    i.PWR_BackupAccessCmd                    0x08002db0   Section        0  stm32f4xx_pwr.o(i.PWR_BackupAccessCmd)
    i.RCC_AHB1PeriphClockCmd                 0x08002dbc   Section        0  stm32f4xx_rcc.o(i.RCC_AHB1PeriphClockCmd)
    i.RCC_APB1PeriphClockCmd                 0x08002ddc   Section        0  stm32f4xx_rcc.o(i.RCC_APB1PeriphClockCmd)
    i.RCC_APB2PeriphClockCmd                 0x08002dfc   Section        0  stm32f4xx_rcc.o(i.RCC_APB2PeriphClockCmd)
    i.RCC_GetClocksFreq                      0x08002e1c   Section        0  stm32f4xx_rcc.o(i.RCC_GetClocksFreq)
    i.Record_LastBoot                        0x08002f04   Section        0  main.o(i.Record_LastBoot)
    i.SetSysClock                            0x08002f30   Section        0  system_stm32f4xx.o(i.SetSysClock)
    SetSysClock                              0x08002f31   Thumb Code   220  system_stm32f4xx.o(i.SetSysClock)
    i.Spi_Mode0_SendRecvByte                 0x0800301c   Section        0  spi.o(i.Spi_Mode0_SendRecvByte)
    i.SystemInit                             0x0800307c   Section        0  system_stm32f4xx.o(i.SystemInit)
    i.USART1_IRQHandler                      0x080030e4   Section        0  dsp_usart.o(i.USART1_IRQHandler)
    i.USART2_IRQHandler                      0x08003174   Section        0  dsp_usart.o(i.USART2_IRQHandler)
    i.USART3_IRQHandler                      0x08003234   Section        0  dsp_usart.o(i.USART3_IRQHandler)
    i.USART_ClearITPendingBit                0x08003614   Section        0  stm32f4xx_usart.o(i.USART_ClearITPendingBit)
    i.USART_Cmd                              0x08003632   Section        0  stm32f4xx_usart.o(i.USART_Cmd)
    i.USART_GetFlagStatus                    0x0800364a   Section        0  stm32f4xx_usart.o(i.USART_GetFlagStatus)
    i.USART_GetITStatus                      0x08003664   Section        0  stm32f4xx_usart.o(i.USART_GetITStatus)
    i.USART_ITConfig                         0x080036b8   Section        0  stm32f4xx_usart.o(i.USART_ITConfig)
    i.USART_Init                             0x08003704   Section        0  stm32f4xx_usart.o(i.USART_Init)
    i.USART_ReceiveData                      0x080037d8   Section        0  stm32f4xx_usart.o(i.USART_ReceiveData)
    i.USART_SendData                         0x080037e2   Section        0  stm32f4xx_usart.o(i.USART_SendData)
    i.Write_IIC_Command                      0x080037ea   Section        0  oled.o(i.Write_IIC_Command)
    i.Write_IIC_Data                         0x08003816   Section        0  oled.o(i.Write_IIC_Data)
    i._OTA_DrawProgress                      0x08003844   Section        0  oled_display.o(i._OTA_DrawProgress)
    _OTA_DrawProgress                        0x08003845   Thumb Code   270  oled_display.o(i._OTA_DrawProgress)
    i._OTA_DrawTitle                         0x0800396c   Section        0  oled_display.o(i._OTA_DrawTitle)
    _OTA_DrawTitle                           0x0800396d   Thumb Code    96  oled_display.o(i._OTA_DrawTitle)
    i._OTA_GetCurrentAppVersion              0x080039f0   Section        0  dsp_usart.o(i._OTA_GetCurrentAppVersion)
    _OTA_GetCurrentAppVersion                0x080039f1   Thumb Code   130  dsp_usart.o(i._OTA_GetCurrentAppVersion)
    i._OTA_HTTP_Get                          0x08003a94   Section        0  dsp_usart.o(i._OTA_HTTP_Get)
    _OTA_HTTP_Get                            0x08003a95   Thumb Code   516  dsp_usart.o(i._OTA_HTTP_Get)
    i._OTA_InitESP8266                       0x08003ec8   Section        0  dsp_usart.o(i._OTA_InitESP8266)
    _OTA_InitESP8266                         0x08003ec9   Thumb Code   278  dsp_usart.o(i._OTA_InitESP8266)
    i._OTA_ParseJsonMetadata                 0x080041b0   Section        0  dsp_usart.o(i._OTA_ParseJsonMetadata)
    _OTA_ParseJsonMetadata                   0x080041b1   Thumb Code   580  dsp_usart.o(i._OTA_ParseJsonMetadata)
    i._OTA_RefreshResult                     0x08004458   Section        0  oled_display.o(i._OTA_RefreshResult)
    _OTA_RefreshResult                       0x08004459   Thumb Code   164  oled_display.o(i._OTA_RefreshResult)
    i._OTA_RefreshStage                      0x08004524   Section        0  oled_display.o(i._OTA_RefreshStage)
    _OTA_RefreshStage                        0x08004525   Thumb Code   294  oled_display.o(i._OTA_RefreshStage)
    i.__0snprintf                            0x0800465c   Section        0  printfa.o(i.__0snprintf)
    i.__0sprintf                             0x08004684   Section        0  printfa.o(i.__0sprintf)
    i.__0vsnprintf                           0x080046ac   Section        0  printfa.o(i.__0vsnprintf)
    i.__scatterload_copy                     0x080046d0   Section       14  handlers.o(i.__scatterload_copy)
    i.__scatterload_null                     0x080046de   Section        2  handlers.o(i.__scatterload_null)
    i.__scatterload_zeroinit                 0x080046e0   Section       14  handlers.o(i.__scatterload_zeroinit)
    i._fp_digits                             0x080046f0   Section        0  printfa.o(i._fp_digits)
    _fp_digits                               0x080046f1   Thumb Code   334  printfa.o(i._fp_digits)
    i._printf_core                           0x08004854   Section        0  printfa.o(i._printf_core)
    _printf_core                             0x08004855   Thumb Code  1744  printfa.o(i._printf_core)
    i._printf_post_padding                   0x08004f30   Section        0  printfa.o(i._printf_post_padding)
    _printf_post_padding                     0x08004f31   Thumb Code    36  printfa.o(i._printf_post_padding)
    i._printf_pre_padding                    0x08004f54   Section        0  printfa.o(i._printf_pre_padding)
    _printf_pre_padding                      0x08004f55   Thumb Code    46  printfa.o(i._printf_pre_padding)
    i._snputc                                0x08004f82   Section        0  printfa.o(i._snputc)
    _snputc                                  0x08004f83   Thumb Code    22  printfa.o(i._snputc)
    i._sputc                                 0x08004f98   Section        0  printfa.o(i._sputc)
    _sputc                                   0x08004f99   Thumb Code    10  printfa.o(i._sputc)
    i.codeDownload                           0x08004fa4   Section        0  dsp_usart.o(i.codeDownload)
    i.delay_ms                               0x080067f0   Section        0  delay.o(i.delay_ms)
    i.delay_s                                0x08006808   Section        0  delay.o(i.delay_s)
    i.delay_us                               0x08006820   Section        0  delay.o(i.delay_us)
    i.iic_recvAck                            0x08006850   Section        0  iic.o(i.iic_recvAck)
    i.iic_sendbyte                           0x08006894   Section        0  iic.o(i.iic_sendbyte)
    i.iic_start                              0x08006904   Section        0  iic.o(i.iic_start)
    i.iic_stop                               0x0800694c   Section        0  iic.o(i.iic_stop)
    i.main                                   0x0800698c   Section        0  main.o(i.main)
    i.oled_setmode                           0x08006c74   Section        0  oled.o(i.oled_setmode)
    i.w25q128_WritePageData                  0x08006cc4   Section        0  w25q128.o(i.w25q128_WritePageData)
    i.w25q128_blockErase64K                  0x08006d50   Section        0  w25q128.o(i.w25q128_blockErase64K)
    i.w25q128_init                           0x08006dc0   Section        0  w25q128.o(i.w25q128_init)
    i.w25q128_readID                         0x08006e14   Section        0  w25q128.o(i.w25q128_readID)
    i.w25q128_readdata                       0x08006e64   Section        0  w25q128.o(i.w25q128_readdata)
    i.w25q128_readstatus                     0x08006eb8   Section        0  w25q128.o(i.w25q128_readstatus)
    i.w25q128_writeDisable                   0x08006ee8   Section        0  w25q128.o(i.w25q128_writeDisable)
    i.w25q128_writeEnable                    0x08006f08   Section        0  w25q128.o(i.w25q128_writeEnable)
    .constdata                               0x08006f28   Section     2072  oled.o(.constdata)
    .constdata                               0x08007740   Section      288  oled_display.o(.constdata)
    ota_icon_48x46                           0x08007740   Data         288  oled_display.o(.constdata)
    .constdata                               0x08007860   Section       64  ctype_c.o(.constdata)
    .conststring                             0x080078a0   Section     1886  dsp_usart.o(.conststring)
    .conststring                             0x08008000   Section      158  main.o(.conststring)
    .data                                    0x20000000   Section      104  dsp_usart.o(.data)
    g_ipd_state                              0x2000001c   Data           1  dsp_usart.o(.data)
    g_ipd_expect_len                         0x20000020   Data           4  dsp_usart.o(.data)
    g_ipd_recv_len                           0x20000024   Data           4  dsp_usart.o(.data)
    g_ipd_skip_cnt                           0x20000028   Data           1  dsp_usart.o(.data)
    g_st_ipd_pkt_ok                          0x2000002c   Data           4  dsp_usart.o(.data)
    g_st_ipd_pkt_badpre                      0x20000030   Data           4  dsp_usart.o(.data)
    g_st_ipd_pkt_badlen                      0x20000034   Data           4  dsp_usart.o(.data)
    g_st_ipd_pkt_empty                       0x20000038   Data           4  dsp_usart.o(.data)
    g_st_ipd_idle_drop                       0x2000003c   Data           4  dsp_usart.o(.data)
    g_st_ipd_max_len                         0x20000040   Data           4  dsp_usart.o(.data)
    g_st_ipd_min_len                         0x20000044   Data           4  dsp_usart.o(.data)
    g_http_state                             0x20000048   Data           1  dsp_usart.o(.data)
    g_header_buf_cnt                         0x2000004a   Data           2  dsp_usart.o(.data)
    g_fw_offset                              0x2000004c   Data           4  dsp_usart.o(.data)
    g_w25q_write_addr                        0x20000058   Data           4  dsp_usart.o(.data)
    g_page_buf_cnt                           0x2000005c   Data           2  dsp_usart.o(.data)
    wifi_tmp_cnt                             0x20000065   Data           1  dsp_usart.o(.data)
    count                                    0x20000066   Data           1  dsp_usart.o(.data)
    u2_count                                 0x20000067   Data           1  dsp_usart.o(.data)
    .data                                    0x20000068   Section     4288  oled.o(.data)
    .data                                    0x20001128   Section       44  oled_display.o(.data)
    s_bt_status                              0x20001128   Data           1  oled_display.o(.data)
    s_wifi_status                            0x20001129   Data           1  oled_display.o(.data)
    s_gear                                   0x2000112a   Data           1  oled_display.o(.data)
    s_ota_mode                               0x2000112b   Data           1  oled_display.o(.data)
    s_ota_part                               0x2000112c   Data           1  oled_display.o(.data)
    s_ota_stage                              0x2000112d   Data           1  oled_display.o(.data)
    s_ota_final                              0x2000112e   Data           1  oled_display.o(.data)
    s_ota_err                                0x20001130   Data           4  oled_display.o(.data)
    s_ota_cd                                 0x20001134   Data           4  oled_display.o(.data)
    s_last_stage                             0x20001138   Data           1  oled_display.o(.data)
    s_last_pct                               0x2000113c   Data           4  oled_display.o(.data)
    s_last_done                              0x20001140   Data           4  oled_display.o(.data)
    s_last_final                             0x20001144   Data           1  oled_display.o(.data)
    s_last_err                               0x20001148   Data           4  oled_display.o(.data)
    s_last_cd                                0x2000114c   Data           4  oled_display.o(.data)
    s_last_anim                              0x20001150   Data           4  oled_display.o(.data)
    .data                                    0x20001154   Section       16  stm32f4xx_rcc.o(.data)
    APBAHBPrescTable                         0x20001154   Data          16  stm32f4xx_rcc.o(.data)
    .data                                    0x20001164   Section       20  system_stm32f4xx.o(.data)
    .bss                                     0x20001178   Section    19428  dsp_usart.o(.bss)
    g_header_buf                             0x20004178   Data        1024  dsp_usart.o(.bss)
    g_page_buf                               0x20004578   Data         256  dsp_usart.o(.bss)
    wifi_tmp                                 0x2000505c   Data         256  dsp_usart.o(.bss)
    head_buf                                 0x2000515c   Data        1024  dsp_usart.o(.bss)
    meta_resp                                0x2000555c   Data        1024  dsp_usart.o(.bss)
    bin_resp                                 0x2000595c   Data        1024  dsp_usart.o(.bss)
    STACK                                    0x20005d60   Section     1024  startup_stm32f40_41xxx.o(STACK)

    Global Symbols

    Symbol Name                              Value     Ov Type        Size  Object(Section)

    BuildAttributes$$THM_ISAv4$E$P$D$K$B$S$7EM$VFPi3$EXTD16$VFPS$VFMA$PE$A:L22UL41UL21$X:L11$S22US41US21$IEEE1$IW$USESV6$~STKCKD$USESV7$~SHL$OSPACE$ROPI$EBA8$MICROLIB$REQ8$PRES8$EABIv2 0x00000000   Number         0  anon$$obj.o ABSOLUTE
    __ARM_use_no_argv                        0x00000000   Number         0  main.o ABSOLUTE
    _printf_a                                0x00000000   Number         0  stubs.o ABSOLUTE
    _printf_c                                0x00000000   Number         0  stubs.o ABSOLUTE
    _printf_charcount                        0x00000000   Number         0  stubs.o ABSOLUTE
    _printf_d                                0x00000000   Number         0  stubs.o ABSOLUTE
    _printf_e                                0x00000000   Number         0  stubs.o ABSOLUTE
    _printf_f                                0x00000000   Number         0  stubs.o ABSOLUTE
    _printf_flags                            0x00000000   Number         0  stubs.o ABSOLUTE
    _printf_fp_dec                           0x00000000   Number         0  stubs.o ABSOLUTE
    _printf_fp_hex                           0x00000000   Number         0  stubs.o ABSOLUTE
    _printf_g                                0x00000000   Number         0  stubs.o ABSOLUTE
    _printf_i                                0x00000000   Number         0  stubs.o ABSOLUTE
    _printf_int_dec                          0x00000000   Number         0  stubs.o ABSOLUTE
    _printf_l                                0x00000000   Number         0  stubs.o ABSOLUTE
    _printf_lc                               0x00000000   Number         0  stubs.o ABSOLUTE
    _printf_ll                               0x00000000   Number         0  stubs.o ABSOLUTE
    _printf_lld                              0x00000000   Number         0  stubs.o ABSOLUTE
    _printf_lli                              0x00000000   Number         0  stubs.o ABSOLUTE
    _printf_llo                              0x00000000   Number         0  stubs.o ABSOLUTE
    _printf_llu                              0x00000000   Number         0  stubs.o ABSOLUTE
    _printf_llx                              0x00000000   Number         0  stubs.o ABSOLUTE
    _printf_longlong_dec                     0x00000000   Number         0  stubs.o ABSOLUTE
    _printf_longlong_hex                     0x00000000   Number         0  stubs.o ABSOLUTE
    _printf_longlong_oct                     0x00000000   Number         0  stubs.o ABSOLUTE
    _printf_ls                               0x00000000   Number         0  stubs.o ABSOLUTE
    _printf_mbtowc                           0x00000000   Number         0  stubs.o ABSOLUTE
    _printf_n                                0x00000000   Number         0  stubs.o ABSOLUTE
    _printf_o                                0x00000000   Number         0  stubs.o ABSOLUTE
    _printf_p                                0x00000000   Number         0  stubs.o ABSOLUTE
    _printf_percent                          0x00000000   Number         0  stubs.o ABSOLUTE
    _printf_pre_padding                      0x00000000   Number         0  stubs.o ABSOLUTE
    _printf_return_value                     0x00000000   Number         0  stubs.o ABSOLUTE
    _printf_s                                0x00000000   Number         0  stubs.o ABSOLUTE
    _printf_sizespec                         0x00000000   Number         0  stubs.o ABSOLUTE
    _printf_str                              0x00000000   Number         0  stubs.o ABSOLUTE
    _printf_truncate_signed                  0x00000000   Number         0  stubs.o ABSOLUTE
    _printf_truncate_unsigned                0x00000000   Number         0  stubs.o ABSOLUTE
    _printf_u                                0x00000000   Number         0  stubs.o ABSOLUTE
    _printf_wc                               0x00000000   Number         0  stubs.o ABSOLUTE
    _printf_wctomb                           0x00000000   Number         0  stubs.o ABSOLUTE
    _printf_widthprec                        0x00000000   Number         0  stubs.o ABSOLUTE
    _printf_x                                0x00000000   Number         0  stubs.o ABSOLUTE
    __cpp_initialize__aeabi_                  - Undefined Weak Reference
    __cxa_finalize                            - Undefined Weak Reference
    _clock_init                               - Undefined Weak Reference
    _microlib_exit                            - Undefined Weak Reference
    _scanf_real                               - Undefined Weak Reference
    __Vectors_Size                           0x00000188   Number         0  startup_stm32f40_41xxx.o ABSOLUTE
    __Vectors                                0x08000000   Data           4  startup_stm32f40_41xxx.o(RESET)
    __Vectors_End                            0x08000188   Data           0  startup_stm32f40_41xxx.o(RESET)
    __main                                   0x08000189   Thumb Code     0  entry.o(.ARM.Collect$$$$00000000)
    _main_stk                                0x08000189   Thumb Code     0  entry2.o(.ARM.Collect$$$$00000001)
    _main_scatterload                        0x0800018d   Thumb Code     0  entry5.o(.ARM.Collect$$$$00000004)
    __main_after_scatterload                 0x08000191   Thumb Code     0  entry5.o(.ARM.Collect$$$$00000004)
    _main_clock                              0x08000191   Thumb Code     0  entry7b.o(.ARM.Collect$$$$00000008)
    _main_cpp_init                           0x08000191   Thumb Code     0  entry8b.o(.ARM.Collect$$$$0000000A)
    _main_init                               0x08000191   Thumb Code     0  entry9a.o(.ARM.Collect$$$$0000000B)
    __rt_final_cpp                           0x08000199   Thumb Code     0  entry10a.o(.ARM.Collect$$$$0000000D)
    __rt_final_exit                          0x08000199   Thumb Code     0  entry11a.o(.ARM.Collect$$$$0000000F)
    Reset_Handler                            0x0800019d   Thumb Code     8  startup_stm32f40_41xxx.o(.text)
    NMI_Handler                              0x080001a5   Thumb Code     2  startup_stm32f40_41xxx.o(.text)
    HardFault_Handler                        0x080001a7   Thumb Code     2  startup_stm32f40_41xxx.o(.text)
    MemManage_Handler                        0x080001a9   Thumb Code     2  startup_stm32f40_41xxx.o(.text)
    BusFault_Handler                         0x080001ab   Thumb Code     2  startup_stm32f40_41xxx.o(.text)
    UsageFault_Handler                       0x080001ad   Thumb Code     2  startup_stm32f40_41xxx.o(.text)
    SVC_Handler                              0x080001af   Thumb Code     2  startup_stm32f40_41xxx.o(.text)
    DebugMon_Handler                         0x080001b1   Thumb Code     2  startup_stm32f40_41xxx.o(.text)
    PendSV_Handler                           0x080001b3   Thumb Code     2  startup_stm32f40_41xxx.o(.text)
    SysTick_Handler                          0x080001b5   Thumb Code     2  startup_stm32f40_41xxx.o(.text)
    ADC_IRQHandler                           0x080001b7   Thumb Code     0  startup_stm32f40_41xxx.o(.text)
    CAN1_RX0_IRQHandler                      0x080001b7   Thumb Code     0  startup_stm32f40_41xxx.o(.text)
    CAN1_RX1_IRQHandler                      0x080001b7   Thumb Code     0  startup_stm32f40_41xxx.o(.text)
    CAN1_SCE_IRQHandler                      0x080001b7   Thumb Code     0  startup_stm32f40_41xxx.o(.text)
    CAN1_TX_IRQHandler                       0x080001b7   Thumb Code     0  startup_stm32f40_41xxx.o(.text)
    CAN2_RX0_IRQHandler                      0x080001b7   Thumb Code     0  startup_stm32f40_41xxx.o(.text)
    CAN2_RX1_IRQHandler                      0x080001b7   Thumb Code     0  startup_stm32f40_41xxx.o(.text)
    CAN2_SCE_IRQHandler                      0x080001b7   Thumb Code     0  startup_stm32f40_41xxx.o(.text)
    CAN2_TX_IRQHandler                       0x080001b7   Thumb Code     0  startup_stm32f40_41xxx.o(.text)
    CRYP_IRQHandler                          0x080001b7   Thumb Code     0  startup_stm32f40_41xxx.o(.text)
    DCMI_IRQHandler                          0x080001b7   Thumb Code     0  startup_stm32f40_41xxx.o(.text)
    DMA1_Stream0_IRQHandler                  0x080001b7   Thumb Code     0  startup_stm32f40_41xxx.o(.text)
    DMA1_Stream1_IRQHandler                  0x080001b7   Thumb Code     0  startup_stm32f40_41xxx.o(.text)
    DMA1_Stream2_IRQHandler                  0x080001b7   Thumb Code     0  startup_stm32f40_41xxx.o(.text)
    DMA1_Stream3_IRQHandler                  0x080001b7   Thumb Code     0  startup_stm32f40_41xxx.o(.text)
    DMA1_Stream4_IRQHandler                  0x080001b7   Thumb Code     0  startup_stm32f40_41xxx.o(.text)
    DMA1_Stream5_IRQHandler                  0x080001b7   Thumb Code     0  startup_stm32f40_41xxx.o(.text)
    DMA1_Stream6_IRQHandler                  0x080001b7   Thumb Code     0  startup_stm32f40_41xxx.o(.text)
    DMA1_Stream7_IRQHandler                  0x080001b7   Thumb Code     0  startup_stm32f40_41xxx.o(.text)
    DMA2_Stream0_IRQHandler                  0x080001b7   Thumb Code     0  startup_stm32f40_41xxx.o(.text)
    DMA2_Stream1_IRQHandler                  0x080001b7   Thumb Code     0  startup_stm32f40_41xxx.o(.text)
    DMA2_Stream2_IRQHandler                  0x080001b7   Thumb Code     0  startup_stm32f40_41xxx.o(.text)
    DMA2_Stream3_IRQHandler                  0x080001b7   Thumb Code     0  startup_stm32f40_41xxx.o(.text)
    DMA2_Stream4_IRQHandler                  0x080001b7   Thumb Code     0  startup_stm32f40_41xxx.o(.text)
    DMA2_Stream5_IRQHandler                  0x080001b7   Thumb Code     0  startup_stm32f40_41xxx.o(.text)
    DMA2_Stream6_IRQHandler                  0x080001b7   Thumb Code     0  startup_stm32f40_41xxx.o(.text)
    DMA2_Stream7_IRQHandler                  0x080001b7   Thumb Code     0  startup_stm32f40_41xxx.o(.text)
    ETH_IRQHandler                           0x080001b7   Thumb Code     0  startup_stm32f40_41xxx.o(.text)
    ETH_WKUP_IRQHandler                      0x080001b7   Thumb Code     0  startup_stm32f40_41xxx.o(.text)
    EXTI0_IRQHandler                         0x080001b7   Thumb Code     0  startup_stm32f40_41xxx.o(.text)
    EXTI15_10_IRQHandler                     0x080001b7   Thumb Code     0  startup_stm32f40_41xxx.o(.text)
    EXTI1_IRQHandler                         0x080001b7   Thumb Code     0  startup_stm32f40_41xxx.o(.text)
    EXTI2_IRQHandler                         0x080001b7   Thumb Code     0  startup_stm32f40_41xxx.o(.text)
    EXTI3_IRQHandler                         0x080001b7   Thumb Code     0  startup_stm32f40_41xxx.o(.text)
    EXTI4_IRQHandler                         0x080001b7   Thumb Code     0  startup_stm32f40_41xxx.o(.text)
    EXTI9_5_IRQHandler                       0x080001b7   Thumb Code     0  startup_stm32f40_41xxx.o(.text)
    FLASH_IRQHandler                         0x080001b7   Thumb Code     0  startup_stm32f40_41xxx.o(.text)
    FPU_IRQHandler                           0x080001b7   Thumb Code     0  startup_stm32f40_41xxx.o(.text)
    FSMC_IRQHandler                          0x080001b7   Thumb Code     0  startup_stm32f40_41xxx.o(.text)
    HASH_RNG_IRQHandler                      0x080001b7   Thumb Code     0  startup_stm32f40_41xxx.o(.text)
    I2C1_ER_IRQHandler                       0x080001b7   Thumb Code     0  startup_stm32f40_41xxx.o(.text)
    I2C1_EV_IRQHandler                       0x080001b7   Thumb Code     0  startup_stm32f40_41xxx.o(.text)
    I2C2_ER_IRQHandler                       0x080001b7   Thumb Code     0  startup_stm32f40_41xxx.o(.text)
    I2C2_EV_IRQHandler                       0x080001b7   Thumb Code     0  startup_stm32f40_41xxx.o(.text)
    I2C3_ER_IRQHandler                       0x080001b7   Thumb Code     0  startup_stm32f40_41xxx.o(.text)
    I2C3_EV_IRQHandler                       0x080001b7   Thumb Code     0  startup_stm32f40_41xxx.o(.text)
    OTG_FS_IRQHandler                        0x080001b7   Thumb Code     0  startup_stm32f40_41xxx.o(.text)
    OTG_FS_WKUP_IRQHandler                   0x080001b7   Thumb Code     0  startup_stm32f40_41xxx.o(.text)
    OTG_HS_EP1_IN_IRQHandler                 0x080001b7   Thumb Code     0  startup_stm32f40_41xxx.o(.text)
    OTG_HS_EP1_OUT_IRQHandler                0x080001b7   Thumb Code     0  startup_stm32f40_41xxx.o(.text)
    OTG_HS_IRQHandler                        0x080001b7   Thumb Code     0  startup_stm32f40_41xxx.o(.text)
    OTG_HS_WKUP_IRQHandler                   0x080001b7   Thumb Code     0  startup_stm32f40_41xxx.o(.text)
    PVD_IRQHandler                           0x080001b7   Thumb Code     0  startup_stm32f40_41xxx.o(.text)
    RCC_IRQHandler                           0x080001b7   Thumb Code     0  startup_stm32f40_41xxx.o(.text)
    RTC_Alarm_IRQHandler                     0x080001b7   Thumb Code     0  startup_stm32f40_41xxx.o(.text)
    RTC_WKUP_IRQHandler                      0x080001b7   Thumb Code     0  startup_stm32f40_41xxx.o(.text)
    SDIO_IRQHandler                          0x080001b7   Thumb Code     0  startup_stm32f40_41xxx.o(.text)
    SPI1_IRQHandler                          0x080001b7   Thumb Code     0  startup_stm32f40_41xxx.o(.text)
    SPI2_IRQHandler                          0x080001b7   Thumb Code     0  startup_stm32f40_41xxx.o(.text)
    SPI3_IRQHandler                          0x080001b7   Thumb Code     0  startup_stm32f40_41xxx.o(.text)
    TAMP_STAMP_IRQHandler                    0x080001b7   Thumb Code     0  startup_stm32f40_41xxx.o(.text)
    TIM1_BRK_TIM9_IRQHandler                 0x080001b7   Thumb Code     0  startup_stm32f40_41xxx.o(.text)
    TIM1_CC_IRQHandler                       0x080001b7   Thumb Code     0  startup_stm32f40_41xxx.o(.text)
    TIM1_TRG_COM_TIM11_IRQHandler            0x080001b7   Thumb Code     0  startup_stm32f40_41xxx.o(.text)
    TIM1_UP_TIM10_IRQHandler                 0x080001b7   Thumb Code     0  startup_stm32f40_41xxx.o(.text)
    TIM2_IRQHandler                          0x080001b7   Thumb Code     0  startup_stm32f40_41xxx.o(.text)
    TIM3_IRQHandler                          0x080001b7   Thumb Code     0  startup_stm32f40_41xxx.o(.text)
    TIM4_IRQHandler                          0x080001b7   Thumb Code     0  startup_stm32f40_41xxx.o(.text)
    TIM5_IRQHandler                          0x080001b7   Thumb Code     0  startup_stm32f40_41xxx.o(.text)
    TIM6_DAC_IRQHandler                      0x080001b7   Thumb Code     0  startup_stm32f40_41xxx.o(.text)
    TIM7_IRQHandler                          0x080001b7   Thumb Code     0  startup_stm32f40_41xxx.o(.text)
    TIM8_BRK_TIM12_IRQHandler                0x080001b7   Thumb Code     0  startup_stm32f40_41xxx.o(.text)
    TIM8_CC_IRQHandler                       0x080001b7   Thumb Code     0  startup_stm32f40_41xxx.o(.text)
    TIM8_TRG_COM_TIM14_IRQHandler            0x080001b7   Thumb Code     0  startup_stm32f40_41xxx.o(.text)
    TIM8_UP_TIM13_IRQHandler                 0x080001b7   Thumb Code     0  startup_stm32f40_41xxx.o(.text)
    UART4_IRQHandler                         0x080001b7   Thumb Code     0  startup_stm32f40_41xxx.o(.text)
    UART5_IRQHandler                         0x080001b7   Thumb Code     0  startup_stm32f40_41xxx.o(.text)
    USART6_IRQHandler                        0x080001b7   Thumb Code     0  startup_stm32f40_41xxx.o(.text)
    WWDG_IRQHandler                          0x080001b7   Thumb Code     0  startup_stm32f40_41xxx.o(.text)
    __aeabi_uldivmod                         0x080001c1   Thumb Code    98  uldiv.o(.text)
    ___aeabi_memcpy4$move                    0x08000223   Thumb Code     0  memmovea.o(.text)
    ___aeabi_memcpy8$move                    0x08000223   Thumb Code     0  memmovea.o(.text)
    __aeabi_memcpy                           0x08000223   Thumb Code    64  memmovea.o(.text)
    __aeabi_memmove                          0x08000223   Thumb Code     0  memmovea.o(.text)
    __aeabi_memmove4                         0x08000223   Thumb Code     0  memmovea.o(.text)
    __aeabi_memmove8                         0x08000223   Thumb Code     0  memmovea.o(.text)
    __aeabi_memset                           0x08000263   Thumb Code    14  memseta.o(.text)
    __aeabi_memset4                          0x08000263   Thumb Code     0  memseta.o(.text)
    __aeabi_memset8                          0x08000263   Thumb Code     0  memseta.o(.text)
    __aeabi_memclr                           0x08000271   Thumb Code     4  memseta.o(.text)
    __aeabi_memclr4                          0x08000271   Thumb Code     0  memseta.o(.text)
    __aeabi_memclr8                          0x08000271   Thumb Code     0  memseta.o(.text)
    _memset$wrapper                          0x08000275   Thumb Code    18  memseta.o(.text)
    strstr                                   0x08000287   Thumb Code    36  strstr.o(.text)
    strncpy                                  0x080002ab   Thumb Code    24  strncpy.o(.text)
    strchr                                   0x080002c3   Thumb Code    20  strchr.o(.text)
    strlen                                   0x080002d7   Thumb Code    14  strlen.o(.text)
    memcmp                                   0x080002e5   Thumb Code    26  memcmp.o(.text)
    strncmp                                  0x080002ff   Thumb Code    30  strncmp.o(.text)
    __0sscanf                                0x0800031d   Thumb Code    48  __0sscanf.o(.text)
    _scanf_longlong                          0x08000355   Thumb Code   342  _scanf_longlong.o(.text)
    _scanf_int                               0x080004ab   Thumb Code   332  _scanf_int.o(.text)
    _scanf_string                            0x080005f7   Thumb Code   224  _scanf_str.o(.text)
    __aeabi_uidiv                            0x080006d7   Thumb Code     0  uidiv.o(.text)
    __aeabi_uidivmod                         0x080006d7   Thumb Code    44  uidiv.o(.text)
    __aeabi_llsl                             0x08000703   Thumb Code    30  llshl.o(.text)
    _ll_shift_l                              0x08000703   Thumb Code     0  llshl.o(.text)
    __aeabi_llsr                             0x08000721   Thumb Code    32  llushr.o(.text)
    _ll_ushift_r                             0x08000721   Thumb Code     0  llushr.o(.text)
    _chval                                   0x08000741   Thumb Code    28  _chval.o(.text)
    __vfscanf_char                           0x08000769   Thumb Code    20  scanf_char.o(.text)
    _sgetc                                   0x08000785   Thumb Code    30  _sgetc.o(.text)
    _sbackspace                              0x080007a3   Thumb Code    34  _sgetc.o(.text)
    __I$use$fp                               0x080007c5   Thumb Code     0  iusefp.o(.text)
    __aeabi_dadd                             0x080007c5   Thumb Code   322  dadd.o(.text)
    __aeabi_dsub                             0x08000907   Thumb Code     6  dadd.o(.text)
    __aeabi_drsub                            0x0800090d   Thumb Code     6  dadd.o(.text)
    __aeabi_dmul                             0x08000913   Thumb Code   228  dmul.o(.text)
    __aeabi_ddiv                             0x080009f7   Thumb Code   222  ddiv.o(.text)
    __aeabi_d2ulz                            0x08000ad5   Thumb Code    48  dfixul.o(.text)
    __aeabi_cdrcmple                         0x08000b05   Thumb Code    48  cdrcmple.o(.text)
    __scatterload                            0x08000b35   Thumb Code    28  init.o(.text)
    __scatterload_rt2                        0x08000b35   Thumb Code     0  init.o(.text)
    __aeabi_lasr                             0x08000b59   Thumb Code    36  llsshr.o(.text)
    _ll_sshift_r                             0x08000b59   Thumb Code     0  llsshr.o(.text)
    isspace                                  0x08000b7d   Thumb Code    10  isspace_c.o(.text)
    __vfscanf                                0x08000b89   Thumb Code   808  _scanf.o(.text)
    _double_round                            0x08000eb5   Thumb Code    30  depilogue.o(.text)
    _double_epilogue                         0x08000ed3   Thumb Code   156  depilogue.o(.text)
    __ctype_lookup                           0x08000f71   Thumb Code    34  ctype_c.o(.text)
    __decompress                             0x08000f99   Thumb Code     0  __dczerorl2.o(.text)
    __decompress1                            0x08000f99   Thumb Code    86  __dczerorl2.o(.text)
    BLE_PRINTF                               0x08000fef   Thumb Code    40  dsp_usart.o(i.BLE_PRINTF)
    Boot_Partition                           0x08001017   Thumb Code    86  main.o(i.Boot_Partition)
    Check_APP_Valid                          0x0800106d   Thumb Code    70  main.o(i.Check_APP_Valid)
    Delay_Init                               0x080010c1   Thumb Code    30  delay.o(i.Delay_Init)
    ESP8266_Recv_ACK                         0x080010e9   Thumb Code    98  dsp_usart.o(i.ESP8266_Recv_ACK)
    ESP8266_Send_AT                          0x08001195   Thumb Code    46  dsp_usart.o(i.ESP8266_Send_AT)
    FLASH_EraseSector                        0x080011c9   Thumb Code   130  stm32f4xx_flash_1.o(i.FLASH_EraseSector)
    FLASH_GetStatus                          0x08001251   Thumb Code    80  stm32f4xx_flash_1.o(i.FLASH_GetStatus)
    FLASH_Lock                               0x080012a5   Thumb Code    14  stm32f4xx_flash_1.o(i.FLASH_Lock)
    FLASH_ProgramByte                        0x080012b9   Thumb Code    70  stm32f4xx_flash_1.o(i.FLASH_ProgramByte)
    FLASH_ProgramHalfWord                    0x08001305   Thumb Code    74  stm32f4xx_flash_1.o(i.FLASH_ProgramHalfWord)
    FLASH_Unlock                             0x08001355   Thumb Code    24  stm32f4xx_flash_1.o(i.FLASH_Unlock)
    FLASH_WaitForLastOperation               0x08001379   Thumb Code    34  stm32f4xx_flash_1.o(i.FLASH_WaitForLastOperation)
    Func_LED_Init                            0x0800139d   Thumb Code    90  func_led.o(i.Func_LED_Init)
    GPIO_Init                                0x08001401   Thumb Code   144  stm32f4xx_gpio.o(i.GPIO_Init)
    GPIO_PinAFConfig                         0x08001491   Thumb Code    70  stm32f4xx_gpio.o(i.GPIO_PinAFConfig)
    GPIO_ResetBits                           0x080014d7   Thumb Code     4  stm32f4xx_gpio.o(i.GPIO_ResetBits)
    GPIO_SetBits                             0x080014db   Thumb Code     4  stm32f4xx_gpio.o(i.GPIO_SetBits)
    Jump_To_Application                      0x080014e1   Thumb Code    66  main.o(i.Jump_To_Application)
    LOG_USART2_SEND                          0x08001531   Thumb Code    48  dsp_usart.o(i.LOG_USART2_SEND)
    NVIC_Init                                0x08001565   Thumb Code   106  misc.o(i.NVIC_Init)
    OLED_Clear                               0x080015dd   Thumb Code    62  oled.o(i.OLED_Clear)
    OLED_Fill                                0x0800161b   Thumb Code    78  oled.o(i.OLED_Fill)
    OLED_Init                                0x08001669   Thumb Code   286  oled.o(i.OLED_Init)
    OLED_OTA_DrawIcon                        0x08001791   Thumb Code    54  oled_display.o(i.OLED_OTA_DrawIcon)
    OLED_OTA_Init                            0x080017cd   Thumb Code    56  oled_display.o(i.OLED_OTA_Init)
    OLED_OTA_SetProgress                     0x08001819   Thumb Code    16  oled_display.o(i.OLED_OTA_SetProgress)
    OLED_OTA_SetResult                       0x08001829   Thumb Code    34  oled_display.o(i.OLED_OTA_SetResult)
    OLED_OTA_SetStage                        0x0800185d   Thumb Code    48  oled_display.o(i.OLED_OTA_SetStage)
    OLED_OTA_ShowLatest                      0x08001899   Thumb Code    84  oled_display.o(i.OLED_OTA_ShowLatest)
    OLED_Set_Pos                             0x080018f1   Thumb Code    40  oled.o(i.OLED_Set_Pos)
    OLED_ShowCHinese                         0x08001919   Thumb Code    98  oled.o(i.OLED_ShowCHinese)
    OLED_ShowChar                            0x08001981   Thumb Code   154  oled.o(i.OLED_ShowChar)
    OLED_ShowString                          0x08001a25   Thumb Code    58  oled.o(i.OLED_ShowString)
    OLED_WR_Byte                             0x08001a5f   Thumb Code    24  oled.o(i.OLED_WR_Byte)
    OTA_FlashAndJump                         0x08001a79   Thumb Code  1898  dsp_usart.o(i.OTA_FlashAndJump)
    OTA_HTTP_Test                            0x080023b9   Thumb Code  1708  dsp_usart.o(i.OTA_HTTP_Test)
    PA2_3_USART2_Init                        0x08002bad   Thumb Code   162  dsp_usart.o(i.PA2_3_USART2_Init)
    PA9_10_USART1_Init                       0x08002c59   Thumb Code   164  dsp_usart.o(i.PA9_10_USART1_Init)
    PB10_11_ESP8266_Init                     0x08002d05   Thumb Code   164  dsp_usart.o(i.PB10_11_ESP8266_Init)
    PWR_BackupAccessCmd                      0x08002db1   Thumb Code     6  stm32f4xx_pwr.o(i.PWR_BackupAccessCmd)
    RCC_AHB1PeriphClockCmd                   0x08002dbd   Thumb Code    26  stm32f4xx_rcc.o(i.RCC_AHB1PeriphClockCmd)
    RCC_APB1PeriphClockCmd                   0x08002ddd   Thumb Code    26  stm32f4xx_rcc.o(i.RCC_APB1PeriphClockCmd)
    RCC_APB2PeriphClockCmd                   0x08002dfd   Thumb Code    26  stm32f4xx_rcc.o(i.RCC_APB2PeriphClockCmd)
    RCC_GetClocksFreq                        0x08002e1d   Thumb Code   214  stm32f4xx_rcc.o(i.RCC_GetClocksFreq)
    Record_LastBoot                          0x08002f05   Thumb Code    30  main.o(i.Record_LastBoot)
    Spi_Mode0_SendRecvByte                   0x0800301d   Thumb Code    88  spi.o(i.Spi_Mode0_SendRecvByte)
    SystemInit                               0x0800307d   Thumb Code    88  system_stm32f4xx.o(i.SystemInit)
    USART1_IRQHandler                        0x080030e5   Thumb Code   120  dsp_usart.o(i.USART1_IRQHandler)
    USART2_IRQHandler                        0x08003175   Thumb Code   168  dsp_usart.o(i.USART2_IRQHandler)
    USART3_IRQHandler                        0x08003235   Thumb Code   846  dsp_usart.o(i.USART3_IRQHandler)
    USART_ClearITPendingBit                  0x08003615   Thumb Code    30  stm32f4xx_usart.o(i.USART_ClearITPendingBit)
    USART_Cmd                                0x08003633   Thumb Code    24  stm32f4xx_usart.o(i.USART_Cmd)
    USART_GetFlagStatus                      0x0800364b   Thumb Code    26  stm32f4xx_usart.o(i.USART_GetFlagStatus)
    USART_GetITStatus                        0x08003665   Thumb Code    84  stm32f4xx_usart.o(i.USART_GetITStatus)
    USART_ITConfig                           0x080036b9   Thumb Code    74  stm32f4xx_usart.o(i.USART_ITConfig)
    USART_Init                               0x08003705   Thumb Code   204  stm32f4xx_usart.o(i.USART_Init)
    USART_ReceiveData                        0x080037d9   Thumb Code    10  stm32f4xx_usart.o(i.USART_ReceiveData)
    USART_SendData                           0x080037e3   Thumb Code     8  stm32f4xx_usart.o(i.USART_SendData)
    Write_IIC_Command                        0x080037eb   Thumb Code    44  oled.o(i.Write_IIC_Command)
    Write_IIC_Data                           0x08003817   Thumb Code    44  oled.o(i.Write_IIC_Data)
    __0snprintf                              0x0800465d   Thumb Code    36  printfa.o(i.__0snprintf)
    __1snprintf                              0x0800465d   Thumb Code     0  printfa.o(i.__0snprintf)
    __2snprintf                              0x0800465d   Thumb Code     0  printfa.o(i.__0snprintf)
    __c89snprintf                            0x0800465d   Thumb Code     0  printfa.o(i.__0snprintf)
    snprintf                                 0x0800465d   Thumb Code     0  printfa.o(i.__0snprintf)
    __0sprintf                               0x08004685   Thumb Code    34  printfa.o(i.__0sprintf)
    __1sprintf                               0x08004685   Thumb Code     0  printfa.o(i.__0sprintf)
    __2sprintf                               0x08004685   Thumb Code     0  printfa.o(i.__0sprintf)
    __c89sprintf                             0x08004685   Thumb Code     0  printfa.o(i.__0sprintf)
    sprintf                                  0x08004685   Thumb Code     0  printfa.o(i.__0sprintf)
    __0vsnprintf                             0x080046ad   Thumb Code    32  printfa.o(i.__0vsnprintf)
    __1vsnprintf                             0x080046ad   Thumb Code     0  printfa.o(i.__0vsnprintf)
    __2vsnprintf                             0x080046ad   Thumb Code     0  printfa.o(i.__0vsnprintf)
    __c89vsnprintf                           0x080046ad   Thumb Code     0  printfa.o(i.__0vsnprintf)
    vsnprintf                                0x080046ad   Thumb Code     0  printfa.o(i.__0vsnprintf)
    __scatterload_copy                       0x080046d1   Thumb Code    14  handlers.o(i.__scatterload_copy)
    __scatterload_null                       0x080046df   Thumb Code     2  handlers.o(i.__scatterload_null)
    __scatterload_zeroinit                   0x080046e1   Thumb Code    14  handlers.o(i.__scatterload_zeroinit)
    codeDownload                             0x08004fa5   Thumb Code  5338  dsp_usart.o(i.codeDownload)
    delay_ms                                 0x080067f1   Thumb Code    24  delay.o(i.delay_ms)
    delay_s                                  0x08006809   Thumb Code    24  delay.o(i.delay_s)
    delay_us                                 0x08006821   Thumb Code    34  delay.o(i.delay_us)
    iic_recvAck                              0x08006851   Thumb Code    58  iic.o(i.iic_recvAck)
    iic_sendbyte                             0x08006895   Thumb Code    96  iic.o(i.iic_sendbyte)
    iic_start                                0x08006905   Thumb Code    54  iic.o(i.iic_start)
    iic_stop                                 0x0800694d   Thumb Code    50  iic.o(i.iic_stop)
    main                                     0x0800698d   Thumb Code   452  main.o(i.main)
    oled_setmode                             0x08006c75   Thumb Code    74  oled.o(i.oled_setmode)
    w25q128_WritePageData                    0x08006cc5   Thumb Code   136  w25q128.o(i.w25q128_WritePageData)
    w25q128_blockErase64K                    0x08006d51   Thumb Code   104  w25q128.o(i.w25q128_blockErase64K)
    w25q128_init                             0x08006dc1   Thumb Code    74  w25q128.o(i.w25q128_init)
    w25q128_readID                           0x08006e15   Thumb Code    70  w25q128.o(i.w25q128_readID)
    w25q128_readdata                         0x08006e65   Thumb Code    80  w25q128.o(i.w25q128_readdata)
    w25q128_readstatus                       0x08006eb9   Thumb Code    38  w25q128.o(i.w25q128_readstatus)
    w25q128_writeDisable                     0x08006ee9   Thumb Code    24  w25q128.o(i.w25q128_writeDisable)
    w25q128_writeEnable                      0x08006f09   Thumb Code    24  w25q128.o(i.w25q128_writeEnable)
    F6x8                                     0x08006f28   Data         552  oled.o(.constdata)
    F8X16                                    0x08007150   Data        1520  oled.o(.constdata)
    __ctype_categories                       0x08007860   Data          64  ctype_c.o(.constdata)
    Region$$Table$$Base                      0x080080a0   Number         0  anon$$obj.o(Region$$Table)
    Region$$Table$$Limit                     0x080080c0   Number         0  anon$$obj.o(Region$$Table)
    _bleflg                                  0x20000000   Data           1  dsp_usart.o(.data)
    g_ota_download_flag                      0x20000001   Data           1  dsp_usart.o(.data)
    g_ota_rx_buf                             0x20000004   Data           4  dsp_usart.o(.data)
    g_ota_rx_cnt                             0x20000008   Data           2  dsp_usart.o(.data)
    g_ota_bufA_full                          0x2000000a   Data           1  dsp_usart.o(.data)
    g_ota_bufB_full                          0x2000000b   Data           1  dsp_usart.o(.data)
    g_ota_bufC_full                          0x2000000c   Data           1  dsp_usart.o(.data)
    g_ota_w25q_addrP                         0x20000010   Data           4  dsp_usart.o(.data)
    g_ota_total_recv                         0x20000014   Data           4  dsp_usart.o(.data)
    g_ota_overflow_cnt                       0x20000018   Data           4  dsp_usart.o(.data)
    g_bin_total_len                          0x20000050   Data           4  dsp_usart.o(.data)
    g_bin_recv_len                           0x20000054   Data           4  dsp_usart.o(.data)
    _logflg                                  0x2000005e   Data           1  dsp_usart.o(.data)
    data                                     0x20000060   Data           2  dsp_usart.o(.data)
    ble_rx_count                             0x20000062   Data           1  dsp_usart.o(.data)
    u3_count                                 0x20000063   Data           1  dsp_usart.o(.data)
    wifi_flag                                0x20000064   Data           1  dsp_usart.o(.data)
    Hzk                                      0x20000068   Data        4288  oled.o(.data)
    SystemCoreClock                          0x20001164   Data           4  system_stm32f4xx.o(.data)
    AHBPrescTable                            0x20001168   Data          16  system_stm32f4xx.o(.data)
    g_ota_bufA                               0x20001178   Data        4096  dsp_usart.o(.bss)
    g_ota_bufB                               0x20002178   Data        4096  dsp_usart.o(.bss)
    g_ota_bufC                               0x20003178   Data        4096  dsp_usart.o(.bss)
    cmd                                      0x20004678   Data          50  dsp_usart.o(.bss)
    cmd_tmp                                  0x200046aa   Data          50  dsp_usart.o(.bss)
    BLE_String_tmp                           0x200046dc   Data          64  dsp_usart.o(.bss)
    BLE_String                               0x2000471c   Data          64  dsp_usart.o(.bss)
    recv_buff                                0x2000475c   Data        2048  dsp_usart.o(.bss)
    WIFI_String                              0x20004f5c   Data         256  dsp_usart.o(.bss)
    __initial_sp                             0x20006160   Data           0  startup_stm32f40_41xxx.o(STACK)



==============================================================================

Memory Map of the image

  Image Entry point : 0x08000189

  Load Region LR_IROM1 (Base: 0x08000000, Size: 0x00009238, Max: 0x0003ffff, ABSOLUTE, COMPRESSED[0x000085b8])

    Execution Region ER_IROM1 (Base: 0x08000000, Size: 0x000080c0, Max: 0x0003ffff, ABSOLUTE)

    Base Addr    Size         Type   Attr      Idx    E Section Name        Object

    0x08000000   0x00000188   Data   RO         2931    RESET               startup_stm32f40_41xxx.o
    0x08000188   0x00000000   Code   RO         2977  * .ARM.Collect$$$$00000000  mc_w.l(entry.o)
    0x08000188   0x00000004   Code   RO         3273    .ARM.Collect$$$$00000001  mc_w.l(entry2.o)
    0x0800018c   0x00000004   Code   RO         3276    .ARM.Collect$$$$00000004  mc_w.l(entry5.o)
    0x08000190   0x00000000   Code   RO         3278    .ARM.Collect$$$$00000008  mc_w.l(entry7b.o)
    0x08000190   0x00000000   Code   RO         3280    .ARM.Collect$$$$0000000A  mc_w.l(entry8b.o)
    0x08000190   0x00000008   Code   RO         3281    .ARM.Collect$$$$0000000B  mc_w.l(entry9a.o)
    0x08000198   0x00000000   Code   RO         3283    .ARM.Collect$$$$0000000D  mc_w.l(entry10a.o)
    0x08000198   0x00000000   Code   RO         3285    .ARM.Collect$$$$0000000F  mc_w.l(entry11a.o)
    0x08000198   0x00000004   Code   RO         3274    .ARM.Collect$$$$00002712  mc_w.l(entry2.o)
    0x0800019c   0x00000024   Code   RO         2932    .text               startup_stm32f40_41xxx.o
    0x080001c0   0x00000062   Code   RO         2980    .text               mc_w.l(uldiv.o)
    0x08000222   0x00000040   Code   RO         2984    .text               mc_w.l(memmovea.o)
    0x08000262   0x00000024   Code   RO         2986    .text               mc_w.l(memseta.o)
    0x08000286   0x00000024   Code   RO         2988    .text               mc_w.l(strstr.o)
    0x080002aa   0x00000018   Code   RO         2990    .text               mc_w.l(strncpy.o)
    0x080002c2   0x00000014   Code   RO         2992    .text               mc_w.l(strchr.o)
    0x080002d6   0x0000000e   Code   RO         2994    .text               mc_w.l(strlen.o)
    0x080002e4   0x0000001a   Code   RO         2996    .text               mc_w.l(memcmp.o)
    0x080002fe   0x0000001e   Code   RO         2998    .text               mc_w.l(strncmp.o)
    0x0800031c   0x00000038   Code   RO         3265    .text               mc_w.l(__0sscanf.o)
    0x08000354   0x00000156   Code   RO         3267    .text               mc_w.l(_scanf_longlong.o)
    0x080004aa   0x0000014c   Code   RO         3269    .text               mc_w.l(_scanf_int.o)
    0x080005f6   0x000000e0   Code   RO         3271    .text               mc_w.l(_scanf_str.o)
    0x080006d6   0x0000002c   Code   RO         3290    .text               mc_w.l(uidiv.o)
    0x08000702   0x0000001e   Code   RO         3292    .text               mc_w.l(llshl.o)
    0x08000720   0x00000020   Code   RO         3294    .text               mc_w.l(llushr.o)
    0x08000740   0x0000001c   Code   RO         3296    .text               mc_w.l(_chval.o)
    0x0800075c   0x00000028   Code   RO         3298    .text               mc_w.l(scanf_char.o)
    0x08000784   0x00000040   Code   RO         3300    .text               mc_w.l(_sgetc.o)
    0x080007c4   0x00000000   Code   RO         3302    .text               mc_w.l(iusefp.o)
    0x080007c4   0x0000014e   Code   RO         3303    .text               mf_w.l(dadd.o)
    0x08000912   0x000000e4   Code   RO         3305    .text               mf_w.l(dmul.o)
    0x080009f6   0x000000de   Code   RO         3307    .text               mf_w.l(ddiv.o)
    0x08000ad4   0x00000030   Code   RO         3309    .text               mf_w.l(dfixul.o)
    0x08000b04   0x00000030   Code   RO         3311    .text               mf_w.l(cdrcmple.o)
    0x08000b34   0x00000024   Code   RO         3313    .text               mc_w.l(init.o)
    0x08000b58   0x00000024   Code   RO         3316    .text               mc_w.l(llsshr.o)
    0x08000b7c   0x0000000a   Code   RO         3318    .text               mc_w.l(isspace_c.o)
    0x08000b86   0x00000002   PAD
    0x08000b88   0x0000032c   Code   RO         3320    .text               mc_w.l(_scanf.o)
    0x08000eb4   0x000000ba   Code   RO         3323    .text               mf_w.l(depilogue.o)
    0x08000f6e   0x00000002   PAD
    0x08000f70   0x00000028   Code   RO         3325    .text               mc_w.l(ctype_c.o)
    0x08000f98   0x00000056   Code   RO         3336    .text               mc_w.l(__dczerorl2.o)
    0x08000fee   0x00000028   Code   RO          162    i.BLE_PRINTF        dsp_usart.o
    0x08001016   0x00000056   Code   RO          929    i.Boot_Partition    main.o
    0x0800106c   0x00000054   Code   RO          933    i.Check_APP_Valid   main.o
    0x080010c0   0x00000028   Code   RO            4    i.Delay_Init        delay.o
    0x080010e8   0x000000ac   Code   RO          165    i.ESP8266_Recv_ACK  dsp_usart.o
    0x08001194   0x00000034   Code   RO          166    i.ESP8266_Send_AT   dsp_usart.o
    0x080011c8   0x00000088   Code   RO         1086    i.FLASH_EraseSector  stm32f4xx_flash_1.o
    0x08001250   0x00000054   Code   RO         1088    i.FLASH_GetStatus   stm32f4xx_flash_1.o
    0x080012a4   0x00000014   Code   RO         1092    i.FLASH_Lock        stm32f4xx_flash_1.o
    0x080012b8   0x0000004c   Code   RO         1113    i.FLASH_ProgramByte  stm32f4xx_flash_1.o
    0x08001304   0x00000050   Code   RO         1115    i.FLASH_ProgramHalfWord  stm32f4xx_flash_1.o
    0x08001354   0x00000024   Code   RO         1118    i.FLASH_Unlock      stm32f4xx_flash_1.o
    0x08001378   0x00000022   Code   RO         1119    i.FLASH_WaitForLastOperation  stm32f4xx_flash_1.o
    0x0800139a   0x00000002   PAD
    0x0800139c   0x00000064   Code   RO          135    i.Func_LED_Init     func_led.o
    0x08001400   0x00000090   Code   RO         1339    i.GPIO_Init         stm32f4xx_gpio.o
    0x08001490   0x00000046   Code   RO         1340    i.GPIO_PinAFConfig  stm32f4xx_gpio.o
    0x080014d6   0x00000004   Code   RO         1346    i.GPIO_ResetBits    stm32f4xx_gpio.o
    0x080014da   0x00000004   Code   RO         1347    i.GPIO_SetBits      stm32f4xx_gpio.o
    0x080014de   0x00000002   PAD
    0x080014e0   0x00000050   Code   RO          934    i.Jump_To_Application  main.o
    0x08001530   0x00000034   Code   RO          167    i.LOG_USART2_SEND   dsp_usart.o
    0x08001564   0x00000078   Code   RO         1032    i.NVIC_Init         misc.o
    0x080015dc   0x0000003e   Code   RO          618    i.OLED_Clear        oled.o
    0x0800161a   0x0000004e   Code   RO          622    i.OLED_Fill         oled.o
    0x08001668   0x00000128   Code   RO          623    i.OLED_Init         oled.o
    0x08001790   0x0000003c   Code   RO          765    i.OLED_OTA_DrawIcon  oled_display.o
    0x080017cc   0x0000004c   Code   RO          766    i.OLED_OTA_Init     oled_display.o
    0x08001818   0x00000010   Code   RO          767    i.OLED_OTA_SetProgress  oled_display.o
    0x08001828   0x00000034   Code   RO          768    i.OLED_OTA_SetResult  oled_display.o
    0x0800185c   0x0000003c   Code   RO          769    i.OLED_OTA_SetStage  oled_display.o
    0x08001898   0x00000058   Code   RO          770    i.OLED_OTA_ShowLatest  oled_display.o
    0x080018f0   0x00000028   Code   RO          625    i.OLED_Set_Pos      oled.o
    0x08001918   0x00000068   Code   RO          626    i.OLED_ShowCHinese  oled.o
    0x08001980   0x000000a4   Code   RO          627    i.OLED_ShowChar     oled.o
    0x08001a24   0x0000003a   Code   RO          629    i.OLED_ShowString   oled.o
    0x08001a5e   0x00000018   Code   RO          630    i.OLED_WR_Byte      oled.o
    0x08001a76   0x00000002   PAD
    0x08001a78   0x000008d0   Code   RO          168    i.OTA_FlashAndJump  dsp_usart.o
    0x08002348   0x00000070   Code   RO          775    i.OTA_FmtBytes      oled_display.o
    0x080023b8   0x000007f4   Code   RO          169    i.OTA_HTTP_Test     dsp_usart.o
    0x08002bac   0x000000ac   Code   RO          171    i.PA2_3_USART2_Init  dsp_usart.o
    0x08002c58   0x000000ac   Code   RO          172    i.PA9_10_USART1_Init  dsp_usart.o
    0x08002d04   0x000000ac   Code   RO          173    i.PB10_11_ESP8266_Init  dsp_usart.o
    0x08002db0   0x0000000c   Code   RO         1668    i.PWR_BackupAccessCmd  stm32f4xx_pwr.o
    0x08002dbc   0x00000020   Code   RO         1782    i.RCC_AHB1PeriphClockCmd  stm32f4xx_rcc.o
    0x08002ddc   0x00000020   Code   RO         1791    i.RCC_APB1PeriphClockCmd  stm32f4xx_rcc.o
    0x08002dfc   0x00000020   Code   RO         1794    i.RCC_APB2PeriphClockCmd  stm32f4xx_rcc.o
    0x08002e1c   0x000000e8   Code   RO         1803    i.RCC_GetClocksFreq  stm32f4xx_rcc.o
    0x08002f04   0x0000002c   Code   RO          935    i.Record_LastBoot   main.o
    0x08002f30   0x000000ec   Code   RO         2939    i.SetSysClock       system_stm32f4xx.o
    0x0800301c   0x00000060   Code   RO          459    i.Spi_Mode0_SendRecvByte  spi.o
    0x0800307c   0x00000068   Code   RO         2941    i.SystemInit        system_stm32f4xx.o
    0x080030e4   0x00000090   Code   RO          175    i.USART1_IRQHandler  dsp_usart.o
    0x08003174   0x000000c0   Code   RO          176    i.USART2_IRQHandler  dsp_usart.o
    0x08003234   0x000003e0   Code   RO          177    i.USART3_IRQHandler  dsp_usart.o
    0x08003614   0x0000001e   Code   RO         2741    i.USART_ClearITPendingBit  stm32f4xx_usart.o
    0x08003632   0x00000018   Code   RO         2744    i.USART_Cmd         stm32f4xx_usart.o
    0x0800364a   0x0000001a   Code   RO         2747    i.USART_GetFlagStatus  stm32f4xx_usart.o
    0x08003664   0x00000054   Code   RO         2748    i.USART_GetITStatus  stm32f4xx_usart.o
    0x080036b8   0x0000004a   Code   RO         2750    i.USART_ITConfig    stm32f4xx_usart.o
    0x08003702   0x00000002   PAD
    0x08003704   0x000000d4   Code   RO         2751    i.USART_Init        stm32f4xx_usart.o
    0x080037d8   0x0000000a   Code   RO         2758    i.USART_ReceiveData  stm32f4xx_usart.o
    0x080037e2   0x00000008   Code   RO         2761    i.USART_SendData    stm32f4xx_usart.o
    0x080037ea   0x0000002c   Code   RO          631    i.Write_IIC_Command  oled.o
    0x08003816   0x0000002c   Code   RO          632    i.Write_IIC_Data    oled.o
    0x08003842   0x00000002   PAD
    0x08003844   0x00000128   Code   RO          776    i._OTA_DrawProgress  oled_display.o
    0x0800396c   0x00000084   Code   RO          777    i._OTA_DrawTitle    oled_display.o
    0x080039f0   0x000000a4   Code   RO          180    i._OTA_GetCurrentAppVersion  dsp_usart.o
    0x08003a94   0x00000434   Code   RO          181    i._OTA_HTTP_Get     dsp_usart.o
    0x08003ec8   0x000002e8   Code   RO          183    i._OTA_InitESP8266  dsp_usart.o
    0x080041b0   0x000002a8   Code   RO          186    i._OTA_ParseJsonMetadata  dsp_usart.o
    0x08004458   0x000000cc   Code   RO          778    i._OTA_RefreshResult  oled_display.o
    0x08004524   0x00000138   Code   RO          779    i._OTA_RefreshStage  oled_display.o
    0x0800465c   0x00000028   Code   RO         3238    i.__0snprintf       mc_w.l(printfa.o)
    0x08004684   0x00000028   Code   RO         3239    i.__0sprintf        mc_w.l(printfa.o)
    0x080046ac   0x00000024   Code   RO         3242    i.__0vsnprintf      mc_w.l(printfa.o)
    0x080046d0   0x0000000e   Code   RO         3330    i.__scatterload_copy  mc_w.l(handlers.o)
    0x080046de   0x00000002   Code   RO         3331    i.__scatterload_null  mc_w.l(handlers.o)
    0x080046e0   0x0000000e   Code   RO         3332    i.__scatterload_zeroinit  mc_w.l(handlers.o)
    0x080046ee   0x00000002   PAD
    0x080046f0   0x00000164   Code   RO         3244    i._fp_digits        mc_w.l(printfa.o)
    0x08004854   0x000006dc   Code   RO         3245    i._printf_core      mc_w.l(printfa.o)
    0x08004f30   0x00000024   Code   RO         3246    i._printf_post_padding  mc_w.l(printfa.o)
    0x08004f54   0x0000002e   Code   RO         3247    i._printf_pre_padding  mc_w.l(printfa.o)
    0x08004f82   0x00000016   Code   RO         3248    i._snputc           mc_w.l(printfa.o)
    0x08004f98   0x0000000a   Code   RO         3249    i._sputc            mc_w.l(printfa.o)
    0x08004fa2   0x00000002   PAD
    0x08004fa4   0x0000184c   Code   RO          189    i.codeDownload      dsp_usart.o
    0x080067f0   0x00000018   Code   RO            5    i.delay_ms          delay.o
    0x08006808   0x00000018   Code   RO            6    i.delay_s           delay.o
    0x08006820   0x00000030   Code   RO            7    i.delay_us          delay.o
    0x08006850   0x00000044   Code   RO          537    i.iic_recvAck       iic.o
    0x08006894   0x00000070   Code   RO          540    i.iic_sendbyte      iic.o
    0x08006904   0x00000048   Code   RO          541    i.iic_start         iic.o
    0x0800694c   0x00000040   Code   RO          542    i.iic_stop          iic.o
    0x0800698c   0x000002e8   Code   RO          936    i.main              main.o
    0x08006c74   0x00000050   Code   RO          635    i.oled_setmode      oled.o
    0x08006cc4   0x0000008c   Code   RO          370    i.w25q128_WritePageData  w25q128.o
    0x08006d50   0x00000070   Code   RO          372    i.w25q128_blockErase64K  w25q128.o
    0x08006dc0   0x00000054   Code   RO          373    i.w25q128_init      w25q128.o
    0x08006e14   0x00000050   Code   RO          374    i.w25q128_readID    w25q128.o
    0x08006e64   0x00000054   Code   RO          375    i.w25q128_readdata  w25q128.o
    0x08006eb8   0x00000030   Code   RO          376    i.w25q128_readstatus  w25q128.o
    0x08006ee8   0x00000020   Code   RO          378    i.w25q128_writeDisable  w25q128.o
    0x08006f08   0x00000020   Code   RO          379    i.w25q128_writeEnable  w25q128.o
    0x08006f28   0x00000818   Data   RO          636    .constdata          oled.o
    0x08007740   0x00000120   Data   RO          780    .constdata          oled_display.o
    0x08007860   0x00000040   Data   RO         3326    .constdata          mc_w.l(ctype_c.o)
    0x080078a0   0x0000075e   Data   RO          192    .conststring        dsp_usart.o
    0x08007ffe   0x00000002   PAD
    0x08008000   0x0000009e   Data   RO          938    .conststring        main.o
    0x0800809e   0x00000002   PAD
    0x080080a0   0x00000020   Data   RO         3328    Region$$Table       anon$$obj.o


    Execution Region RW_IRAM2 (Base: 0x10000000, Size: 0x00000000, Max: 0x00010000, ABSOLUTE)

    **** No section assigned to this execution region ****


    Execution Region RW_IRAM1 (Base: 0x20000000, Size: 0x00006160, Max: 0x00020000, ABSOLUTE, COMPRESSED[0x000004f8])

    Base Addr    Size         Type   Attr      Idx    E Section Name        Object

    0x20000000   0x00000068   Data   RW          193    .data               dsp_usart.o
    0x20000068   0x000010c0   Data   RW          637    .data               oled.o
    0x20001128   0x0000002c   Data   RW          781    .data               oled_display.o
    0x20001154   0x00000010   Data   RW         1834    .data               stm32f4xx_rcc.o
    0x20001164   0x00000014   Data   RW         2942    .data               system_stm32f4xx.o
    0x20001178   0x00004be4   Zero   RW          190    .bss                dsp_usart.o
    0x20005d5c   0x00000004   PAD
    0x20005d60   0x00000400   Zero   RW         2929    STACK               startup_stm32f40_41xxx.o


==============================================================================

Image component sizes


      Code (inc. data)   RO Data    RW Data    ZI Data      Debug   Object Name

       136         24          0          0          0     290677   delay.o
     15336       6966       1886        104      19428      27624   dsp_usart.o
       100         10          0          0          0        576   func_led.o
       316         58          0          0          0       2204   iic.o
      1038        334        158          0          0      35018   main.o
       120         14          0          0          0       1220   misc.o
       994         32       2072       4288          0       8381   oled.o
      1408        214        288         44          0       8094   oled_display.o
        96          8          0          0          0        673   spi.o
        36          8        392          0       1024        896   startup_stm32f40_41xxx.o
       466         40          0          0          0       5183   stm32f4xx_flash_1.o
       222          0          0          0          0       3295   stm32f4xx_gpio.o
        12          6          0          0          0        606   stm32f4xx_pwr.o
       328         36          0         16          0       5055   stm32f4xx_rcc.o
       468          8          0          0          0       6795   stm32f4xx_usart.o
       340         32          0         20          0       2097   system_stm32f4xx.o
       612         62          0          0          0       5261   w25q128.o

    ----------------------------------------------------------------------
     22038       7852       4832       4472      20456     403655   Object Totals
         0          0         32          0          0          0   (incl. Generated)
        10          0          4          0          4          0   (incl. Padding)

    ----------------------------------------------------------------------

      Code (inc. data)   RO Data    RW Data    ZI Data      Debug   Library Member Name

        56          8          0          0          0         84   __0sscanf.o
        86          0          0          0          0          0   __dczerorl2.o
        28          0          0          0          0         68   _chval.o
       812          4          0          0          0        112   _scanf.o
       332          0          0          0          0         96   _scanf_int.o
       342          0          0          0          0        100   _scanf_longlong.o
       224          0          0          0          0         96   _scanf_str.o
        64          0          0          0          0         84   _sgetc.o
        40          6         64          0          0         68   ctype_c.o
         0          0          0          0          0          0   entry.o
         0          0          0          0          0          0   entry10a.o
         0          0          0          0          0          0   entry11a.o
         8          4          0          0          0          0   entry2.o
         4          0          0          0          0          0   entry5.o
         0          0          0          0          0          0   entry7b.o
         0          0          0          0          0          0   entry8b.o
         8          4          0          0          0          0   entry9a.o
        30          0          0          0          0          0   handlers.o
        36          8          0          0          0         68   init.o
        10          0          0          0          0         68   isspace_c.o
         0          0          0          0          0          0   iusefp.o
        30          0          0          0          0         68   llshl.o
        36          0          0          0          0         68   llsshr.o
        32          0          0          0          0         68   llushr.o
        26          0          0          0          0         80   memcmp.o
        64          0          0          0          0         76   memmovea.o
        36          0          0          0          0        108   memseta.o
      2342         94          0          0          0        744   printfa.o
        40          8          0          0          0         84   scanf_char.o
        20          0          0          0          0         68   strchr.o
        14          0          0          0          0         68   strlen.o
        30          0          0          0          0         80   strncmp.o
        24          0          0          0          0         76   strncpy.o
        36          0          0          0          0         80   strstr.o
        44          0          0          0          0         80   uidiv.o
        98          0          0          0          0         92   uldiv.o
        48          0          0          0          0         68   cdrcmple.o
       334          0          0          0          0        148   dadd.o
       222          0          0          0          0        100   ddiv.o
       186          0          0          0          0        176   depilogue.o
        48          0          0          0          0         68   dfixul.o
       228          0          0          0          0         96   dmul.o

    ----------------------------------------------------------------------
      6026        136         64          0          0       3340   Library Totals
         8          0          0          0          0          0   (incl. Padding)

    ----------------------------------------------------------------------

      Code (inc. data)   RO Data    RW Data    ZI Data      Debug   Library Name

      4952        136         64          0          0       2684   mc_w.l
      1066          0          0          0          0        656   mf_w.l

    ----------------------------------------------------------------------
      6026        136         64          0          0       3340   Library Totals

    ----------------------------------------------------------------------

==============================================================================


      Code (inc. data)   RO Data    RW Data    ZI Data      Debug   

     28064       7988       4896       4472      20456     397007   Grand Totals
     28064       7988       4896       1272      20456     397007   ELF Image Totals (compressed)
     28064       7988       4896       1272          0          0   ROM Totals

==============================================================================

    Total RO  Size (Code + RO Data)                32960 (  32.19kB)
    Total RW  Size (RW Data + ZI Data)             24928 (  24.34kB)
    Total ROM Size (Code + RO Data + RW Data)      34232 (  33.43kB)

==============================================================================

