Component: ARM Compiler 5.05 update 1 (build 106) Tool: armlink [4d0efa]

==============================================================================

Section Cross References

    delay.o(i.delay_ms) refers to delay.o(i.delay_us) for delay_us
    delay.o(i.delay_s) refers to delay.o(i.delay_ms) for delay_ms
    delay.o(i.delay_us) refers to system_stm32f4xx.o(.data) for SystemCoreClock
    func_led.o(i.Func_LED_Init) refers to stm32f4xx_rcc.o(i.RCC_AHB1PeriphClockCmd) for RCC_AHB1PeriphClockCmd
    func_led.o(i.Func_LED_Init) refers to stm32f4xx_gpio.o(i.GPIO_Init) for GPIO_Init
    func_led.o(i.Func_LED_Init) refers to stm32f4xx_gpio.o(i.GPIO_SetBits) for GPIO_SetBits
    dsp_usart.o(i.BLE_PRINTF) refers to printfa.o(i.__0vsnprintf) for vsnprintf
    dsp_usart.o(i.BLE_PRINTF) refers to dsp_usart.o(i.LOG_USART2_SEND) for LOG_USART2_SEND
    dsp_usart.o(i.Boot_Print) refers to printfa.o(i.__0vsnprintf) for vsnprintf
    dsp_usart.o(i.Boot_Print) refers to dsp_usart.o(i.LOG_USART2_SEND) for LOG_USART2_SEND
    dsp_usart.o(i.ESP8266_Connect_Server) refers to delay.o(i.delay_s) for delay_s
    dsp_usart.o(i.ESP8266_Connect_Server) refers to dsp_usart.o(i.ESP8266_Send_AT) for ESP8266_Send_AT
    dsp_usart.o(i.ESP8266_Connect_Server) refers to dsp_usart.o(i.ESP8266_Recv_ACK) for ESP8266_Recv_ACK
    dsp_usart.o(i.ESP8266_Connect_Server) refers to memseta.o(.text) for __aeabi_memclr4
    dsp_usart.o(i.ESP8266_Connect_Server) refers to printfa.o(i.__0sprintf) for __2sprintf
    dsp_usart.o(i.ESP8266_Recv_ACK) refers to strstr.o(.text) for strstr
    dsp_usart.o(i.ESP8266_Recv_ACK) refers to delay.o(i.delay_ms) for delay_ms
    dsp_usart.o(i.ESP8266_Recv_ACK) refers to dsp_usart.o(i.BLE_PRINTF) for BLE_PRINTF
    dsp_usart.o(i.ESP8266_Recv_ACK) refers to memseta.o(.text) for __aeabi_memclr
    dsp_usart.o(i.ESP8266_Recv_ACK) refers to dsp_usart.o(.bss) for recv_buff
    dsp_usart.o(i.ESP8266_Recv_ACK) refers to dsp_usart.o(.data) for u3_count
    dsp_usart.o(i.ESP8266_Send_AT) refers to stm32f4xx_usart.o(i.USART_SendData) for USART_SendData
    dsp_usart.o(i.ESP8266_Send_AT) refers to stm32f4xx_usart.o(i.USART_GetFlagStatus) for USART_GetFlagStatus
    dsp_usart.o(i.ESP8266_Send_AT) refers to strlen.o(.text) for strlen
    dsp_usart.o(i.LOG_USART2_SEND) refers to strlen.o(.text) for strlen
    dsp_usart.o(i.LOG_USART2_SEND) refers to stm32f4xx_usart.o(i.USART_SendData) for USART_SendData
    dsp_usart.o(i.LOG_USART2_SEND) refers to stm32f4xx_usart.o(i.USART_GetFlagStatus) for USART_GetFlagStatus
    dsp_usart.o(i.OTA_FlashAndJump) refers to dsp_usart.o(i.BLE_PRINTF) for BLE_PRINTF
    dsp_usart.o(i.OTA_FlashAndJump) refers to w25q128.o(i.w25q128_readdata) for w25q128_readdata
    dsp_usart.o(i.OTA_FlashAndJump) refers to memcmp.o(.text) for memcmp
    dsp_usart.o(i.OTA_FlashAndJump) refers to stm32f4xx_flash.o(i.FLASH_Unlock) for FLASH_Unlock
    dsp_usart.o(i.OTA_FlashAndJump) refers to stm32f4xx_flash.o(i.FLASH_EraseSector) for FLASH_EraseSector
    dsp_usart.o(i.OTA_FlashAndJump) refers to stm32f4xx_flash.o(i.FLASH_ProgramHalfWord) for FLASH_ProgramHalfWord
    dsp_usart.o(i.OTA_FlashAndJump) refers to stm32f4xx_flash.o(i.FLASH_Lock) for FLASH_Lock
    dsp_usart.o(i.OTA_FlashAndJump) refers to stm32f4xx_flash.o(i.FLASH_ProgramByte) for FLASH_ProgramByte
    dsp_usart.o(i.OTA_FlashAndJump) refers to dsp_usart.o(.conststring) for .conststring
    dsp_usart.o(i.OTA_FlashAndJump) refers to dsp_usart.o(.data) for g_fw_offset
    dsp_usart.o(i.OTA_FlashAndJump) refers to delay.o(i.delay_ms) for delay_ms
    dsp_usart.o(i.OTA_HTTP_Test) refers to dsp_usart.o(i.BLE_PRINTF) for BLE_PRINTF
    dsp_usart.o(i.OTA_HTTP_Test) refers to dsp_usart.o(i._OTA_InitESP8266) for _OTA_InitESP8266
    dsp_usart.o(i.OTA_HTTP_Test) refers to dsp_usart.o(i._OTA_HTTP_Get) for _OTA_HTTP_Get
    dsp_usart.o(i.OTA_HTTP_Test) refers to strlen.o(.text) for strlen
    dsp_usart.o(i.OTA_HTTP_Test) refers to memmovea.o(.text) for __aeabi_memcpy
    dsp_usart.o(i.OTA_HTTP_Test) refers to delay.o(i.delay_ms) for delay_ms
    dsp_usart.o(i.OTA_HTTP_Test) refers to strchr.o(.text) for strchr
    dsp_usart.o(i.OTA_HTTP_Test) refers to dsp_usart.o(i._OTA_ParseJsonMetadata) for _OTA_ParseJsonMetadata
    dsp_usart.o(i.OTA_HTTP_Test) refers to dsp_usart.o(i.codeDownload) for codeDownload
    dsp_usart.o(i.OTA_HTTP_Test) refers to dsp_usart.o(.conststring) for .conststring
    dsp_usart.o(i.OTA_HTTP_Test) refers to dsp_usart.o(.bss) for meta_resp
    dsp_usart.o(i.OTA_HTTP_Test) refers to dsp_usart.o(.data) for g_bin_total_len
    dsp_usart.o(i.OTA_HTTP_Test) refers to dsp_usart.o(i.OTA_FlashAndJump) for OTA_FlashAndJump
    dsp_usart.o(i.OTA_LOG) refers to printfa.o(i.__0vsnprintf) for vsnprintf
    dsp_usart.o(i.OTA_LOG) refers to dsp_usart.o(i.Boot_Print) for Boot_Print
    dsp_usart.o(i.OTA_LOG) refers to dsp_usart.o(i.BLE_PRINTF) for BLE_PRINTF
[...]
    printf8.o(i.__0vsprintf$8) refers to printf8.o(i._sputc) for _sputc
    printf8.o(i._printf_core) refers to printf8.o(i._printf_pre_padding) for _printf_pre_padding
    printf8.o(i._printf_core) refers to uldiv.o(.text) for __aeabi_uldivmod
    printf8.o(i._printf_core) refers to printf8.o(i._printf_post_padding) for _printf_post_padding
    printfa.o(i.__0fprintf) refers (Special) to iusefp.o(.text) for __I$use$fp
    printfa.o(i.__0fprintf) refers to printfa.o(i._printf_core) for _printf_core
    printfa.o(i.__0fprintf) refers to fputc.o(i.fputc) for fputc
    printfa.o(i.__0printf) refers (Special) to iusefp.o(.text) for __I$use$fp
    printfa.o(i.__0printf) refers to printfa.o(i._printf_core) for _printf_core
    printfa.o(i.__0printf) refers to fputc.o(i.fputc) for fputc
    printfa.o(i.__0printf) refers to stdout.o(.data) for __stdout
    printfa.o(i.__0snprintf) refers (Special) to iusefp.o(.text) for __I$use$fp
    printfa.o(i.__0snprintf) refers to printfa.o(i._printf_core) for _printf_core
    printfa.o(i.__0snprintf) refers to printfa.o(i._snputc) for _snputc
    printfa.o(i.__0sprintf) refers (Special) to iusefp.o(.text) for __I$use$fp
    printfa.o(i.__0sprintf) refers to printfa.o(i._printf_core) for _printf_core
    printfa.o(i.__0sprintf) refers to printfa.o(i._sputc) for _sputc
    printfa.o(i.__0vfprintf) refers (Special) to iusefp.o(.text) for __I$use$fp
    printfa.o(i.__0vfprintf) refers to printfa.o(i._printf_core) for _printf_core
    printfa.o(i.__0vfprintf) refers to fputc.o(i.fputc) for fputc
    printfa.o(i.__0vprintf) refers (Special) to iusefp.o(.text) for __I$use$fp
    printfa.o(i.__0vprintf) refers to printfa.o(i._printf_core) for _printf_core
    printfa.o(i.__0vprintf) refers to fputc.o(i.fputc) for fputc
    printfa.o(i.__0vprintf) refers to stdout.o(.data) for __stdout
    printfa.o(i.__0vsnprintf) refers (Special) to iusefp.o(.text) for __I$use$fp
    printfa.o(i.__0vsnprintf) refers to printfa.o(i._printf_core) for _printf_core
    printfa.o(i.__0vsnprintf) refers to printfa.o(i._snputc) for _snputc
    printfa.o(i.__0vsprintf) refers (Special) to iusefp.o(.text) for __I$use$fp
    printfa.o(i.__0vsprintf) refers to printfa.o(i._printf_core) for _printf_core
    printfa.o(i.__0vsprintf) refers to printfa.o(i._sputc) for _sputc
    printfa.o(i._fp_digits) refers (Special) to iusefp.o(.text) for __I$use$fp
    printfa.o(i._fp_digits) refers to dmul.o(.text) for __aeabi_dmul
    printfa.o(i._fp_digits) refers to ddiv.o(.text) for __aeabi_ddiv
    printfa.o(i._fp_digits) refers to cdrcmple.o(.text) for __aeabi_cdrcmple
    printfa.o(i._fp_digits) refers to dadd.o(.text) for __aeabi_dadd
    printfa.o(i._fp_digits) refers to dfixul.o(.text) for __aeabi_d2ulz
    printfa.o(i._fp_digits) refers to uldiv.o(.text) for __aeabi_uldivmod
    printfa.o(i._printf_core) refers (Special) to iusefp.o(.text) for __I$use$fp
    printfa.o(i._printf_core) refers to printfa.o(i._printf_pre_padding) for _printf_pre_padding
    printfa.o(i._printf_core) refers to uldiv.o(.text) for __aeabi_uldivmod
    printfa.o(i._printf_core) refers to printfa.o(i._printf_post_padding) for _printf_post_padding
    printfa.o(i._printf_core) refers to printfa.o(i._fp_digits) for _fp_digits
    printfa.o(i._printf_core) refers to uidiv.o(.text) for __aeabi_uidivmod
    printfa.o(i._printf_post_padding) refers (Special) to iusefp.o(.text) for __I$use$fp
    printfa.o(i._printf_pre_padding) refers (Special) to iusefp.o(.text) for __I$use$fp
    printfa.o(i._snputc) refers (Special) to iusefp.o(.text) for __I$use$fp
    printfa.o(i._sputc) refers (Special) to iusefp.o(.text) for __I$use$fp
    __0sscanf.o(.text) refers to scanf_char.o(.text) for __vfscanf_char
    __0sscanf.o(.text) refers to _sgetc.o(.text) for _sgetc
    _scanf_longlong.o(.text) refers to _chval.o(.text) for _chval
    _scanf_int.o(.text) refers to _chval.o(.text) for _chval
    entry2.o(.ARM.Collect$$$$00000001) refers to entry2.o(.ARM.Collect$$$$00002712) for __lit__00000000
    entry2.o(.ARM.Collect$$$$00002712) refers to startup_stm32f40_41xxx.o(STACK) for __initial_sp
    entry2.o(__vectab_stack_and_reset_area) refers to startup_stm32f40_41xxx.o(STACK) for __initial_sp
    entry2.o(__vectab_stack_and_reset_area) refers to entry.o(.ARM.Collect$$$$00000000) for __main
    entry5.o(.ARM.Collect$$$$00000004) refers to init.o(.text) for __scatterload
    entry9a.o(.ARM.Collect$$$$0000000B) refers to main.o(i.main) for main
    entry9b.o(.ARM.Collect$$$$0000000C) refers to main.o(i.main) for main
    fputc.o(i.fputc) refers (Special) to iusesemip.o(.text) for __I$use$semihosting$fputc
    fputc.o(i.fputc) refers (Special) to semi.o(.text) for __semihosting_library_function
    uldiv.o(.text) refers to llushr.o(.text) for __aeabi_llsr
    uldiv.o(.text) refers to llshl.o(.text) for __aeabi_llsl
    scanf_char.o(.text) refers to _scanf.o(.text) for __vfscanf
    scanf_char.o(.text) refers to isspace_c.o(.text) for isspace
    dadd.o(.text) refers to llshl.o(.text) for __aeabi_llsl
    dadd.o(.text) refers to llsshr.o(.text) for __aeabi_lasr
    dadd.o(.text) refers to depilogue.o(.text) for _double_epilogue
    dmul.o(.text) refers to depilogue.o(.text) for _double_epilogue
    ddiv.o(.text) refers to depilogue.o(.text) for _double_round
    dfixul.o(.text) refers to llushr.o(.text) for __aeabi_llsr
    dfixul.o(.text) refers to llshl.o(.text) for __aeabi_llsl
    init.o(.text) refers to entry5.o(.ARM.Collect$$$$00000004) for __main_after_scatterload
    isspace_c.o(.text) refers to ctype_c.o(.text) for __ctype_lookup
    _scanf.o(.text) refers (Weak) to _scanf_longlong.o(.text) for _scanf_longlong
    _scanf.o(.text) refers (Weak) to _scanf_int.o(.text) for _scanf_int
    _scanf.o(.text) refers (Weak) to _scanf_str.o(.text) for _scanf_string
    depilogue.o(.text) refers to llshl.o(.text) for __aeabi_llsl
    depilogue.o(.text) refers to llushr.o(.text) for __aeabi_llsr
    ctype_c.o(.text) refers to ctype_c.o(.constdata) for .constdata


==============================================================================

Removing Unused input sections from the image.

    Removing delay.o(.rev16_text), (4 bytes).
    Removing delay.o(.revsh_text), (4 bytes).
    Removing delay.o(.rrx_text), (6 bytes).
    Removing reg_led.o(.rev16_text), (4 bytes).
    Removing reg_led.o(.revsh_text), (4 bytes).
    Removing reg_led.o(.rrx_text), (6 bytes).
    Removing reg_led.o(i.LED_REG_Init), (116 bytes).
    Removing func_led.o(.rev16_text), (4 bytes).
    Removing func_led.o(.revsh_text), (4 bytes).
    Removing func_led.o(.rrx_text), (6 bytes).
    Removing dsp_usart.o(.rev16_text), (4 bytes).
    Removing dsp_usart.o(.revsh_text), (4 bytes).
    Removing dsp_usart.o(.rrx_text), (6 bytes).
    Removing dsp_usart.o(i.Boot_Print), (40 bytes).
    Removing dsp_usart.o(i.ESP8266_Connect_Server), (484 bytes).
    Removing dsp_usart.o(i.OTA_LOG), (52 bytes).
    Removing dsp_usart.o(i.Parse_Bafa_Msg), (92 bytes).
    Removing dsp_usart.o(i._OTA_FeedHeaderByte), (112 bytes).
    Removing dsp_usart.o(i._OTA_FlushPageBuf), (60 bytes).
    Removing dsp_usart.o(i._OTA_IPD_FeedByte), (468 bytes).
    Removing dsp_usart.o(i._OTA_ParseHeaderAndSwitchToBody), (152 bytes).
    Removing dsp_usart.o(i._OTA_ParseHttpHeaders), (240 bytes).
    Removing dsp_usart.o(i._OTA_ProcessRecvBuffer), (192 bytes).
    Removing dsp_usart.o(i._OTA_WriteByteToFlash), (56 bytes).
    Removing dsp_usart.o(.constdata), (5 bytes).
    Removing w25q128.o(.rev16_text), (4 bytes).
    Removing w25q128.o(.revsh_text), (4 bytes).
    Removing w25q128.o(.rrx_text), (6 bytes).
    Removing w25q128.o(i.w25q128_ChipErase), (88 bytes).
    Removing w25q128.o(i.w25q128_blockErase32K), (112 bytes).
    Removing w25q128.o(i.w25q128_sectorErase), (112 bytes).
    Removing spi.o(.rev16_text), (4 bytes).
    Removing spi.o(.revsh_text), (4 bytes).
    Removing spi.o(.rrx_text), (6 bytes).
    Removing spi.o(i.Spi_Mode3_SendRecvByte), (100 bytes).
    Removing main.o(.rev16_text), (4 bytes).
    Removing main.o(.revsh_text), (4 bytes).
    Removing main.o(.rrx_text), (6 bytes).
    Removing main.o(i.Boot_PrintU), (72 bytes).
    Removing main.o(i.Boot_PrintVersion), (104 bytes).
    Removing main.o(i.Boot_USART1_Init), (116 bytes).
    Removing main.o(.constdata), (16 bytes).
    Removing misc.o(.rev16_text), (4 bytes).
    Removing misc.o(.revsh_text), (4 bytes).
    Removing misc.o(.rrx_text), (6 bytes).
    Removing misc.o(i.NVIC_PriorityGroupConfig), (20 bytes).
    Removing misc.o(i.NVIC_SetVectorTable), (20 bytes).
    Removing misc.o(i.NVIC_SystemLPConfig), (32 bytes).
    Removing misc.o(i.SysTick_CLKSourceConfig), (40 bytes).
    Removing stm32f4xx_flash.o(.rev16_text), (4 bytes).
    Removing stm32f4xx_flash.o(.revsh_text), (4 bytes).
    Removing stm32f4xx_flash.o(.rrx_text), (6 bytes).
    Removing stm32f4xx_flash.o(i.FLASH_ClearFlag), (12 bytes).
    Removing stm32f4xx_flash.o(i.FLASH_DataCacheCmd), (36 bytes).
    Removing stm32f4xx_flash.o(i.FLASH_DataCacheReset), (20 bytes).
    Removing stm32f4xx_flash.o(i.FLASH_EraseAllBank1Sectors), (108 bytes).
    Removing stm32f4xx_flash.o(i.FLASH_EraseAllBank2Sectors), (108 bytes).
    Removing stm32f4xx_flash.o(i.FLASH_EraseAllSectors), (108 bytes).
    Removing stm32f4xx_flash.o(i.FLASH_GetFlagStatus), (24 bytes).
    Removing stm32f4xx_flash.o(i.FLASH_ITConfig), (32 bytes).
    Removing stm32f4xx_flash.o(i.FLASH_InstructionCacheCmd), (36 bytes).
    Removing stm32f4xx_flash.o(i.FLASH_InstructionCacheReset), (20 bytes).
    Removing stm32f4xx_flash.o(i.FLASH_OB_BORConfig), (28 bytes).
    Removing stm32f4xx_flash.o(i.FLASH_OB_BootConfig), (28 bytes).
    Removing stm32f4xx_flash.o(i.FLASH_OB_GetBOR), (16 bytes).
    Removing stm32f4xx_flash.o(i.FLASH_OB_GetPCROP), (12 bytes).
    Removing stm32f4xx_flash.o(i.FLASH_OB_GetPCROP1), (12 bytes).
    Removing stm32f4xx_flash.o(i.FLASH_OB_GetRDP), (24 bytes).
    Removing stm32f4xx_flash.o(i.FLASH_OB_GetUser), (16 bytes).
    Removing stm32f4xx_flash.o(i.FLASH_OB_GetWRP), (12 bytes).
    Removing stm32f4xx_flash.o(i.FLASH_OB_GetWRP1), (12 bytes).
    Removing stm32f4xx_flash.o(i.FLASH_OB_Launch), (32 bytes).
    Removing stm32f4xx_flash.o(i.FLASH_OB_Lock), (20 bytes).
    Removing stm32f4xx_flash.o(i.FLASH_OB_PCROP1Config), (52 bytes).
    Removing stm32f4xx_flash.o(i.FLASH_OB_PCROPConfig), (52 bytes).
    Removing stm32f4xx_flash.o(i.FLASH_OB_PCROPSelectionConfig), (24 bytes).
    Removing stm32f4xx_flash.o(i.FLASH_OB_RDPConfig), (28 bytes).
    Removing stm32f4xx_flash.o(i.FLASH_OB_Unlock), (36 bytes).
    Removing stm32f4xx_flash.o(i.FLASH_OB_UserConfig), (48 bytes).
    Removing stm32f4xx_flash.o(i.FLASH_OB_WRP1Config), (52 bytes).
    Removing stm32f4xx_flash.o(i.FLASH_OB_WRPConfig), (52 bytes).
    Removing stm32f4xx_flash.o(i.FLASH_PrefetchBufferCmd), (36 bytes).
    Removing stm32f4xx_flash.o(i.FLASH_ProgramDoubleWord), (84 bytes).
    Removing stm32f4xx_flash.o(i.FLASH_ProgramWord), (80 bytes).
    Removing stm32f4xx_flash.o(i.FLASH_SetLatency), (12 bytes).
    Removing stm32f4xx_gpio.o(.rev16_text), (4 bytes).
    Removing stm32f4xx_gpio.o(.revsh_text), (4 bytes).
    Removing stm32f4xx_gpio.o(.rrx_text), (6 bytes).
    Removing stm32f4xx_gpio.o(i.GPIO_DeInit), (312 bytes).
    Removing stm32f4xx_gpio.o(i.GPIO_PinLockConfig), (34 bytes).
    Removing stm32f4xx_gpio.o(i.GPIO_ReadInputData), (8 bytes).
    Removing stm32f4xx_gpio.o(i.GPIO_ReadInputDataBit), (18 bytes).
    Removing stm32f4xx_gpio.o(i.GPIO_ReadOutputData), (8 bytes).
    Removing stm32f4xx_gpio.o(i.GPIO_ReadOutputDataBit), (18 bytes).
    Removing stm32f4xx_gpio.o(i.GPIO_StructInit), (18 bytes).
    Removing stm32f4xx_gpio.o(i.GPIO_ToggleBits), (8 bytes).
    Removing stm32f4xx_gpio.o(i.GPIO_Write), (4 bytes).
    Removing stm32f4xx_gpio.o(i.GPIO_WriteBit), (10 bytes).
    Removing stm32f4xx_pwr.o(.rev16_text), (4 bytes).
    Removing stm32f4xx_pwr.o(.revsh_text), (4 bytes).
    Removing stm32f4xx_pwr.o(.rrx_text), (6 bytes).
    Removing stm32f4xx_pwr.o(i.PWR_BackupRegulatorCmd), (12 bytes).
    Removing stm32f4xx_pwr.o(i.PWR_ClearFlag), (20 bytes).
    Removing stm32f4xx_pwr.o(i.PWR_DeInit), (22 bytes).
    Removing stm32f4xx_pwr.o(i.PWR_EnterSTANDBYMode), (52 bytes).
    Removing stm32f4xx_pwr.o(i.PWR_EnterSTOPMode), (68 bytes).
    Removing stm32f4xx_pwr.o(i.PWR_EnterUnderDriveSTOPMode), (68 bytes).
    Removing stm32f4xx_pwr.o(i.PWR_FlashPowerDownCmd), (12 bytes).
    Removing stm32f4xx_pwr.o(i.PWR_GetFlagStatus), (24 bytes).
    Removing stm32f4xx_pwr.o(i.PWR_MainRegulatorModeConfig), (24 bytes).
    Removing stm32f4xx_pwr.o(i.PWR_OverDriveCmd), (12 bytes).
    Removing stm32f4xx_pwr.o(i.PWR_OverDriveSWCmd), (12 bytes).
    Removing stm32f4xx_pwr.o(i.PWR_PVDCmd), (12 bytes).
    Removing stm32f4xx_pwr.o(i.PWR_PVDLevelConfig), (24 bytes).
    Removing stm32f4xx_pwr.o(i.PWR_UnderDriveCmd), (36 bytes).
    Removing stm32f4xx_pwr.o(i.PWR_WakeUpPinCmd), (12 bytes).
    Removing stm32f4xx_rcc.o(.rev16_text), (4 bytes).
    Removing stm32f4xx_rcc.o(.revsh_text), (4 bytes).
    Removing stm32f4xx_rcc.o(.rrx_text), (6 bytes).
    Removing stm32f4xx_rcc.o(i.RCC_AHB1PeriphClockLPModeCmd), (32 bytes).
    Removing stm32f4xx_rcc.o(i.RCC_AHB1PeriphResetCmd), (32 bytes).
    Removing stm32f4xx_rcc.o(i.RCC_AHB2PeriphClockCmd), (32 bytes).
    Removing stm32f4xx_rcc.o(i.RCC_AHB2PeriphClockLPModeCmd), (32 bytes).
    Removing stm32f4xx_rcc.o(i.RCC_AHB2PeriphResetCmd), (32 bytes).
    Removing stm32f4xx_rcc.o(i.RCC_AHB3PeriphClockCmd), (32 bytes).
    Removing stm32f4xx_rcc.o(i.RCC_AHB3PeriphClockLPModeCmd), (32 bytes).
    Removing stm32f4xx_rcc.o(i.RCC_AHB3PeriphResetCmd), (32 bytes).
    Removing stm32f4xx_rcc.o(i.RCC_APB1PeriphClockLPModeCmd), (32 bytes).
    Removing stm32f4xx_rcc.o(i.RCC_APB1PeriphResetCmd), (32 bytes).
    Removing stm32f4xx_rcc.o(i.RCC_APB2PeriphClockLPModeCmd), (32 bytes).
    Removing stm32f4xx_rcc.o(i.RCC_APB2PeriphResetCmd), (32 bytes).
    Removing stm32f4xx_rcc.o(i.RCC_AdjustHSICalibrationValue), (24 bytes).
    Removing stm32f4xx_rcc.o(i.RCC_BackupResetCmd), (12 bytes).
    Removing stm32f4xx_rcc.o(i.RCC_ClearFlag), (20 bytes).
    Removing stm32f4xx_rcc.o(i.RCC_ClearITPendingBit), (12 bytes).
    Removing stm32f4xx_rcc.o(i.RCC_ClockSecuritySystemCmd), (12 bytes).
    Removing stm32f4xx_rcc.o(i.RCC_DeInit), (100 bytes).
    Removing stm32f4xx_rcc.o(i.RCC_GetFlagStatus), (64 bytes).
    Removing stm32f4xx_rcc.o(i.RCC_GetITStatus), (24 bytes).
    Removing stm32f4xx_rcc.o(i.RCC_GetSYSCLKSource), (16 bytes).
    Removing stm32f4xx_rcc.o(i.RCC_HCLKConfig), (24 bytes).
    Removing stm32f4xx_rcc.o(i.RCC_HSEConfig), (16 bytes).
    Removing stm32f4xx_rcc.o(i.RCC_HSICmd), (12 bytes).
    Removing stm32f4xx_rcc.o(i.RCC_I2SCLKConfig), (12 bytes).
    Removing stm32f4xx_rcc.o(i.RCC_ITConfig), (32 bytes).
    Removing stm32f4xx_rcc.o(i.RCC_LSEConfig), (44 bytes).
    Removing stm32f4xx_rcc.o(i.RCC_LSICmd), (12 bytes).
    Removing stm32f4xx_rcc.o(i.RCC_LTDCCLKDivConfig), (24 bytes).
    Removing stm32f4xx_rcc.o(i.RCC_MCO1Config), (28 bytes).
    Removing stm32f4xx_rcc.o(i.RCC_MCO2Config), (28 bytes).
    Removing stm32f4xx_rcc.o(i.RCC_PCLK1Config), (24 bytes).
    Removing stm32f4xx_rcc.o(i.RCC_PCLK2Config), (24 bytes).
    Removing stm32f4xx_rcc.o(i.RCC_PLLCmd), (12 bytes).
    Removing stm32f4xx_rcc.o(i.RCC_PLLConfig), (36 bytes).
    Removing stm32f4xx_rcc.o(i.RCC_PLLI2SCmd), (12 bytes).
    Removing stm32f4xx_rcc.o(i.RCC_PLLI2SConfig), (16 bytes).
    Removing stm32f4xx_rcc.o(i.RCC_PLLSAICmd), (12 bytes).
    Removing stm32f4xx_rcc.o(i.RCC_PLLSAIConfig), (24 bytes).
    Removing stm32f4xx_rcc.o(i.RCC_RTCCLKCmd), (12 bytes).
    Removing stm32f4xx_rcc.o(i.RCC_RTCCLKConfig), (60 bytes).
    Removing stm32f4xx_rcc.o(i.RCC_SAIBlockACLKConfig), (24 bytes).
    Removing stm32f4xx_rcc.o(i.RCC_SAIBlockBCLKConfig), (24 bytes).
    Removing stm32f4xx_rcc.o(i.RCC_SAIPLLI2SClkDivConfig), (28 bytes).
    Removing stm32f4xx_rcc.o(i.RCC_SAIPLLSAIClkDivConfig), (28 bytes).
    Removing stm32f4xx_rcc.o(i.RCC_SYSCLKConfig), (24 bytes).
    Removing stm32f4xx_rcc.o(i.RCC_TIMCLKPresConfig), (12 bytes).
    Removing stm32f4xx_rcc.o(i.RCC_WaitForHSEStartUp), (56 bytes).
    Removing stm32f4xx_usart.o(.rev16_text), (4 bytes).
    Removing stm32f4xx_usart.o(.revsh_text), (4 bytes).
    Removing stm32f4xx_usart.o(.rrx_text), (6 bytes).
    Removing stm32f4xx_usart.o(i.USART_ClearFlag), (18 bytes).
    Removing stm32f4xx_usart.o(i.USART_ClockInit), (32 bytes).
    Removing stm32f4xx_usart.o(i.USART_ClockStructInit), (12 bytes).
    Removing stm32f4xx_usart.o(i.USART_DMACmd), (18 bytes).
    Removing stm32f4xx_usart.o(i.USART_DeInit), (240 bytes).
    Removing stm32f4xx_usart.o(i.USART_HalfDuplexCmd), (24 bytes).
    Removing stm32f4xx_usart.o(i.USART_IrDACmd), (24 bytes).
    Removing stm32f4xx_usart.o(i.USART_IrDAConfig), (18 bytes).
    Removing stm32f4xx_usart.o(i.USART_LINBreakDetectLengthConfig), (18 bytes).
    Removing stm32f4xx_usart.o(i.USART_LINCmd), (24 bytes).
    Removing stm32f4xx_usart.o(i.USART_OneBitMethodCmd), (24 bytes).
    Removing stm32f4xx_usart.o(i.USART_OverSampling8Cmd), (22 bytes).
    Removing stm32f4xx_usart.o(i.USART_ReceiverWakeUpCmd), (24 bytes).
    Removing stm32f4xx_usart.o(i.USART_SendBreak), (10 bytes).
    Removing stm32f4xx_usart.o(i.USART_SetAddress), (18 bytes).
    Removing stm32f4xx_usart.o(i.USART_SetGuardTime), (16 bytes).
    Removing stm32f4xx_usart.o(i.USART_SetPrescaler), (16 bytes).
    Removing stm32f4xx_usart.o(i.USART_SmartCardCmd), (24 bytes).
    Removing stm32f4xx_usart.o(i.USART_SmartCardNACKCmd), (24 bytes).
    Removing stm32f4xx_usart.o(i.USART_StructInit), (24 bytes).
    Removing stm32f4xx_usart.o(i.USART_WakeUpConfig), (18 bytes).
    Removing startup_stm32f40_41xxx.o(HEAP), (512 bytes).
    Removing system_stm32f4xx.o(.rev16_text), (4 bytes).
    Removing system_stm32f4xx.o(.revsh_text), (4 bytes).
    Removing system_stm32f4xx.o(.rrx_text), (6 bytes).
    Removing system_stm32f4xx.o(i.SystemCoreClockUpdate), (192 bytes).

196 unused section(s) (total 7897 bytes) removed from the image.

==============================================================================

Image Symbol Table

    Local Symbols

    Symbol Name                              Value     Ov Type        Size  Object(Section)

    ../clib/microlib/ctype/ctype.c           0x00000000   Number         0  isspace_c.o ABSOLUTE
    ../clib/microlib/ctype/ctype.c           0x00000000   Number         0  ctype_c.o ABSOLUTE
    ../clib/microlib/division.c              0x00000000   Number         0  uldiv.o ABSOLUTE
    ../clib/microlib/division.c              0x00000000   Number         0  uidiv.o ABSOLUTE
    ../clib/microlib/init/entry.s            0x00000000   Number         0  entry9a.o ABSOLUTE
    ../clib/microlib/init/entry.s            0x00000000   Number         0  entry2.o ABSOLUTE
    ../clib/microlib/init/entry.s            0x00000000   Number         0  entry8b.o ABSOLUTE
    ../clib/microlib/init/entry.s            0x00000000   Number         0  entry8a.o ABSOLUTE
    ../clib/microlib/init/entry.s            0x00000000   Number         0  entry5.o ABSOLUTE
    ../clib/microlib/init/entry.s            0x00000000   Number         0  entry7b.o ABSOLUTE
    ../clib/microlib/init/entry.s            0x00000000   Number         0  entry11b.o ABSOLUTE
    ../clib/microlib/init/entry.s            0x00000000   Number         0  entry7a.o ABSOLUTE
    ../clib/microlib/init/entry.s            0x00000000   Number         0  entry11a.o ABSOLUTE
    ../clib/microlib/init/entry.s            0x00000000   Number         0  entry10b.o ABSOLUTE
    ../clib/microlib/init/entry.s            0x00000000   Number         0  entry.o ABSOLUTE
    ../clib/microlib/init/entry.s            0x00000000   Number         0  entry10a.o ABSOLUTE
    ../clib/microlib/init/entry.s            0x00000000   Number         0  entry9b.o ABSOLUTE
    ../clib/microlib/longlong.c              0x00000000   Number         0  llsshr.o ABSOLUTE
    ../clib/microlib/longlong.c              0x00000000   Number         0  llushr.o ABSOLUTE
    ../clib/microlib/longlong.c              0x00000000   Number         0  llshl.o ABSOLUTE
    ../clib/microlib/printf/printf.c         0x00000000   Number         0  printf2.o ABSOLUTE
    ../clib/microlib/printf/printf.c         0x00000000   Number         0  printf1.o ABSOLUTE
    ../clib/microlib/printf/printf.c         0x00000000   Number         0  printfb.o ABSOLUTE
    ../clib/microlib/printf/printf.c         0x00000000   Number         0  printf4.o ABSOLUTE
    ../clib/microlib/printf/printf.c         0x00000000   Number         0  printf0.o ABSOLUTE
    ../clib/microlib/printf/printf.c         0x00000000   Number         0  printfa.o ABSOLUTE
    ../clib/microlib/printf/printf.c         0x00000000   Number         0  printf8.o ABSOLUTE
    ../clib/microlib/printf/printf.c         0x00000000   Number         0  printf6.o ABSOLUTE
    ../clib/microlib/printf/printf.c         0x00000000   Number         0  printf7.o ABSOLUTE
    ../clib/microlib/printf/printf.c         0x00000000   Number         0  printf5.o ABSOLUTE
    ../clib/microlib/printf/printf.c         0x00000000   Number         0  printf3.o ABSOLUTE
    ../clib/microlib/printf/stubs.s          0x00000000   Number         0  stubs.o ABSOLUTE
    ../clib/microlib/stdio/fputc.c           0x00000000   Number         0  fputc.o ABSOLUTE
    ../clib/microlib/stdio/semi.s            0x00000000   Number         0  semi.o ABSOLUTE
    ../clib/microlib/stdio/streams.c         0x00000000   Number         0  stdout.o ABSOLUTE
    ../clib/microlib/string/memcmp.c         0x00000000   Number         0  memcmp.o ABSOLUTE
    ../clib/microlib/string/memcpy.c         0x00000000   Number         0  memmoveb.o ABSOLUTE
    ../clib/microlib/string/memcpy.c         0x00000000   Number         0  memcpya.o ABSOLUTE
    ../clib/microlib/string/memcpy.c         0x00000000   Number         0  memmovea.o ABSOLUTE
    ../clib/microlib/string/memcpy.c         0x00000000   Number         0  memcpyb.o ABSOLUTE
    ../clib/microlib/string/memset.c         0x00000000   Number         0  memseta.o ABSOLUTE
    ../clib/microlib/string/strchr.c         0x00000000   Number         0  strchr.o ABSOLUTE
    ../clib/microlib/string/strlen.c         0x00000000   Number         0  strlen.o ABSOLUTE
    ../clib/microlib/string/strncmp.c        0x00000000   Number         0  strncmp.o ABSOLUTE
    ../clib/microlib/string/strncpy.c        0x00000000   Number         0  strncpy.o ABSOLUTE
    ../clib/microlib/string/strstr.c         0x00000000   Number         0  strstr.o ABSOLUTE
    ../clib/microlib/stubs.s                 0x00000000   Number         0  iusesemip.o ABSOLUTE
    ../clib/microlib/stubs.s                 0x00000000   Number         0  iusefp.o ABSOLUTE
    ../clib/scanf.c                          0x00000000   Number         0  _scanf.o ABSOLUTE
    ../clib/scanf.c                          0x00000000   Number         0  _sgetc.o ABSOLUTE
    ../clib/scanf.c                          0x00000000   Number         0  _scanf_str.o ABSOLUTE
    ../clib/scanf.c                          0x00000000   Number         0  scanf_char.o ABSOLUTE
    ../clib/scanf.c                          0x00000000   Number         0  _chval.o ABSOLUTE
    ../clib/scanf.c                          0x00000000   Number         0  _scanf_int.o ABSOLUTE
    ../clib/scanf.c                          0x00000000   Number         0  _scanf_longlong.o ABSOLUTE
    ../clib/scanf.c                          0x00000000   Number         0  __0sscanf.o ABSOLUTE
    ../fplib/microlib/fpadd.c                0x00000000   Number         0  dadd.o ABSOLUTE
    ../fplib/microlib/fpdiv.c                0x00000000   Number         0  ddiv.o ABSOLUTE
    ../fplib/microlib/fpepilogue.c           0x00000000   Number         0  depilogue.o ABSOLUTE
    ../fplib/microlib/fpfix.c                0x00000000   Number         0  dfixul.o ABSOLUTE
    ../fplib/microlib/fpmul.c                0x00000000   Number         0  dmul.o ABSOLUTE
    Bsp\\dsp_usart.c                         0x00000000   Number         0  dsp_usart.o ABSOLUTE
    Bsp\\func_led.c                          0x00000000   Number         0  func_led.o ABSOLUTE
    Bsp\\reg_led.c                           0x00000000   Number         0  reg_led.o ABSOLUTE
    Bsp\\spi.c                               0x00000000   Number         0  spi.o ABSOLUTE
    Bsp\\w25q128.c                           0x00000000   Number         0  w25q128.o ABSOLUTE
    Bsp\dsp_usart.c                          0x00000000   Number         0  dsp_usart.o ABSOLUTE
    Bsp\func_led.c                           0x00000000   Number         0  func_led.o ABSOLUTE
    Bsp\reg_led.c                            0x00000000   Number         0  reg_led.o ABSOLUTE
    Bsp\spi.c                                0x00000000   Number         0  spi.o ABSOLUTE
    Bsp\w25q128.c                            0x00000000   Number         0  w25q128.o ABSOLUTE
    D:\\develop\\Keil\\ARM\\PACK\\Keil\\STM32F4xx_DFP\\1.0.8\\Device\\StdPeriph_Driver\\src\\misc.c 0x00000000   Number         0  misc.o ABSOLUTE
    D:\\develop\\Keil\\ARM\\PACK\\Keil\\STM32F4xx_DFP\\1.0.8\\Device\\StdPeriph_Driver\\src\\stm32f4xx_flash.c 0x00000000   Number         0  stm32f4xx_flash.o ABSOLUTE
    D:\\develop\\Keil\\ARM\\PACK\\Keil\\STM32F4xx_DFP\\1.0.8\\Device\\StdPeriph_Driver\\src\\stm32f4xx_gpio.c 0x00000000   Number         0  stm32f4xx_gpio.o ABSOLUTE
    D:\\develop\\Keil\\ARM\\PACK\\Keil\\STM32F4xx_DFP\\1.0.8\\Device\\StdPeriph_Driver\\src\\stm32f4xx_pwr.c 0x00000000   Number         0  stm32f4xx_pwr.o ABSOLUTE
    D:\\develop\\Keil\\ARM\\PACK\\Keil\\STM32F4xx_DFP\\1.0.8\\Device\\StdPeriph_Driver\\src\\stm32f4xx_rcc.c 0x00000000   Number         0  stm32f4xx_rcc.o ABSOLUTE
    D:\\develop\\Keil\\ARM\\PACK\\Keil\\STM32F4xx_DFP\\1.0.8\\Device\\StdPeriph_Driver\\src\\stm32f4xx_usart.c 0x00000000   Number         0  stm32f4xx_usart.o ABSOLUTE
    D:\develop\Keil\ARM\PACK\Keil\STM32F4xx_DFP\1.0.8\Device\StdPeriph_Driver\src\misc.c 0x00000000   Number         0  misc.o ABSOLUTE
    D:\develop\Keil\ARM\PACK\Keil\STM32F4xx_DFP\1.0.8\Device\StdPeriph_Driver\src\stm32f4xx_flash.c 0x00000000   Number         0  stm32f4xx_flash.o ABSOLUTE
    D:\develop\Keil\ARM\PACK\Keil\STM32F4xx_DFP\1.0.8\Device\StdPeriph_Driver\src\stm32f4xx_gpio.c 0x00000000   Number         0  stm32f4xx_gpio.o ABSOLUTE
    D:\develop\Keil\ARM\PACK\Keil\STM32F4xx_DFP\1.0.8\Device\StdPeriph_Driver\src\stm32f4xx_pwr.c 0x00000000   Number         0  stm32f4xx_pwr.o ABSOLUTE
    D:\develop\Keil\ARM\PACK\Keil\STM32F4xx_DFP\1.0.8\Device\StdPeriph_Driver\src\stm32f4xx_rcc.c 0x00000000   Number         0  stm32f4xx_rcc.o ABSOLUTE
    D:\develop\Keil\ARM\PACK\Keil\STM32F4xx_DFP\1.0.8\Device\StdPeriph_Driver\src\stm32f4xx_usart.c 0x00000000   Number         0  stm32f4xx_usart.o ABSOLUTE
    Public\\delay.c                          0x00000000   Number         0  delay.o ABSOLUTE
    Public\delay.c                           0x00000000   Number         0  delay.o ABSOLUTE
    RTE\Device\STM32F407ZE\startup_stm32f40_41xxx.s 0x00000000   Number         0  startup_stm32f40_41xxx.o ABSOLUTE
    RTE\Device\STM32F407ZE\system_stm32f4xx.c 0x00000000   Number         0  system_stm32f4xx.o ABSOLUTE
    RTE\\Device\\STM32F407ZE\\system_stm32f4xx.c 0x00000000   Number         0  system_stm32f4xx.o ABSOLUTE
    cdrcmple.s                               0x00000000   Number         0  cdrcmple.o ABSOLUTE
    dc.s                                     0x00000000   Number         0  dc.o ABSOLUTE
    handlers.s                               0x00000000   Number         0  handlers.o ABSOLUTE
    init.s                                   0x00000000   Number         0  init.o ABSOLUTE
    main.c                                   0x00000000   Number         0  main.o ABSOLUTE
    main.c                                   0x00000000   Number         0  main.o ABSOLUTE
    RESET                                    0x08000000   Section      392  startup_stm32f40_41xxx.o(RESET)
    .ARM.Collect$$$$00000000                 0x08000188   Section        0  entry.o(.ARM.Collect$$$$00000000)
    .ARM.Collect$$$$00000001                 0x08000188   Section        4  entry2.o(.ARM.Collect$$$$00000001)
    .ARM.Collect$$$$00000004                 0x0800018c   Section        4  entry5.o(.ARM.Collect$$$$00000004)
    .ARM.Collect$$$$00000008                 0x08000190   Section        0  entry7b.o(.ARM.Collect$$$$00000008)
    .ARM.Collect$$$$0000000A                 0x08000190   Section        0  entry8b.o(.ARM.Collect$$$$0000000A)
    .ARM.Collect$$$$0000000B                 0x08000190   Section        8  entry9a.o(.ARM.Collect$$$$0000000B)
    .ARM.Collect$$$$0000000D                 0x08000198   Section        0  entry10a.o(.ARM.Collect$$$$0000000D)
    .ARM.Collect$$$$0000000F                 0x08000198   Section        0  entry11a.o(.ARM.Collect$$$$0000000F)
    .ARM.Collect$$$$00002712                 0x08000198   Section        4  entry2.o(.ARM.Collect$$$$00002712)
    __lit__00000000                          0x08000198   Data           4  entry2.o(.ARM.Collect$$$$00002712)
    .text                                    0x0800019c   Section       36  startup_stm32f40_41xxx.o(.text)
    $v0                                      0x0800019c   Number         0  startup_stm32f40_41xxx.o(.text)
    .text                                    0x080001c0   Section        0  memmovea.o(.text)
    .text                                    0x08000200   Section        0  memseta.o(.text)
    .text                                    0x08000224   Section        0  strstr.o(.text)
    .text                                    0x08000248   Section        0  strncpy.o(.text)
    .text                                    0x08000260   Section        0  strchr.o(.text)
    .text                                    0x08000274   Section        0  strlen.o(.text)
    .text                                    0x08000282   Section        0  memcmp.o(.text)
    .text                                    0x0800029c   Section        0  strncmp.o(.text)
    .text                                    0x080002bc   Section        0  __0sscanf.o(.text)
    .text                                    0x080002f4   Section        0  _scanf_longlong.o(.text)
    .text                                    0x0800044a   Section        0  _scanf_int.o(.text)
    .text                                    0x08000596   Section        0  _scanf_str.o(.text)
    .text                                    0x08000676   Section        0  uidiv.o(.text)
    .text                                    0x080006a2   Section        0  uldiv.o(.text)
    .text                                    0x08000704   Section        0  _chval.o(.text)
    .text                                    0x08000720   Section        0  scanf_char.o(.text)
    _scanf_char_input                        0x08000721   Thumb Code    12  scanf_char.o(.text)
    .text                                    0x08000748   Section        0  _sgetc.o(.text)
    .text                                    0x08000788   Section        0  iusefp.o(.text)
    .text                                    0x08000788   Section        0  dadd.o(.text)
    .text                                    0x080008d6   Section        0  dmul.o(.text)
    .text                                    0x080009ba   Section        0  ddiv.o(.text)
    .text                                    0x08000a98   Section        0  dfixul.o(.text)
    .text                                    0x08000ac8   Section       48  cdrcmple.o(.text)
    .text                                    0x08000af8   Section       36  init.o(.text)
    .text                                    0x08000b1c   Section        0  llshl.o(.text)
    .text                                    0x08000b3a   Section        0  llushr.o(.text)
    .text                                    0x08000b5a   Section        0  llsshr.o(.text)
    .text                                    0x08000b7e   Section        0  isspace_c.o(.text)
    .text                                    0x08000b88   Section        0  _scanf.o(.text)
    .text                                    0x08000eb4   Section        0  depilogue.o(.text)
    .text                                    0x08000f70   Section        0  ctype_c.o(.text)
    i.BLE_PRINTF                             0x08000f98   Section        0  dsp_usart.o(i.BLE_PRINTF)
    i.Boot_Partition                         0x08000fc0   Section        0  main.o(i.Boot_Partition)
    i.Check_APP_Valid                        0x08001018   Section        0  main.o(i.Check_APP_Valid)
    i.Delay_Init                             0x0800106c   Section        0  delay.o(i.Delay_Init)
    i.ESP8266_Recv_ACK                       0x08001094   Section        0  dsp_usart.o(i.ESP8266_Recv_ACK)
    i.ESP8266_Send_AT                        0x08001140   Section        0  dsp_usart.o(i.ESP8266_Send_AT)
    i.FLASH_EraseSector                      0x08001174   Section        0  stm32f4xx_flash.o(i.FLASH_EraseSector)
    i.FLASH_GetStatus                        0x080011fc   Section        0  stm32f4xx_flash.o(i.FLASH_GetStatus)
    i.FLASH_Lock                             0x08001250   Section        0  stm32f4xx_flash.o(i.FLASH_Lock)
    i.FLASH_ProgramByte                      0x08001264   Section        0  stm32f4xx_flash.o(i.FLASH_ProgramByte)
    i.FLASH_ProgramHalfWord                  0x080012b0   Section        0  stm32f4xx_flash.o(i.FLASH_ProgramHalfWord)
    i.FLASH_Unlock                           0x08001300   Section        0  stm32f4xx_flash.o(i.FLASH_Unlock)
    i.FLASH_WaitForLastOperation             0x08001324   Section        0  stm32f4xx_flash.o(i.FLASH_WaitForLastOperation)
    i.Func_LED_Init                          0x08001348   Section        0  func_led.o(i.Func_LED_Init)
    i.GPIO_Init                              0x080013ac   Section        0  stm32f4xx_gpio.o(i.GPIO_Init)
    i.GPIO_PinAFConfig                       0x0800143c   Section        0  stm32f4xx_gpio.o(i.GPIO_PinAFConfig)
    i.GPIO_ResetBits                         0x08001482   Section        0  stm32f4xx_gpio.o(i.GPIO_ResetBits)
    i.GPIO_SetBits                           0x08001486   Section        0  stm32f4xx_gpio.o(i.GPIO_SetBits)
    i.Jump_To_Application                    0x0800148c   Section        0  main.o(i.Jump_To_Application)
    i.LOG_USART2_SEND                        0x080014dc   Section        0  dsp_usart.o(i.LOG_USART2_SEND)
    i.NVIC_Init                              0x08001510   Section        0  misc.o(i.NVIC_Init)
    i.OTA_FlashAndJump                       0x08001588   Section        0  dsp_usart.o(i.OTA_FlashAndJump)
    i.OTA_HTTP_Test                          0x08001e14   Section        0  dsp_usart.o(i.OTA_HTTP_Test)
    i.PA2_3_USART2_Init                      0x080024e0   Section        0  dsp_usart.o(i.PA2_3_USART2_Init)
    i.PA9_10_USART1_Init                     0x0800258c   Section        0  dsp_usart.o(i.PA9_10_USART1_Init)
    i.PB10_11_ESP8266_Init                   0x08002638   Section        0  dsp_usart.o(i.PB10_11_ESP8266_Init)
    i.PWR_BackupAccessCmd                    0x080026e4   Section        0  stm32f4xx_pwr.o(i.PWR_BackupAccessCmd)
    i.RCC_AHB1PeriphClockCmd                 0x080026f0   Section        0  stm32f4xx_rcc.o(i.RCC_AHB1PeriphClockCmd)
    i.RCC_APB1PeriphClockCmd                 0x08002710   Section        0  stm32f4xx_rcc.o(i.RCC_APB1PeriphClockCmd)
    i.RCC_APB2PeriphClockCmd                 0x08002730   Section        0  stm32f4xx_rcc.o(i.RCC_APB2PeriphClockCmd)
    i.RCC_GetClocksFreq                      0x08002750   Section        0  stm32f4xx_rcc.o(i.RCC_GetClocksFreq)
    i.Record_LastBoot                        0x08002838   Section        0  main.o(i.Record_LastBoot)
    i.SetSysClock                            0x08002864   Section        0  system_stm32f4xx.o(i.SetSysClock)
    SetSysClock                              0x08002865   Thumb Code   220  system_stm32f4xx.o(i.SetSysClock)
    i.Spi_Mode0_SendRecvByte                 0x08002950   Section        0  spi.o(i.Spi_Mode0_SendRecvByte)
    i.SystemInit                             0x080029b0   Section        0  system_stm32f4xx.o(i.SystemInit)
    i.USART1_IRQHandler                      0x08002a18   Section        0  dsp_usart.o(i.USART1_IRQHandler)
    i.USART2_IRQHandler                      0x08002aa8   Section        0  dsp_usart.o(i.USART2_IRQHandler)
    i.USART3_IRQHandler                      0x08002b68   Section        0  dsp_usart.o(i.USART3_IRQHandler)
    i.USART_ClearITPendingBit                0x08002f48   Section        0  stm32f4xx_usart.o(i.USART_ClearITPendingBit)
    i.USART_Cmd                              0x08002f66   Section        0  stm32f4xx_usart.o(i.USART_Cmd)
    i.USART_GetFlagStatus                    0x08002f7e   Section        0  stm32f4xx_usart.o(i.USART_GetFlagStatus)
    i.USART_GetITStatus                      0x08002f98   Section        0  stm32f4xx_usart.o(i.USART_GetITStatus)
    i.USART_ITConfig                         0x08002fec   Section        0  stm32f4xx_usart.o(i.USART_ITConfig)
    i.USART_Init                             0x08003038   Section        0  stm32f4xx_usart.o(i.USART_Init)
    i.USART_ReceiveData                      0x0800310c   Section        0  stm32f4xx_usart.o(i.USART_ReceiveData)
    i.USART_SendData                         0x08003116   Section        0  stm32f4xx_usart.o(i.USART_SendData)
    i._OTA_HTTP_Get                          0x08003120   Section        0  dsp_usart.o(i._OTA_HTTP_Get)
    _OTA_HTTP_Get                            0x08003121   Thumb Code   516  dsp_usart.o(i._OTA_HTTP_Get)
    i._OTA_InitESP8266                       0x08003554   Section        0  dsp_usart.o(i._OTA_InitESP8266)
    _OTA_InitESP8266                         0x08003555   Thumb Code   214  dsp_usart.o(i._OTA_InitESP8266)
    i._OTA_ParseJsonMetadata                 0x080037fc   Section        0  dsp_usart.o(i._OTA_ParseJsonMetadata)
    _OTA_ParseJsonMetadata                   0x080037fd   Thumb Code   580  dsp_usart.o(i._OTA_ParseJsonMetadata)
    i.__0sprintf                             0x08003aa4   Section        0  printfa.o(i.__0sprintf)
    i.__0vsnprintf                           0x08003acc   Section        0  printfa.o(i.__0vsnprintf)
    i.__scatterload_copy                     0x08003af0   Section       14  handlers.o(i.__scatterload_copy)
    i.__scatterload_null                     0x08003afe   Section        2  handlers.o(i.__scatterload_null)
    i.__scatterload_zeroinit                 0x08003b00   Section       14  handlers.o(i.__scatterload_zeroinit)
    i._fp_digits                             0x08003b10   Section        0  printfa.o(i._fp_digits)
    _fp_digits                               0x08003b11   Thumb Code   334  printfa.o(i._fp_digits)
    i._printf_core                           0x08003c74   Section        0  printfa.o(i._printf_core)
    _printf_core                             0x08003c75   Thumb Code  1744  printfa.o(i._printf_core)
    i._printf_post_padding                   0x08004350   Section        0  printfa.o(i._printf_post_padding)
    _printf_post_padding                     0x08004351   Thumb Code    36  printfa.o(i._printf_post_padding)
    i._printf_pre_padding                    0x08004374   Section        0  printfa.o(i._printf_pre_padding)
    _printf_pre_padding                      0x08004375   Thumb Code    46  printfa.o(i._printf_pre_padding)
    i._snputc                                0x080043a2   Section        0  printfa.o(i._snputc)
    _snputc                                  0x080043a3   Thumb Code    22  printfa.o(i._snputc)
    i._sputc                                 0x080043b8   Section        0  printfa.o(i._sputc)
    _sputc                                   0x080043b9   Thumb Code    10  printfa.o(i._sputc)
    i.codeDownload                           0x080043c4   Section        0  dsp_usart.o(i.codeDownload)
    i.delay_ms                               0x08005bec   Section        0  delay.o(i.delay_ms)
    i.delay_s                                0x08005c04   Section        0  delay.o(i.delay_s)
    i.delay_us                               0x08005c1c   Section        0  delay.o(i.delay_us)
    i.main                                   0x08005c4c   Section        0  main.o(i.main)
    i.w25q128_WritePageData                  0x08005e78   Section        0  w25q128.o(i.w25q128_WritePageData)
    i.w25q128_blockErase64K                  0x08005f04   Section        0  w25q128.o(i.w25q128_blockErase64K)
    i.w25q128_init                           0x08005f74   Section        0  w25q128.o(i.w25q128_init)
    i.w25q128_readID                         0x08005fc8   Section        0  w25q128.o(i.w25q128_readID)
    i.w25q128_readdata                       0x08006018   Section        0  w25q128.o(i.w25q128_readdata)
    i.w25q128_readstatus                     0x0800606c   Section        0  w25q128.o(i.w25q128_readstatus)
    i.w25q128_writeDisable                   0x0800609c   Section        0  w25q128.o(i.w25q128_writeDisable)
    i.w25q128_writeEnable                    0x080060bc   Section        0  w25q128.o(i.w25q128_writeEnable)
    .constdata                               0x080060dc   Section       64  ctype_c.o(.constdata)
    .conststring                             0x0800611c   Section     1742  dsp_usart.o(.conststring)
    .conststring                             0x080067ec   Section      158  main.o(.conststring)
    .data                                    0x20000000   Section      104  dsp_usart.o(.data)
    g_ipd_state                              0x2000001c   Data           1  dsp_usart.o(.data)
    g_ipd_expect_len                         0x20000020   Data           4  dsp_usart.o(.data)
    g_ipd_recv_len                           0x20000024   Data           4  dsp_usart.o(.data)
    g_ipd_skip_cnt                           0x20000028   Data           1  dsp_usart.o(.data)
    g_st_ipd_pkt_ok                          0x2000002c   Data           4  dsp_usart.o(.data)
    g_st_ipd_pkt_badpre                      0x20000030   Data           4  dsp_usart.o(.data)
    g_st_ipd_pkt_badlen                      0x20000034   Data           4  dsp_usart.o(.data)
    g_st_ipd_pkt_empty                       0x20000038   Data           4  dsp_usart.o(.data)
    g_st_ipd_idle_drop                       0x2000003c   Data           4  dsp_usart.o(.data)
    g_st_ipd_max_len                         0x20000040   Data           4  dsp_usart.o(.data)
    g_st_ipd_min_len                         0x20000044   Data           4  dsp_usart.o(.data)
    g_http_state                             0x20000048   Data           1  dsp_usart.o(.data)
    g_header_buf_cnt                         0x2000004a   Data           2  dsp_usart.o(.data)
    g_fw_offset                              0x2000004c   Data           4  dsp_usart.o(.data)
    g_w25q_write_addr                        0x20000058   Data           4  dsp_usart.o(.data)
    g_page_buf_cnt                           0x2000005c   Data           2  dsp_usart.o(.data)
    wifi_tmp_cnt                             0x20000065   Data           1  dsp_usart.o(.data)
    count                                    0x20000066   Data           1  dsp_usart.o(.data)
    u2_count                                 0x20000067   Data           1  dsp_usart.o(.data)
    .data                                    0x20000068   Section       16  stm32f4xx_rcc.o(.data)
    APBAHBPrescTable                         0x20000068   Data          16  stm32f4xx_rcc.o(.data)
    .data                                    0x20000078   Section       20  system_stm32f4xx.o(.data)
    .bss                                     0x2000008c   Section    19428  dsp_usart.o(.bss)
    g_header_buf                             0x2000308c   Data        1024  dsp_usart.o(.bss)
    g_page_buf                               0x2000348c   Data         256  dsp_usart.o(.bss)
    wifi_tmp                                 0x20003f70   Data         256  dsp_usart.o(.bss)
    head_buf                                 0x20004070   Data        1024  dsp_usart.o(.bss)
    meta_resp                                0x20004470   Data        1024  dsp_usart.o(.bss)
    bin_resp                                 0x20004870   Data        1024  dsp_usart.o(.bss)
    STACK                                    0x20004c70   Section     1024  startup_stm32f40_41xxx.o(STACK)

    Global Symbols

    Symbol Name                              Value     Ov Type        Size  Object(Section)

    BuildAttributes$$THM_ISAv4$E$P$D$K$B$S$7EM$VFPi3$EXTD16$VFPS$VFMA$PE$A:L22UL41UL21$X:L11$S22US41US21$IEEE1$IW$USESV6$~STKCKD$USESV7$~SHL$OSPACE$ROPI$EBA8$MICROLIB$REQ8$PRES8$EABIv2 0x00000000   Number         0  anon$$obj.o ABSOLUTE
    __ARM_use_no_argv                        0x00000000   Number         0  main.o ABSOLUTE
    _printf_a                                0x00000000   Number         0  stubs.o ABSOLUTE
    _printf_c                                0x00000000   Number         0  stubs.o ABSOLUTE
    _printf_charcount                        0x00000000   Number         0  stubs.o ABSOLUTE
    _printf_d                                0x00000000   Number         0  stubs.o ABSOLUTE
    _printf_e                                0x00000000   Number         0  stubs.o ABSOLUTE
    _printf_f                                0x00000000   Number         0  stubs.o ABSOLUTE
    _printf_flags                            0x00000000   Number         0  stubs.o ABSOLUTE
    _printf_fp_dec                           0x00000000   Number         0  stubs.o ABSOLUTE
    _printf_fp_hex                           0x00000000   Number         0  stubs.o ABSOLUTE
    _printf_g                                0x00000000   Number         0  stubs.o ABSOLUTE
    _printf_i                                0x00000000   Number         0  stubs.o ABSOLUTE
    _printf_int_dec                          0x00000000   Number         0  stubs.o ABSOLUTE
    _printf_l                                0x00000000   Number         0  stubs.o ABSOLUTE
    _printf_lc                               0x00000000   Number         0  stubs.o ABSOLUTE
    _printf_ll                               0x00000000   Number         0  stubs.o ABSOLUTE
    _printf_lld                              0x00000000   Number         0  stubs.o ABSOLUTE
    _printf_lli                              0x00000000   Number         0  stubs.o ABSOLUTE
    _printf_llo                              0x00000000   Number         0  stubs.o ABSOLUTE
    _printf_llu                              0x00000000   Number         0  stubs.o ABSOLUTE
    _printf_llx                              0x00000000   Number         0  stubs.o ABSOLUTE
    _printf_longlong_dec                     0x00000000   Number         0  stubs.o ABSOLUTE
    _printf_longlong_hex                     0x00000000   Number         0  stubs.o ABSOLUTE
    _printf_longlong_oct                     0x00000000   Number         0  stubs.o ABSOLUTE
    _printf_ls                               0x00000000   Number         0  stubs.o ABSOLUTE
    _printf_mbtowc                           0x00000000   Number         0  stubs.o ABSOLUTE
    _printf_n                                0x00000000   Number         0  stubs.o ABSOLUTE
    _printf_o                                0x00000000   Number         0  stubs.o ABSOLUTE
    _printf_p                                0x00000000   Number         0  stubs.o ABSOLUTE
    _printf_percent                          0x00000000   Number         0  stubs.o ABSOLUTE
    _printf_pre_padding                      0x00000000   Number         0  stubs.o ABSOLUTE
    _printf_return_value                     0x00000000   Number         0  stubs.o ABSOLUTE
    _printf_s                                0x00000000   Number         0  stubs.o ABSOLUTE
    _printf_sizespec                         0x00000000   Number         0  stubs.o ABSOLUTE
    _printf_str                              0x00000000   Number         0  stubs.o ABSOLUTE
    _printf_truncate_signed                  0x00000000   Number         0  stubs.o ABSOLUTE
    _printf_truncate_unsigned                0x00000000   Number         0  stubs.o ABSOLUTE
    _printf_u                                0x00000000   Number         0  stubs.o ABSOLUTE
    _printf_wc                               0x00000000   Number         0  stubs.o ABSOLUTE
    _printf_wctomb                           0x00000000   Number         0  stubs.o ABSOLUTE
    _printf_widthprec                        0x00000000   Number         0  stubs.o ABSOLUTE
    _printf_x                                0x00000000   Number         0  stubs.o ABSOLUTE
    __cpp_initialize__aeabi_                  - Undefined Weak Reference
    __cxa_finalize                            - Undefined Weak Reference
    __decompress                              - Undefined Weak Reference
    _clock_init                               - Undefined Weak Reference
    _microlib_exit                            - Undefined Weak Reference
    _scanf_real                               - Undefined Weak Reference
    __Vectors_Size                           0x00000188   Number         0  startup_stm32f40_41xxx.o ABSOLUTE
    __Vectors                                0x08000000   Data           4  startup_stm32f40_41xxx.o(RESET)
    __Vectors_End                            0x08000188   Data           0  startup_stm32f40_41xxx.o(RESET)
    __main                                   0x08000189   Thumb Code     0  entry.o(.ARM.Collect$$$$00000000)
    _main_stk                                0x08000189   Thumb Code     0  entry2.o(.ARM.Collect$$$$00000001)
    _main_scatterload                        0x0800018d   Thumb Code     0  entry5.o(.ARM.Collect$$$$00000004)
    __main_after_scatterload                 0x08000191   Thumb Code     0  entry5.o(.ARM.Collect$$$$00000004)
    _main_clock                              0x08000191   Thumb Code     0  entry7b.o(.ARM.Collect$$$$00000008)
    _main_cpp_init                           0x08000191   Thumb Code     0  entry8b.o(.ARM.Collect$$$$0000000A)
    _main_init                               0x08000191   Thumb Code     0  entry9a.o(.ARM.Collect$$$$0000000B)
    __rt_final_cpp                           0x08000199   Thumb Code     0  entry10a.o(.ARM.Collect$$$$0000000D)
    __rt_final_exit                          0x08000199   Thumb Code     0  entry11a.o(.ARM.Collect$$$$0000000F)
    Reset_Handler                            0x0800019d   Thumb Code     8  startup_stm32f40_41xxx.o(.text)
    NMI_Handler                              0x080001a5   Thumb Code     2  startup_stm32f40_41xxx.o(.text)
    HardFault_Handler                        0x080001a7   Thumb Code     2  startup_stm32f40_41xxx.o(.text)
    MemManage_Handler                        0x080001a9   Thumb Code     2  startup_stm32f40_41xxx.o(.text)
    BusFault_Handler                         0x080001ab   Thumb Code     2  startup_stm32f40_41xxx.o(.text)
    UsageFault_Handler                       0x080001ad   Thumb Code     2  startup_stm32f40_41xxx.o(.text)
    SVC_Handler                              0x080001af   Thumb Code     2  startup_stm32f40_41xxx.o(.text)
    DebugMon_Handler                         0x080001b1   Thumb Code     2  startup_stm32f40_41xxx.o(.text)
    PendSV_Handler                           0x080001b3   Thumb Code     2  startup_stm32f40_41xxx.o(.text)
    SysTick_Handler                          0x080001b5   Thumb Code     2  startup_stm32f40_41xxx.o(.text)
    ADC_IRQHandler                           0x080001b7   Thumb Code     0  startup_stm32f40_41xxx.o(.text)
    CAN1_RX0_IRQHandler                      0x080001b7   Thumb Code     0  startup_stm32f40_41xxx.o(.text)
    CAN1_RX1_IRQHandler                      0x080001b7   Thumb Code     0  startup_stm32f40_41xxx.o(.text)
    CAN1_SCE_IRQHandler                      0x080001b7   Thumb Code     0  startup_stm32f40_41xxx.o(.text)
    CAN1_TX_IRQHandler                       0x080001b7   Thumb Code     0  startup_stm32f40_41xxx.o(.text)
    CAN2_RX0_IRQHandler                      0x080001b7   Thumb Code     0  startup_stm32f40_41xxx.o(.text)
    CAN2_RX1_IRQHandler                      0x080001b7   Thumb Code     0  startup_stm32f40_41xxx.o(.text)
    CAN2_SCE_IRQHandler                      0x080001b7   Thumb Code     0  startup_stm32f40_41xxx.o(.text)
    CAN2_TX_IRQHandler                       0x080001b7   Thumb Code     0  startup_stm32f40_41xxx.o(.text)
    CRYP_IRQHandler                          0x080001b7   Thumb Code     0  startup_stm32f40_41xxx.o(.text)
    DCMI_IRQHandler                          0x080001b7   Thumb Code     0  startup_stm32f40_41xxx.o(.text)
    DMA1_Stream0_IRQHandler                  0x080001b7   Thumb Code     0  startup_stm32f40_41xxx.o(.text)
    DMA1_Stream1_IRQHandler                  0x080001b7   Thumb Code     0  startup_stm32f40_41xxx.o(.text)
    DMA1_Stream2_IRQHandler                  0x080001b7   Thumb Code     0  startup_stm32f40_41xxx.o(.text)
    DMA1_Stream3_IRQHandler                  0x080001b7   Thumb Code     0  startup_stm32f40_41xxx.o(.text)
    DMA1_Stream4_IRQHandler                  0x080001b7   Thumb Code     0  startup_stm32f40_41xxx.o(.text)
    DMA1_Stream5_IRQHandler                  0x080001b7   Thumb Code     0  startup_stm32f40_41xxx.o(.text)
    DMA1_Stream6_IRQHandler                  0x080001b7   Thumb Code     0  startup_stm32f40_41xxx.o(.text)
    DMA1_Stream7_IRQHandler                  0x080001b7   Thumb Code     0  startup_stm32f40_41xxx.o(.text)
    DMA2_Stream0_IRQHandler                  0x080001b7   Thumb Code     0  startup_stm32f40_41xxx.o(.text)
    DMA2_Stream1_IRQHandler                  0x080001b7   Thumb Code     0  startup_stm32f40_41xxx.o(.text)
    DMA2_Stream2_IRQHandler                  0x080001b7   Thumb Code     0  startup_stm32f40_41xxx.o(.text)
    DMA2_Stream3_IRQHandler                  0x080001b7   Thumb Code     0  startup_stm32f40_41xxx.o(.text)
    DMA2_Stream4_IRQHandler                  0x080001b7   Thumb Code     0  startup_stm32f40_41xxx.o(.text)
    DMA2_Stream5_IRQHandler                  0x080001b7   Thumb Code     0  startup_stm32f40_41xxx.o(.text)
    DMA2_Stream6_IRQHandler                  0x080001b7   Thumb Code     0  startup_stm32f40_41xxx.o(.text)
    DMA2_Stream7_IRQHandler                  0x080001b7   Thumb Code     0  startup_stm32f40_41xxx.o(.text)
    ETH_IRQHandler                           0x080001b7   Thumb Code     0  startup_stm32f40_41xxx.o(.text)
    ETH_WKUP_IRQHandler                      0x080001b7   Thumb Code     0  startup_stm32f40_41xxx.o(.text)
    EXTI0_IRQHandler                         0x080001b7   Thumb Code     0  startup_stm32f40_41xxx.o(.text)
    EXTI15_10_IRQHandler                     0x080001b7   Thumb Code     0  startup_stm32f40_41xxx.o(.text)
    EXTI1_IRQHandler                         0x080001b7   Thumb Code     0  startup_stm32f40_41xxx.o(.text)
    EXTI2_IRQHandler                         0x080001b7   Thumb Code     0  startup_stm32f40_41xxx.o(.text)
    EXTI3_IRQHandler                         0x080001b7   Thumb Code     0  startup_stm32f40_41xxx.o(.text)
    EXTI4_IRQHandler                         0x080001b7   Thumb Code     0  startup_stm32f40_41xxx.o(.text)
    EXTI9_5_IRQHandler                       0x080001b7   Thumb Code     0  startup_stm32f40_41xxx.o(.text)
    FLASH_IRQHandler                         0x080001b7   Thumb Code     0  startup_stm32f40_41xxx.o(.text)
    FPU_IRQHandler                           0x080001b7   Thumb Code     0  startup_stm32f40_41xxx.o(.text)
    FSMC_IRQHandler                          0x080001b7   Thumb Code     0  startup_stm32f40_41xxx.o(.text)
    HASH_RNG_IRQHandler                      0x080001b7   Thumb Code     0  startup_stm32f40_41xxx.o(.text)
    I2C1_ER_IRQHandler                       0x080001b7   Thumb Code     0  startup_stm32f40_41xxx.o(.text)
    I2C1_EV_IRQHandler                       0x080001b7   Thumb Code     0  startup_stm32f40_41xxx.o(.text)
    I2C2_ER_IRQHandler                       0x080001b7   Thumb Code     0  startup_stm32f40_41xxx.o(.text)
    I2C2_EV_IRQHandler                       0x080001b7   Thumb Code     0  startup_stm32f40_41xxx.o(.text)
    I2C3_ER_IRQHandler                       0x080001b7   Thumb Code     0  startup_stm32f40_41xxx.o(.text)
    I2C3_EV_IRQHandler                       0x080001b7   Thumb Code     0  startup_stm32f40_41xxx.o(.text)
    OTG_FS_IRQHandler                        0x080001b7   Thumb Code     0  startup_stm32f40_41xxx.o(.text)
    OTG_FS_WKUP_IRQHandler                   0x080001b7   Thumb Code     0  startup_stm32f40_41xxx.o(.text)
    OTG_HS_EP1_IN_IRQHandler                 0x080001b7   Thumb Code     0  startup_stm32f40_41xxx.o(.text)
    OTG_HS_EP1_OUT_IRQHandler                0x080001b7   Thumb Code     0  startup_stm32f40_41xxx.o(.text)
    OTG_HS_IRQHandler                        0x080001b7   Thumb Code     0  startup_stm32f40_41xxx.o(.text)
    OTG_HS_WKUP_IRQHandler                   0x080001b7   Thumb Code     0  startup_stm32f40_41xxx.o(.text)
    PVD_IRQHandler                           0x080001b7   Thumb Code     0  startup_stm32f40_41xxx.o(.text)
    RCC_IRQHandler                           0x080001b7   Thumb Code     0  startup_stm32f40_41xxx.o(.text)
    RTC_Alarm_IRQHandler                     0x080001b7   Thumb Code     0  startup_stm32f40_41xxx.o(.text)
    RTC_WKUP_IRQHandler                      0x080001b7   Thumb Code     0  startup_stm32f40_41xxx.o(.text)
    SDIO_IRQHandler                          0x080001b7   Thumb Code     0  startup_stm32f40_41xxx.o(.text)
    SPI1_IRQHandler                          0x080001b7   Thumb Code     0  startup_stm32f40_41xxx.o(.text)
    SPI2_IRQHandler                          0x080001b7   Thumb Code     0  startup_stm32f40_41xxx.o(.text)
    SPI3_IRQHandler                          0x080001b7   Thumb Code     0  startup_stm32f40_41xxx.o(.text)
    TAMP_STAMP_IRQHandler                    0x080001b7   Thumb Code     0  startup_stm32f40_41xxx.o(.text)
    TIM1_BRK_TIM9_IRQHandler                 0x080001b7   Thumb Code     0  startup_stm32f40_41xxx.o(.text)
    TIM1_CC_IRQHandler                       0x080001b7   Thumb Code     0  startup_stm32f40_41xxx.o(.text)
    TIM1_TRG_COM_TIM11_IRQHandler            0x080001b7   Thumb Code     0  startup_stm32f40_41xxx.o(.text)
    TIM1_UP_TIM10_IRQHandler                 0x080001b7   Thumb Code     0  startup_stm32f40_41xxx.o(.text)
    TIM2_IRQHandler                          0x080001b7   Thumb Code     0  startup_stm32f40_41xxx.o(.text)
    TIM3_IRQHandler                          0x080001b7   Thumb Code     0  startup_stm32f40_41xxx.o(.text)
    TIM4_IRQHandler                          0x080001b7   Thumb Code     0  startup_stm32f40_41xxx.o(.text)
    TIM5_IRQHandler                          0x080001b7   Thumb Code     0  startup_stm32f40_41xxx.o(.text)
    TIM6_DAC_IRQHandler                      0x080001b7   Thumb Code     0  startup_stm32f40_41xxx.o(.text)
    TIM7_IRQHandler                          0x080001b7   Thumb Code     0  startup_stm32f40_41xxx.o(.text)
    TIM8_BRK_TIM12_IRQHandler                0x080001b7   Thumb Code     0  startup_stm32f40_41xxx.o(.text)
    TIM8_CC_IRQHandler                       0x080001b7   Thumb Code     0  startup_stm32f40_41xxx.o(.text)
    TIM8_TRG_COM_TIM14_IRQHandler            0x080001b7   Thumb Code     0  startup_stm32f40_41xxx.o(.text)
    TIM8_UP_TIM13_IRQHandler                 0x080001b7   Thumb Code     0  startup_stm32f40_41xxx.o(.text)
    UART4_IRQHandler                         0x080001b7   Thumb Code     0  startup_stm32f40_41xxx.o(.text)
    UART5_IRQHandler                         0x080001b7   Thumb Code     0  startup_stm32f40_41xxx.o(.text)
    USART6_IRQHandler                        0x080001b7   Thumb Code     0  startup_stm32f40_41xxx.o(.text)
    WWDG_IRQHandler                          0x080001b7   Thumb Code     0  startup_stm32f40_41xxx.o(.text)
    ___aeabi_memcpy4$move                    0x080001c1   Thumb Code     0  memmovea.o(.text)
    ___aeabi_memcpy8$move                    0x080001c1   Thumb Code     0  memmovea.o(.text)
    __aeabi_memcpy                           0x080001c1   Thumb Code    64  memmovea.o(.text)
    __aeabi_memmove                          0x080001c1   Thumb Code     0  memmovea.o(.text)
    __aeabi_memmove4                         0x080001c1   Thumb Code     0  memmovea.o(.text)
    __aeabi_memmove8                         0x080001c1   Thumb Code     0  memmovea.o(.text)
    __aeabi_memset                           0x08000201   Thumb Code    14  memseta.o(.text)
    __aeabi_memset4                          0x08000201   Thumb Code     0  memseta.o(.text)
    __aeabi_memset8                          0x08000201   Thumb Code     0  memseta.o(.text)
    __aeabi_memclr                           0x0800020f   Thumb Code     4  memseta.o(.text)
    __aeabi_memclr4                          0x0800020f   Thumb Code     0  memseta.o(.text)
    __aeabi_memclr8                          0x0800020f   Thumb Code     0  memseta.o(.text)
    _memset$wrapper                          0x08000213   Thumb Code    18  memseta.o(.text)
    strstr                                   0x08000225   Thumb Code    36  strstr.o(.text)
    strncpy                                  0x08000249   Thumb Code    24  strncpy.o(.text)
    strchr                                   0x08000261   Thumb Code    20  strchr.o(.text)
    strlen                                   0x08000275   Thumb Code    14  strlen.o(.text)
    memcmp                                   0x08000283   Thumb Code    26  memcmp.o(.text)
    strncmp                                  0x0800029d   Thumb Code    30  strncmp.o(.text)
    __0sscanf                                0x080002bd   Thumb Code    48  __0sscanf.o(.text)
    _scanf_longlong                          0x080002f5   Thumb Code   342  _scanf_longlong.o(.text)
    _scanf_int                               0x0800044b   Thumb Code   332  _scanf_int.o(.text)
    _scanf_string                            0x08000597   Thumb Code   224  _scanf_str.o(.text)
    __aeabi_uidiv                            0x08000677   Thumb Code     0  uidiv.o(.text)
    __aeabi_uidivmod                         0x08000677   Thumb Code    44  uidiv.o(.text)
    __aeabi_uldivmod                         0x080006a3   Thumb Code    98  uldiv.o(.text)
    _chval                                   0x08000705   Thumb Code    28  _chval.o(.text)
    __vfscanf_char                           0x0800072d   Thumb Code    20  scanf_char.o(.text)
    _sgetc                                   0x08000749   Thumb Code    30  _sgetc.o(.text)
    _sbackspace                              0x08000767   Thumb Code    34  _sgetc.o(.text)
    __I$use$fp                               0x08000789   Thumb Code     0  iusefp.o(.text)
    __aeabi_dadd                             0x08000789   Thumb Code   322  dadd.o(.text)
    __aeabi_dsub                             0x080008cb   Thumb Code     6  dadd.o(.text)
    __aeabi_drsub                            0x080008d1   Thumb Code     6  dadd.o(.text)
    __aeabi_dmul                             0x080008d7   Thumb Code   228  dmul.o(.text)
    __aeabi_ddiv                             0x080009bb   Thumb Code   222  ddiv.o(.text)
    __aeabi_d2ulz                            0x08000a99   Thumb Code    48  dfixul.o(.text)
    __aeabi_cdrcmple                         0x08000ac9   Thumb Code    48  cdrcmple.o(.text)
    __scatterload                            0x08000af9   Thumb Code    28  init.o(.text)
    __scatterload_rt2                        0x08000af9   Thumb Code     0  init.o(.text)
    __aeabi_llsl                             0x08000b1d   Thumb Code    30  llshl.o(.text)
    _ll_shift_l                              0x08000b1d   Thumb Code     0  llshl.o(.text)
    __aeabi_llsr                             0x08000b3b   Thumb Code    32  llushr.o(.text)
    _ll_ushift_r                             0x08000b3b   Thumb Code     0  llushr.o(.text)
    __aeabi_lasr                             0x08000b5b   Thumb Code    36  llsshr.o(.text)
    _ll_sshift_r                             0x08000b5b   Thumb Code     0  llsshr.o(.text)
    isspace                                  0x08000b7f   Thumb Code    10  isspace_c.o(.text)
    __vfscanf                                0x08000b89   Thumb Code   808  _scanf.o(.text)
    _double_round                            0x08000eb5   Thumb Code    30  depilogue.o(.text)
    _double_epilogue                         0x08000ed3   Thumb Code   156  depilogue.o(.text)
    __ctype_lookup                           0x08000f71   Thumb Code    34  ctype_c.o(.text)
    BLE_PRINTF                               0x08000f99   Thumb Code    40  dsp_usart.o(i.BLE_PRINTF)
    Boot_Partition                           0x08000fc1   Thumb Code    86  main.o(i.Boot_Partition)
    Check_APP_Valid                          0x08001019   Thumb Code    70  main.o(i.Check_APP_Valid)
    Delay_Init                               0x0800106d   Thumb Code    30  delay.o(i.Delay_Init)
    ESP8266_Recv_ACK                         0x08001095   Thumb Code    98  dsp_usart.o(i.ESP8266_Recv_ACK)
    ESP8266_Send_AT                          0x08001141   Thumb Code    46  dsp_usart.o(i.ESP8266_Send_AT)
    FLASH_EraseSector                        0x08001175   Thumb Code   130  stm32f4xx_flash.o(i.FLASH_EraseSector)
    FLASH_GetStatus                          0x080011fd   Thumb Code    80  stm32f4xx_flash.o(i.FLASH_GetStatus)
    FLASH_Lock                               0x08001251   Thumb Code    14  stm32f4xx_flash.o(i.FLASH_Lock)
    FLASH_ProgramByte                        0x08001265   Thumb Code    70  stm32f4xx_flash.o(i.FLASH_ProgramByte)
    FLASH_ProgramHalfWord                    0x080012b1   Thumb Code    74  stm32f4xx_flash.o(i.FLASH_ProgramHalfWord)
    FLASH_Unlock                             0x08001301   Thumb Code    24  stm32f4xx_flash.o(i.FLASH_Unlock)
    FLASH_WaitForLastOperation               0x08001325   Thumb Code    34  stm32f4xx_flash.o(i.FLASH_WaitForLastOperation)
    Func_LED_Init                            0x08001349   Thumb Code    90  func_led.o(i.Func_LED_Init)
    GPIO_Init                                0x080013ad   Thumb Code   144  stm32f4xx_gpio.o(i.GPIO_Init)
    GPIO_PinAFConfig                         0x0800143d   Thumb Code    70  stm32f4xx_gpio.o(i.GPIO_PinAFConfig)
    GPIO_ResetBits                           0x08001483   Thumb Code     4  stm32f4xx_gpio.o(i.GPIO_ResetBits)
    GPIO_SetBits                             0x08001487   Thumb Code     4  stm32f4xx_gpio.o(i.GPIO_SetBits)
    Jump_To_Application                      0x0800148d   Thumb Code    66  main.o(i.Jump_To_Application)
    LOG_USART2_SEND                          0x080014dd   Thumb Code    48  dsp_usart.o(i.LOG_USART2_SEND)
    NVIC_Init                                0x08001511   Thumb Code   106  misc.o(i.NVIC_Init)
    OTA_FlashAndJump                         0x08001589   Thumb Code  1832  dsp_usart.o(i.OTA_FlashAndJump)
    OTA_HTTP_Test                            0x08001e15   Thumb Code  1512  dsp_usart.o(i.OTA_HTTP_Test)
    PA2_3_USART2_Init                        0x080024e1   Thumb Code   162  dsp_usart.o(i.PA2_3_USART2_Init)
    PA9_10_USART1_Init                       0x0800258d   Thumb Code   164  dsp_usart.o(i.PA9_10_USART1_Init)
    PB10_11_ESP8266_Init                     0x08002639   Thumb Code   164  dsp_usart.o(i.PB10_11_ESP8266_Init)
    PWR_BackupAccessCmd                      0x080026e5   Thumb Code     6  stm32f4xx_pwr.o(i.PWR_BackupAccessCmd)
    RCC_AHB1PeriphClockCmd                   0x080026f1   Thumb Code    26  stm32f4xx_rcc.o(i.RCC_AHB1PeriphClockCmd)
    RCC_APB1PeriphClockCmd                   0x08002711   Thumb Code    26  stm32f4xx_rcc.o(i.RCC_APB1PeriphClockCmd)
    RCC_APB2PeriphClockCmd                   0x08002731   Thumb Code    26  stm32f4xx_rcc.o(i.RCC_APB2PeriphClockCmd)
    RCC_GetClocksFreq                        0x08002751   Thumb Code   214  stm32f4xx_rcc.o(i.RCC_GetClocksFreq)
    Record_LastBoot                          0x08002839   Thumb Code    30  main.o(i.Record_LastBoot)
    Spi_Mode0_SendRecvByte                   0x08002951   Thumb Code    88  spi.o(i.Spi_Mode0_SendRecvByte)
    SystemInit                               0x080029b1   Thumb Code    88  system_stm32f4xx.o(i.SystemInit)
    USART1_IRQHandler                        0x08002a19   Thumb Code   120  dsp_usart.o(i.USART1_IRQHandler)
    USART2_IRQHandler                        0x08002aa9   Thumb Code   168  dsp_usart.o(i.USART2_IRQHandler)
    USART3_IRQHandler                        0x08002b69   Thumb Code   846  dsp_usart.o(i.USART3_IRQHandler)
    USART_ClearITPendingBit                  0x08002f49   Thumb Code    30  stm32f4xx_usart.o(i.USART_ClearITPendingBit)
    USART_Cmd                                0x08002f67   Thumb Code    24  stm32f4xx_usart.o(i.USART_Cmd)
    USART_GetFlagStatus                      0x08002f7f   Thumb Code    26  stm32f4xx_usart.o(i.USART_GetFlagStatus)
    USART_GetITStatus                        0x08002f99   Thumb Code    84  stm32f4xx_usart.o(i.USART_GetITStatus)
    USART_ITConfig                           0x08002fed   Thumb Code    74  stm32f4xx_usart.o(i.USART_ITConfig)
    USART_Init                               0x08003039   Thumb Code   204  stm32f4xx_usart.o(i.USART_Init)
    USART_ReceiveData                        0x0800310d   Thumb Code    10  stm32f4xx_usart.o(i.USART_ReceiveData)
    USART_SendData                           0x08003117   Thumb Code     8  stm32f4xx_usart.o(i.USART_SendData)
    __0sprintf                               0x08003aa5   Thumb Code    34  printfa.o(i.__0sprintf)
    __1sprintf                               0x08003aa5   Thumb Code     0  printfa.o(i.__0sprintf)
    __2sprintf                               0x08003aa5   Thumb Code     0  printfa.o(i.__0sprintf)
    __c89sprintf                             0x08003aa5   Thumb Code     0  printfa.o(i.__0sprintf)
    sprintf                                  0x08003aa5   Thumb Code     0  printfa.o(i.__0sprintf)
    __0vsnprintf                             0x08003acd   Thumb Code    32  printfa.o(i.__0vsnprintf)
    __1vsnprintf                             0x08003acd   Thumb Code     0  printfa.o(i.__0vsnprintf)
    __2vsnprintf                             0x08003acd   Thumb Code     0  printfa.o(i.__0vsnprintf)
    __c89vsnprintf                           0x08003acd   Thumb Code     0  printfa.o(i.__0vsnprintf)
    vsnprintf                                0x08003acd   Thumb Code     0  printfa.o(i.__0vsnprintf)
    __scatterload_copy                       0x08003af1   Thumb Code    14  handlers.o(i.__scatterload_copy)
    __scatterload_null                       0x08003aff   Thumb Code     2  handlers.o(i.__scatterload_null)
    __scatterload_zeroinit                   0x08003b01   Thumb Code    14  handlers.o(i.__scatterload_zeroinit)
    codeDownload                             0x080043c5   Thumb Code  5340  dsp_usart.o(i.codeDownload)
    delay_ms                                 0x08005bed   Thumb Code    24  delay.o(i.delay_ms)
    delay_s                                  0x08005c05   Thumb Code    24  delay.o(i.delay_s)
    delay_us                                 0x08005c1d   Thumb Code    34  delay.o(i.delay_us)
    main                                     0x08005c4d   Thumb Code   382  main.o(i.main)
    w25q128_WritePageData                    0x08005e79   Thumb Code   136  w25q128.o(i.w25q128_WritePageData)
    w25q128_blockErase64K                    0x08005f05   Thumb Code   104  w25q128.o(i.w25q128_blockErase64K)
    w25q128_init                             0x08005f75   Thumb Code    74  w25q128.o(i.w25q128_init)
    w25q128_readID                           0x08005fc9   Thumb Code    70  w25q128.o(i.w25q128_readID)
    w25q128_readdata                         0x08006019   Thumb Code    80  w25q128.o(i.w25q128_readdata)
    w25q128_readstatus                       0x0800606d   Thumb Code    38  w25q128.o(i.w25q128_readstatus)
    w25q128_writeDisable                     0x0800609d   Thumb Code    24  w25q128.o(i.w25q128_writeDisable)
    w25q128_writeEnable                      0x080060bd   Thumb Code    24  w25q128.o(i.w25q128_writeEnable)
    __ctype_categories                       0x080060dc   Data          64  ctype_c.o(.constdata)
    Region$$Table$$Base                      0x0800688c   Number         0  anon$$obj.o(Region$$Table)
    Region$$Table$$Limit                     0x080068ac   Number         0  anon$$obj.o(Region$$Table)
    _bleflg                                  0x20000000   Data           1  dsp_usart.o(.data)
    g_ota_download_flag                      0x20000001   Data           1  dsp_usart.o(.data)
    g_ota_rx_buf                             0x20000004   Data           4  dsp_usart.o(.data)
    g_ota_rx_cnt                             0x20000008   Data           2  dsp_usart.o(.data)
    g_ota_bufA_full                          0x2000000a   Data           1  dsp_usart.o(.data)
    g_ota_bufB_full                          0x2000000b   Data           1  dsp_usart.o(.data)
    g_ota_bufC_full                          0x2000000c   Data           1  dsp_usart.o(.data)
    g_ota_w25q_addrP                         0x20000010   Data           4  dsp_usart.o(.data)
    g_ota_total_recv                         0x20000014   Data           4  dsp_usart.o(.data)
    g_ota_overflow_cnt                       0x20000018   Data           4  dsp_usart.o(.data)
    g_bin_total_len                          0x20000050   Data           4  dsp_usart.o(.data)
    g_bin_recv_len                           0x20000054   Data           4  dsp_usart.o(.data)
    _logflg                                  0x2000005e   Data           1  dsp_usart.o(.data)
    data                                     0x20000060   Data           2  dsp_usart.o(.data)
    ble_rx_count                             0x20000062   Data           1  dsp_usart.o(.data)
    u3_count                                 0x20000063   Data           1  dsp_usart.o(.data)
    wifi_flag                                0x20000064   Data           1  dsp_usart.o(.data)
    SystemCoreClock                          0x20000078   Data           4  system_stm32f4xx.o(.data)
    AHBPrescTable                            0x2000007c   Data          16  system_stm32f4xx.o(.data)
    g_ota_bufA                               0x2000008c   Data        4096  dsp_usart.o(.bss)
    g_ota_bufB                               0x2000108c   Data        4096  dsp_usart.o(.bss)
    g_ota_bufC                               0x2000208c   Data        4096  dsp_usart.o(.bss)
    cmd                                      0x2000358c   Data          50  dsp_usart.o(.bss)
    cmd_tmp                                  0x200035be   Data          50  dsp_usart.o(.bss)
    BLE_String_tmp                           0x200035f0   Data          64  dsp_usart.o(.bss)
    BLE_String                               0x20003630   Data          64  dsp_usart.o(.bss)
    recv_buff                                0x20003670   Data        2048  dsp_usart.o(.bss)
    WIFI_String                              0x20003e70   Data         256  dsp_usart.o(.bss)
    __initial_sp                             0x20005070   Data           0  startup_stm32f40_41xxx.o(STACK)



==============================================================================

Memory Map of the image

  Image Entry point : 0x08000189

  Load Region LR_IROM1 (Base: 0x08000000, Size: 0x00006938, Max: 0x00040000, ABSOLUTE)

    Execution Region ER_IROM1 (Base: 0x08000000, Size: 0x000068ac, Max: 0x00040000, ABSOLUTE)

    Base Addr    Size         Type   Attr      Idx    E Section Name        Object

    0x08000000   0x00000188   Data   RO         1603    RESET               startup_stm32f40_41xxx.o
    0x08000188   0x00000000   Code   RO         1649  * .ARM.Collect$$$$00000000  mc_w.l(entry.o)
    0x08000188   0x00000004   Code   RO         1943    .ARM.Collect$$$$00000001  mc_w.l(entry2.o)
    0x0800018c   0x00000004   Code   RO         1946    .ARM.Collect$$$$00000004  mc_w.l(entry5.o)
    0x08000190   0x00000000   Code   RO         1948    .ARM.Collect$$$$00000008  mc_w.l(entry7b.o)
    0x08000190   0x00000000   Code   RO         1950    .ARM.Collect$$$$0000000A  mc_w.l(entry8b.o)
    0x08000190   0x00000008   Code   RO         1951    .ARM.Collect$$$$0000000B  mc_w.l(entry9a.o)
    0x08000198   0x00000000   Code   RO         1953    .ARM.Collect$$$$0000000D  mc_w.l(entry10a.o)
    0x08000198   0x00000000   Code   RO         1955    .ARM.Collect$$$$0000000F  mc_w.l(entry11a.o)
    0x08000198   0x00000004   Code   RO         1944    .ARM.Collect$$$$00002712  mc_w.l(entry2.o)
    0x0800019c   0x00000024   Code   RO         1604    .text               startup_stm32f40_41xxx.o
    0x080001c0   0x00000040   Code   RO         1654    .text               mc_w.l(memmovea.o)
    0x08000200   0x00000024   Code   RO         1656    .text               mc_w.l(memseta.o)
    0x08000224   0x00000024   Code   RO         1658    .text               mc_w.l(strstr.o)
    0x08000248   0x00000018   Code   RO         1660    .text               mc_w.l(strncpy.o)
    0x08000260   0x00000014   Code   RO         1662    .text               mc_w.l(strchr.o)
    0x08000274   0x0000000e   Code   RO         1664    .text               mc_w.l(strlen.o)
    0x08000282   0x0000001a   Code   RO         1666    .text               mc_w.l(memcmp.o)
    0x0800029c   0x0000001e   Code   RO         1668    .text               mc_w.l(strncmp.o)
    0x080002ba   0x00000002   PAD
    0x080002bc   0x00000038   Code   RO         1935    .text               mc_w.l(__0sscanf.o)
    0x080002f4   0x00000156   Code   RO         1937    .text               mc_w.l(_scanf_longlong.o)
    0x0800044a   0x0000014c   Code   RO         1939    .text               mc_w.l(_scanf_int.o)
    0x08000596   0x000000e0   Code   RO         1941    .text               mc_w.l(_scanf_str.o)
    0x08000676   0x0000002c   Code   RO         1960    .text               mc_w.l(uidiv.o)
    0x080006a2   0x00000062   Code   RO         1962    .text               mc_w.l(uldiv.o)
    0x08000704   0x0000001c   Code   RO         1964    .text               mc_w.l(_chval.o)
    0x08000720   0x00000028   Code   RO         1966    .text               mc_w.l(scanf_char.o)
    0x08000748   0x00000040   Code   RO         1968    .text               mc_w.l(_sgetc.o)
    0x08000788   0x00000000   Code   RO         1970    .text               mc_w.l(iusefp.o)
    0x08000788   0x0000014e   Code   RO         1971    .text               mf_w.l(dadd.o)
    0x080008d6   0x000000e4   Code   RO         1973    .text               mf_w.l(dmul.o)
    0x080009ba   0x000000de   Code   RO         1975    .text               mf_w.l(ddiv.o)
    0x08000a98   0x00000030   Code   RO         1977    .text               mf_w.l(dfixul.o)
    0x08000ac8   0x00000030   Code   RO         1979    .text               mf_w.l(cdrcmple.o)
    0x08000af8   0x00000024   Code   RO         1981    .text               mc_w.l(init.o)
    0x08000b1c   0x0000001e   Code   RO         1984    .text               mc_w.l(llshl.o)
    0x08000b3a   0x00000020   Code   RO         1986    .text               mc_w.l(llushr.o)
    0x08000b5a   0x00000024   Code   RO         1988    .text               mc_w.l(llsshr.o)
    0x08000b7e   0x0000000a   Code   RO         1990    .text               mc_w.l(isspace_c.o)
    0x08000b88   0x0000032c   Code   RO         1992    .text               mc_w.l(_scanf.o)
    0x08000eb4   0x000000ba   Code   RO         1995    .text               mf_w.l(depilogue.o)
    0x08000f6e   0x00000002   PAD
    0x08000f70   0x00000028   Code   RO         1997    .text               mc_w.l(ctype_c.o)
    0x08000f98   0x00000028   Code   RO          153    i.BLE_PRINTF        dsp_usart.o
    0x08000fc0   0x00000056   Code   RO          468    i.Boot_Partition    main.o
    0x08001016   0x00000002   PAD
    0x08001018   0x00000054   Code   RO          472    i.Check_APP_Valid   main.o
    0x0800106c   0x00000028   Code   RO            4    i.Delay_Init        delay.o
    0x08001094   0x000000ac   Code   RO          156    i.ESP8266_Recv_ACK  dsp_usart.o
    0x08001140   0x00000034   Code   RO          157    i.ESP8266_Send_AT   dsp_usart.o
    0x08001174   0x00000088   Code   RO          612    i.FLASH_EraseSector  stm32f4xx_flash.o
    0x080011fc   0x00000054   Code   RO          614    i.FLASH_GetStatus   stm32f4xx_flash.o
    0x08001250   0x00000014   Code   RO          618    i.FLASH_Lock        stm32f4xx_flash.o
    0x08001264   0x0000004c   Code   RO          639    i.FLASH_ProgramByte  stm32f4xx_flash.o
    0x080012b0   0x00000050   Code   RO          641    i.FLASH_ProgramHalfWord  stm32f4xx_flash.o
    0x08001300   0x00000024   Code   RO          644    i.FLASH_Unlock      stm32f4xx_flash.o
    0x08001324   0x00000022   Code   RO          645    i.FLASH_WaitForLastOperation  stm32f4xx_flash.o
    0x08001346   0x00000002   PAD
    0x08001348   0x00000064   Code   RO          126    i.Func_LED_Init     func_led.o
    0x080013ac   0x00000090   Code   RO          865    i.GPIO_Init         stm32f4xx_gpio.o
    0x0800143c   0x00000046   Code   RO          866    i.GPIO_PinAFConfig  stm32f4xx_gpio.o
    0x08001482   0x00000004   Code   RO          872    i.GPIO_ResetBits    stm32f4xx_gpio.o
    0x08001486   0x00000004   Code   RO          873    i.GPIO_SetBits      stm32f4xx_gpio.o
    0x0800148a   0x00000002   PAD
    0x0800148c   0x00000050   Code   RO          473    i.Jump_To_Application  main.o
    0x080014dc   0x00000034   Code   RO          158    i.LOG_USART2_SEND   dsp_usart.o
    0x08001510   0x00000078   Code   RO          558    i.NVIC_Init         misc.o
    0x08001588   0x0000088c   Code   RO          159    i.OTA_FlashAndJump  dsp_usart.o
    0x08001e14   0x000006cc   Code   RO          160    i.OTA_HTTP_Test     dsp_usart.o
    0x080024e0   0x000000ac   Code   RO          162    i.PA2_3_USART2_Init  dsp_usart.o
    0x0800258c   0x000000ac   Code   RO          163    i.PA9_10_USART1_Init  dsp_usart.o
    0x08002638   0x000000ac   Code   RO          164    i.PB10_11_ESP8266_Init  dsp_usart.o
    0x080026e4   0x0000000c   Code   RO          966    i.PWR_BackupAccessCmd  stm32f4xx_pwr.o
    0x080026f0   0x00000020   Code   RO         1080    i.RCC_AHB1PeriphClockCmd  stm32f4xx_rcc.o
    0x08002710   0x00000020   Code   RO         1089    i.RCC_APB1PeriphClockCmd  stm32f4xx_rcc.o
    0x08002730   0x00000020   Code   RO         1092    i.RCC_APB2PeriphClockCmd  stm32f4xx_rcc.o
    0x08002750   0x000000e8   Code   RO         1101    i.RCC_GetClocksFreq  stm32f4xx_rcc.o
    0x08002838   0x0000002c   Code   RO          474    i.Record_LastBoot   main.o
    0x08002864   0x000000ec   Code   RO         1611    i.SetSysClock       system_stm32f4xx.o
    0x08002950   0x00000060   Code   RO          438    i.Spi_Mode0_SendRecvByte  spi.o
    0x080029b0   0x00000068   Code   RO         1613    i.SystemInit        system_stm32f4xx.o
    0x08002a18   0x00000090   Code   RO          166    i.USART1_IRQHandler  dsp_usart.o
    0x08002aa8   0x000000c0   Code   RO          167    i.USART2_IRQHandler  dsp_usart.o
    0x08002b68   0x000003e0   Code   RO          168    i.USART3_IRQHandler  dsp_usart.o
    0x08002f48   0x0000001e   Code   RO         1413    i.USART_ClearITPendingBit  stm32f4xx_usart.o
    0x08002f66   0x00000018   Code   RO         1416    i.USART_Cmd         stm32f4xx_usart.o
    0x08002f7e   0x0000001a   Code   RO         1419    i.USART_GetFlagStatus  stm32f4xx_usart.o
    0x08002f98   0x00000054   Code   RO         1420    i.USART_GetITStatus  stm32f4xx_usart.o
    0x08002fec   0x0000004a   Code   RO         1422    i.USART_ITConfig    stm32f4xx_usart.o
    0x08003036   0x00000002   PAD
    0x08003038   0x000000d4   Code   RO         1423    i.USART_Init        stm32f4xx_usart.o
    0x0800310c   0x0000000a   Code   RO         1430    i.USART_ReceiveData  stm32f4xx_usart.o
    0x08003116   0x00000008   Code   RO         1433    i.USART_SendData    stm32f4xx_usart.o
    0x0800311e   0x00000002   PAD
    0x08003120   0x00000434   Code   RO          171    i._OTA_HTTP_Get     dsp_usart.o
    0x08003554   0x000002a8   Code   RO          173    i._OTA_InitESP8266  dsp_usart.o
    0x080037fc   0x000002a8   Code   RO          176    i._OTA_ParseJsonMetadata  dsp_usart.o
    0x08003aa4   0x00000028   Code   RO         1909    i.__0sprintf        mc_w.l(printfa.o)
    0x08003acc   0x00000024   Code   RO         1912    i.__0vsnprintf      mc_w.l(printfa.o)
    0x08003af0   0x0000000e   Code   RO         2002    i.__scatterload_copy  mc_w.l(handlers.o)
    0x08003afe   0x00000002   Code   RO         2003    i.__scatterload_null  mc_w.l(handlers.o)
    0x08003b00   0x0000000e   Code   RO         2004    i.__scatterload_zeroinit  mc_w.l(handlers.o)
    0x08003b0e   0x00000002   PAD
    0x08003b10   0x00000164   Code   RO         1914    i._fp_digits        mc_w.l(printfa.o)
    0x08003c74   0x000006dc   Code   RO         1915    i._printf_core      mc_w.l(printfa.o)
    0x08004350   0x00000024   Code   RO         1916    i._printf_post_padding  mc_w.l(printfa.o)
    0x08004374   0x0000002e   Code   RO         1917    i._printf_pre_padding  mc_w.l(printfa.o)
    0x080043a2   0x00000016   Code   RO         1918    i._snputc           mc_w.l(printfa.o)
    0x080043b8   0x0000000a   Code   RO         1919    i._sputc            mc_w.l(printfa.o)
    0x080043c2   0x00000002   PAD
    0x080043c4   0x00001828   Code   RO          179    i.codeDownload      dsp_usart.o
    0x08005bec   0x00000018   Code   RO            5    i.delay_ms          delay.o
    0x08005c04   0x00000018   Code   RO            6    i.delay_s           delay.o
    0x08005c1c   0x00000030   Code   RO            7    i.delay_us          delay.o
    0x08005c4c   0x0000022c   Code   RO          475    i.main              main.o
    0x08005e78   0x0000008c   Code   RO          349    i.w25q128_WritePageData  w25q128.o
    0x08005f04   0x00000070   Code   RO          351    i.w25q128_blockErase64K  w25q128.o
    0x08005f74   0x00000054   Code   RO          352    i.w25q128_init      w25q128.o
    0x08005fc8   0x00000050   Code   RO          353    i.w25q128_readID    w25q128.o
    0x08006018   0x00000054   Code   RO          354    i.w25q128_readdata  w25q128.o
    0x0800606c   0x00000030   Code   RO          355    i.w25q128_readstatus  w25q128.o
    0x0800609c   0x00000020   Code   RO          357    i.w25q128_writeDisable  w25q128.o
    0x080060bc   0x00000020   Code   RO          358    i.w25q128_writeEnable  w25q128.o
    0x080060dc   0x00000040   Data   RO         1998    .constdata          mc_w.l(ctype_c.o)
    0x0800611c   0x000006ce   Data   RO          182    .conststring        dsp_usart.o
    0x080067ea   0x00000002   PAD
    0x080067ec   0x0000009e   Data   RO          477    .conststring        main.o
    0x0800688a   0x00000002   PAD
    0x0800688c   0x00000020   Data   RO         2000    Region$$Table       anon$$obj.o


    Execution Region RW_IRAM2 (Base: 0x10000000, Size: 0x00000000, Max: 0x00010000, ABSOLUTE)

    **** No section assigned to this execution region ****


    Execution Region RW_IRAM1 (Base: 0x20000000, Size: 0x00005070, Max: 0x00020000, ABSOLUTE)

    Base Addr    Size         Type   Attr      Idx    E Section Name        Object

    0x20000000   0x00000068   Data   RW          183    .data               dsp_usart.o
    0x20000068   0x00000010   Data   RW         1132    .data               stm32f4xx_rcc.o
    0x20000078   0x00000014   Data   RW         1614    .data               system_stm32f4xx.o
    0x2000008c   0x00004be4   Zero   RW          180    .bss                dsp_usart.o
    0x20004c70   0x00000400   Zero   RW         1601    STACK               startup_stm32f40_41xxx.o


==============================================================================

Image component sizes


      Code (inc. data)   RO Data    RW Data    ZI Data      Debug   Object Name

       136         24          0          0          0     290677   delay.o
     14708       6800       1742        104      19428      24424   dsp_usart.o
       100         10          0          0          0        576   func_led.o
       850        216        158          0          0       6451   main.o
       120         14          0          0          0       1220   misc.o
        96          8          0          0          0        673   spi.o
        36          8        392          0       1024        896   startup_stm32f40_41xxx.o
       466         40          0          0          0       5183   stm32f4xx_flash.o
       222          0          0          0          0       3295   stm32f4xx_gpio.o
        12          6          0          0          0        606   stm32f4xx_pwr.o
       328         36          0         16          0       5055   stm32f4xx_rcc.o
       468          8          0          0          0       6795   stm32f4xx_usart.o
       340         32          0         20          0       2097   system_stm32f4xx.o
       612         62          0          0          0       5261   w25q128.o

    ----------------------------------------------------------------------
     18504       7264       2328        140      20452     353209   Object Totals
         0          0         32          0          0          0   (incl. Generated)
        10          0          4          0          0          0   (incl. Padding)

    ----------------------------------------------------------------------

      Code (inc. data)   RO Data    RW Data    ZI Data      Debug   Library Member Name

        56          8          0          0          0         84   __0sscanf.o
        28          0          0          0          0         68   _chval.o
       812          4          0          0          0        112   _scanf.o
       332          0          0          0          0         96   _scanf_int.o
       342          0          0          0          0        100   _scanf_longlong.o
       224          0          0          0          0         96   _scanf_str.o
        64          0          0          0          0         84   _sgetc.o
        40          6         64          0          0         68   ctype_c.o
         0          0          0          0          0          0   entry.o
         0          0          0          0          0          0   entry10a.o
         0          0          0          0          0          0   entry11a.o
         8          4          0          0          0          0   entry2.o
         4          0          0          0          0          0   entry5.o
         0          0          0          0          0          0   entry7b.o
         0          0          0          0          0          0   entry8b.o
         8          4          0          0          0          0   entry9a.o
        30          0          0          0          0          0   handlers.o
        36          8          0          0          0         68   init.o
        10          0          0          0          0         68   isspace_c.o
         0          0          0          0          0          0   iusefp.o
        30          0          0          0          0         68   llshl.o
        36          0          0          0          0         68   llsshr.o
        32          0          0          0          0         68   llushr.o
        26          0          0          0          0         80   memcmp.o
        64          0          0          0          0         76   memmovea.o
        36          0          0          0          0        108   memseta.o
      2302         90          0          0          0        660   printfa.o
        40          8          0          0          0         84   scanf_char.o
        20          0          0          0          0         68   strchr.o
        14          0          0          0          0         68   strlen.o
        30          0          0          0          0         80   strncmp.o
        24          0          0          0          0         76   strncpy.o
        36          0          0          0          0         80   strstr.o
        44          0          0          0          0         80   uidiv.o
        98          0          0          0          0         92   uldiv.o
        48          0          0          0          0         68   cdrcmple.o
       334          0          0          0          0        148   dadd.o
       222          0          0          0          0        100   ddiv.o
       186          0          0          0          0        176   depilogue.o
        48          0          0          0          0         68   dfixul.o
       228          0          0          0          0         96   dmul.o

    ----------------------------------------------------------------------
      5900        132         64          0          0       3256   Library Totals
         8          0          0          0          0          0   (incl. Padding)

    ----------------------------------------------------------------------

      Code (inc. data)   RO Data    RW Data    ZI Data      Debug   Library Name

      4826        132         64          0          0       2600   mc_w.l
      1066          0          0          0          0        656   mf_w.l

    ----------------------------------------------------------------------
      5900        132         64          0          0       3256   Library Totals

    ----------------------------------------------------------------------

==============================================================================


      Code (inc. data)   RO Data    RW Data    ZI Data      Debug   

     24404       7396       2392        140      20452     349149   Grand Totals
     24404       7396       2392        140      20452     349149   ELF Image Totals
     24404       7396       2392        140          0          0   ROM Totals

==============================================================================

    Total RO  Size (Code + RO Data)                26796 (  26.17kB)
    Total RW  Size (RW Data + ZI Data)             20592 (  20.11kB)
    Total ROM Size (Code + RO Data + RW Data)      26936 (  26.30kB)

==============================================================================

